[2026-02-28 15:36:19] Slowdown-profile using per-step throughput targets (4=48000,3=42000,2=36000,1=30000); skipping baseline find/validate
[2026-02-28 15:36:19] Slowdown-profile mode=cpu, latency_target=25ms, baseline_target=skipped, fixed_target=per-step, factor=0.8, trials=5, duration=60s, steps=4 3 2 1
[2026-02-28 15:36:19] Starting slowdown-profile step 4c: target throughput 48000 ops/s, trials=5, duration=60s
[2026-02-28 15:36:19] Restoring snapshot 'baseline' before step 4c
[2026-02-28 15:38:11] Running mode=single, slowdown_type=cpu, step=4, client_type=hybrid
[2026-02-28 15:38:13] Warming up cluster with 5 lightweight CQL probe(s) per node
[2026-02-28 15:38:23] Applying CPU limit on ccl1.cyber.lab (cassandra-node-1): 0-3
[2026-02-28 15:38:23] Applying CPU limit on ccl2.cyber.lab (cassandra-node-2): 0-3
[2026-02-28 15:38:24] Applying CPU limit on ccl3.cyber.lab (cassandra-node-3): 0-3
[2026-02-28 15:38:26] Eval 1: phase=single target=48000 trials=5 duration=60s
[2026-02-28 15:38:26] Benchmark run: phase=single step=4 target=48000 duration=60s trial=1 attempt=1
TRIAL_SERIES:single,48000,1,1,49979.0000,1479541.0462,1499298.0000
TRIAL_SERIES:single,48000,1,2,49993.0000,3678128.0473,3662092.0000
TRIAL_SERIES:single,48000,1,3,50019.0000,5384606.9104,5400491.0000
TRIAL_SERIES:single,48000,1,4,50008.0000,6682153.8049,6686262.5000
TRIAL_SERIES:single,48000,1,5,49999.0000,7734162.0006,7741420.0000
TRIAL_SERIES:single,48000,1,6,50002.0000,8605711.0286,8604442.5000
TRIAL_SERIES:single,48000,1,7,49999.0000,9395908.0372,9390785.0000
TRIAL_SERIES:single,48000,1,8,49997.0000,10150614.3212,10164834.0000
TRIAL_SERIES:single,48000,1,9,49996.0000,10803294.8147,10818195.5000
TRIAL_SERIES:single,48000,1,10,50008.0000,11369374.5284,11372516.5000
TRIAL_SERIES:single,48000,1,11,49999.0000,11886944.6230,11893954.0000
TRIAL_SERIES:single,48000,1,12,50000.0000,12346952.5952,12361158.0000
TRIAL_SERIES:single,48000,1,13,49997.0000,12757535.9200,12758139.0000
TRIAL_SERIES:single,48000,1,14,49999.0000,13142618.2125,13146573.0000
TRIAL_SERIES:single,48000,1,15,50003.0000,13454315.8381,13461533.0000
TRIAL_SERIES:single,48000,1,16,50002.0000,13652888.8519,13656740.5000
TRIAL_SERIES:single,48000,1,17,50000.0000,13813640.9259,13809459.0000
TRIAL_SERIES:single,48000,1,18,49999.0000,13992617.9375,13984011.0000
TRIAL_SERIES:single,48000,1,19,49997.0000,14143832.7345,14149074.0000
TRIAL_SERIES:single,48000,1,20,50002.0000,14294911.5101,14303447.5000
TRIAL_SERIES:single,48000,1,21,49995.0000,14425232.3198,14429449.0000
TRIAL_SERIES:single,48000,1,22,50000.0000,14629544.6450,14560635.0000
TRIAL_SERIES:single,48000,1,23,50007.0000,15100263.3807,15115456.0000
TRIAL_SERIES:single,48000,1,24,49998.0000,15177447.0602,15185080.0000
TRIAL_SERIES:single,48000,1,25,49990.0000,15234808.1802,15234948.5000
TRIAL_SERIES:single,48000,1,26,50012.0000,15235927.9937,15237308.0000
TRIAL_SERIES:single,48000,1,27,50000.0000,15210514.8454,15211073.5000
TRIAL_SERIES:single,48000,1,28,50000.0000,15163332.9272,15161716.5000
TRIAL_SERIES:single,48000,1,29,50000.0000,15127036.9839,15123711.5000
TRIAL_SERIES:single,48000,1,30,49992.0000,15272731.2134,15283280.5000
TRIAL_SERIES:single,48000,1,31,50008.0000,15291971.4617,15293863.0000
TRIAL_SERIES:single,48000,1,32,49997.0000,15257286.8157,15254423.0000
TRIAL_SERIES:single,48000,1,33,50003.0000,15190768.0980,15187899.0000
TRIAL_SERIES:single,48000,1,34,50000.0000,15103158.7766,15099343.0000
TRIAL_SERIES:single,48000,1,35,50000.0000,15021120.1480,15026008.0000
TRIAL_SERIES:single,48000,1,36,49999.0000,14923867.0561,14926847.0000
TRIAL_SERIES:single,48000,1,37,49959.0000,14823577.8695,14826370.0000
TRIAL_SERIES:single,48000,1,38,50041.0000,14710356.3074,14702053.0000
TRIAL_SERIES:single,48000,1,39,49998.0000,14633109.0554,14637644.5000
TRIAL_SERIES:single,48000,1,40,50001.0000,14513578.6699,14512284.0000
TRIAL_SERIES:single,48000,1,41,50001.0000,14428734.7513,14434280.0000
TRIAL_SERIES:single,48000,1,42,50001.0000,14343915.8382,14343208.0000
TRIAL_SERIES:single,48000,1,43,50000.0000,14237874.3705,14232853.0000
TRIAL_SERIES:single,48000,1,44,49998.0000,14164022.4755,14167062.5000
TRIAL_SERIES:single,48000,1,45,50001.0000,14072677.5563,14065459.0000
TRIAL_SERIES:single,48000,1,46,49998.0000,14010709.6094,14006257.5000
TRIAL_SERIES:single,48000,1,47,49995.0000,13973190.5229,13977341.0000
TRIAL_SERIES:single,48000,1,48,50008.0000,13904691.3124,13905713.0000
TRIAL_SERIES:single,48000,1,49,49999.0000,13854864.9926,13857587.0000
TRIAL_SERIES:single,48000,1,50,50001.0000,13911246.8644,13910419.0000
TRIAL_SERIES:single,48000,1,51,50000.0000,13836282.2178,13836827.0000
TRIAL_SERIES:single,48000,1,52,50000.0000,13802031.0022,13809701.0000
TRIAL_SERIES:single,48000,1,53,49999.0000,13719490.9749,13726965.0000
TRIAL_SERIES:single,48000,1,54,50001.0000,13751394.0080,13743934.0000
TRIAL_SERIES:single,48000,1,55,50000.0000,13641539.7161,13639229.5000
TRIAL_SERIES:single,48000,1,56,49999.0000,13527050.9387,13524918.0000
TRIAL_SERIES:single,48000,1,57,49999.0000,13425909.2992,13423340.0000
TRIAL_SERIES:single,48000,1,58,50000.0000,13340301.3062,13333595.5000
TRIAL_SERIES:single,48000,1,59,50002.0000,13399840.5422,13397277.5000
TRIAL_SERIES:single,48000,1,60,49998.0000,13325194.7615,13323844.0000
TRIAL_SERIES:single,48000,1,61,60.0000,13282836.9333,13282912.0000
TRIAL_SERIES:single,48000,1,62,0.0000,0.0000,0.0000
TRIAL_SERIES:single,48000,1,63,0.0000,0.0000,0.0000
TRIAL_SERIES:single,48000,1,64,0.0000,0.0000,0.0000
TRIAL_SERIES:single,48000,1,65,0.0000,0.0000,0.0000
TRIAL_SERIES:single,48000,1,66,0.0000,0.0000,0.0000
TRIAL_SERIES:single,48000,1,67,0.0000,0.0000,0.0000
TRIAL_SERIES:single,48000,1,68,0.0000,0.0000,0.0000
TRIAL_SERIES:single,48000,1,69,0.0000,0.0000,0.0000
TRIAL_SERIES:single,48000,1,70,0.0000,0.0000,0.0000
TRIAL_SERIES:single,48000,1,71,0.0000,0.0000,0.0000
TRIAL_SERIES:single,48000,1,72,0.0000,0.0000,0.0000
TRIAL_SERIES:single,48000,1,73,0.0000,0.0000,0.0000
TRIAL_SERIES:single,48000,1,74,0.0000,0.0000,0.0000
TRIAL_RESULT:single,48000,1,49181.2787,13939415.0000,13091482.8449,13939415.0000,15296501.0000
[2026-02-28 15:41:28] Benchmark run: phase=single step=4 target=48000 duration=60s trial=2 attempt=1
TRIAL_SERIES:single,48000,2,1,49998.0000,50940.9224,52122.0000
TRIAL_SERIES:single,48000,2,2,50002.0000,120326.7758,112313.0000
TRIAL_SERIES:single,48000,2,3,50000.0000,96839.6417,93030.5000
TRIAL_SERIES:single,48000,2,4,50000.0000,76981.9964,75977.0000
TRIAL_SERIES:single,48000,2,5,49976.0000,34859.1484,32906.0000
TRIAL_SERIES:single,48000,2,6,50024.0000,29069.5432,22809.0000
TRIAL_SERIES:single,48000,2,7,50000.0000,11809.1887,8072.5000
TRIAL_SERIES:single,48000,2,8,49999.0000,6503.7601,3549.0000
TRIAL_SERIES:single,48000,2,9,50000.0000,3559.9081,3058.0000
TRIAL_SERIES:single,48000,2,10,49997.0000,7425.3043,2895.0000
TRIAL_SERIES:single,48000,2,11,50004.0000,2965.1933,2373.0000
TRIAL_SERIES:single,48000,2,12,49999.0000,2905.6955,2582.0000
TRIAL_SERIES:single,48000,2,13,50000.0000,4115.6197,3103.0000
TRIAL_SERIES:single,48000,2,14,49998.0000,62519.9973,2927.0000
TRIAL_SERIES:single,48000,2,15,50003.0000,141068.1488,142520.0000
TRIAL_SERIES:single,48000,2,16,49999.0000,51378.1411,50452.0000
TRIAL_SERIES:single,48000,2,17,50001.0000,8470.7190,3564.0000
TRIAL_SERIES:single,48000,2,18,50000.0000,6337.1748,3069.0000
TRIAL_SERIES:single,48000,2,19,49996.0000,3468.4542,3095.0000
TRIAL_SERIES:single,48000,2,20,50004.0000,7259.0646,3898.0000
TRIAL_SERIES:single,48000,2,21,49998.0000,176310.4088,206612.5000
TRIAL_SERIES:single,48000,2,22,50001.0000,164833.5307,164704.0000
TRIAL_SERIES:single,48000,2,23,50000.0000,137635.9305,137629.5000
TRIAL_SERIES:single,48000,2,24,50000.0000,340648.9185,344371.0000
TRIAL_SERIES:single,48000,2,25,49995.0000,284487.8983,285703.0000
TRIAL_SERIES:single,48000,2,26,49994.0000,211041.5108,205920.0000
TRIAL_SERIES:single,48000,2,27,50009.0000,177683.8744,181368.0000
TRIAL_SERIES:single,48000,2,28,49978.0000,135656.4926,133895.5000
TRIAL_SERIES:single,48000,2,29,50024.0000,181549.2222,184745.0000
TRIAL_SERIES:single,48000,2,30,49999.0000,196190.8118,196865.0000
TRIAL_SERIES:single,48000,2,31,50002.0000,186698.6349,185168.0000
TRIAL_SERIES:single,48000,2,32,49998.0000,142955.9129,141419.5000
TRIAL_SERIES:single,48000,2,33,50001.0000,90996.8537,93198.0000
TRIAL_SERIES:single,48000,2,34,50000.0000,48373.0908,47691.0000
TRIAL_SERIES:single,48000,2,35,49999.0000,16634.0009,15946.0000
TRIAL_SERIES:single,48000,2,36,50001.0000,4765.1107,3862.0000
TRIAL_SERIES:single,48000,2,37,49994.0000,5164.7145,3940.0000
TRIAL_SERIES:single,48000,2,38,50003.0000,17992.9514,15225.0000
TRIAL_SERIES:single,48000,2,39,50003.0000,4459.3918,3600.0000
TRIAL_SERIES:single,48000,2,40,50000.0000,12984.6155,12443.0000
TRIAL_SERIES:single,48000,2,41,50000.0000,6946.5765,6420.0000
TRIAL_SERIES:single,48000,2,42,50001.0000,9673.8487,4463.0000
TRIAL_SERIES:single,48000,2,43,49999.0000,29216.2744,4615.0000
TRIAL_SERIES:single,48000,2,44,50001.0000,111275.9736,106137.0000
TRIAL_SERIES:single,48000,2,45,49999.0000,74359.2061,73546.0000
TRIAL_SERIES:single,48000,2,46,50000.0000,36200.5723,35044.0000
TRIAL_SERIES:single,48000,2,47,50001.0000,4820.2346,3793.0000
TRIAL_SERIES:single,48000,2,48,49995.0000,8882.7806,3631.0000
TRIAL_SERIES:single,48000,2,49,50005.0000,5071.9259,3761.0000
TRIAL_SERIES:single,48000,2,50,49997.0000,11027.8614,4110.0000
TRIAL_SERIES:single,48000,2,51,50003.0000,7944.9200,6493.0000
TRIAL_SERIES:single,48000,2,52,50000.0000,71135.6336,98032.5000
TRIAL_SERIES:single,48000,2,53,49999.0000,211866.7559,212585.0000
TRIAL_SERIES:single,48000,2,54,50001.0000,179788.7201,180985.0000
TRIAL_SERIES:single,48000,2,55,49999.0000,142075.7552,145555.0000
TRIAL_SERIES:single,48000,2,56,49991.0000,83447.1672,87006.0000
TRIAL_SERIES:single,48000,2,57,50009.0000,25822.3296,31641.0000
TRIAL_SERIES:single,48000,2,58,50000.0000,6420.6402,3112.5000
TRIAL_SERIES:single,48000,2,59,50000.0000,3589.4147,3289.0000
TRIAL_SERIES:single,48000,2,60,50001.0000,3978.3729,3202.0000
TRIAL_SERIES:single,48000,2,61,10.0000,1846.4000,1843.5000
TRIAL_RESULT:single,48000,2,49180.4918,25499.0000,71656.5405,25499.0000,342099.0000
[2026-02-28 15:44:16] Benchmark run: phase=single step=4 target=48000 duration=60s trial=3 attempt=1
TRIAL_SERIES:single,48000,3,1,49999.0000,7781.3676,4612.0000
TRIAL_SERIES:single,48000,3,2,50000.0000,3574.0471,2804.0000
TRIAL_SERIES:single,48000,3,3,50001.0000,2918.7343,2451.0000
TRIAL_SERIES:single,48000,3,4,49977.0000,6441.6651,2824.0000
TRIAL_SERIES:single,48000,3,5,50023.0000,23389.7998,16094.0000
TRIAL_SERIES:single,48000,3,6,49999.0000,3040.3775,2511.0000
TRIAL_SERIES:single,48000,3,7,50001.0000,10143.5657,3963.0000
TRIAL_SERIES:single,48000,3,8,50000.0000,7879.9998,3267.0000
TRIAL_SERIES:single,48000,3,9,49999.0000,59437.5846,8781.0000
TRIAL_SERIES:single,48000,3,10,49995.0000,95200.2488,92345.0000
TRIAL_SERIES:single,48000,3,11,50006.0000,43741.3152,44388.5000
TRIAL_SERIES:single,48000,3,12,50000.0000,3460.5168,3006.0000
TRIAL_SERIES:single,48000,3,13,49999.0000,4297.6073,3492.0000
TRIAL_SERIES:single,48000,3,14,50000.0000,3565.7490,2984.0000
TRIAL_SERIES:single,48000,3,15,49998.0000,4234.6758,3069.0000
TRIAL_SERIES:single,48000,3,16,50002.0000,4123.0794,3436.0000
TRIAL_SERIES:single,48000,3,17,50001.0000,4847.8928,3400.0000
TRIAL_SERIES:single,48000,3,18,49965.0000,157260.4883,147804.0000
TRIAL_SERIES:single,48000,3,19,50035.0000,274710.0605,271066.0000
TRIAL_SERIES:single,48000,3,20,50000.0000,256438.2823,230699.5000
TRIAL_SERIES:single,48000,3,21,49999.0000,275712.9156,273177.0000
TRIAL_SERIES:single,48000,3,22,49999.0000,214764.7554,211346.0000
TRIAL_SERIES:single,48000,3,23,50002.0000,144974.0046,143399.0000
TRIAL_SERIES:single,48000,3,24,50000.0000,92165.7492,87902.5000
TRIAL_SERIES:single,48000,3,25,49999.0000,25437.6237,19996.0000
TRIAL_SERIES:single,48000,3,26,50001.0000,3550.8063,2468.0000
TRIAL_SERIES:single,48000,3,27,50000.0000,4083.0418,2718.0000
TRIAL_SERIES:single,48000,3,28,50000.0000,4644.6195,2786.0000
TRIAL_SERIES:single,48000,3,29,50000.0000,2554.2092,2386.0000
TRIAL_SERIES:single,48000,3,30,50000.0000,3538.4068,2557.0000
TRIAL_SERIES:single,48000,3,31,49999.0000,2557.2552,2382.0000
TRIAL_SERIES:single,48000,3,32,50001.0000,2762.4594,2492.0000
TRIAL_SERIES:single,48000,3,33,50000.0000,2672.7094,2491.0000
TRIAL_SERIES:single,48000,3,34,50000.0000,6177.3270,2806.0000
TRIAL_SERIES:single,48000,3,35,50000.0000,3917.7566,3501.0000
TRIAL_SERIES:single,48000,3,36,49999.0000,3703.4577,3408.0000
TRIAL_SERIES:single,48000,3,37,50000.0000,10318.2390,7245.0000
TRIAL_SERIES:single,48000,3,38,50001.0000,10545.2813,6741.0000
TRIAL_SERIES:single,48000,3,39,50000.0000,43615.2921,8284.0000
TRIAL_SERIES:single,48000,3,40,49998.0000,86566.6985,86641.0000
TRIAL_SERIES:single,48000,3,41,49995.0000,49272.4625,47255.0000
TRIAL_SERIES:single,48000,3,42,49996.0000,8663.8851,5133.0000
TRIAL_SERIES:single,48000,3,43,50009.0000,13061.2288,7889.0000
TRIAL_SERIES:single,48000,3,44,50002.0000,4364.5962,2889.0000
TRIAL_SERIES:single,48000,3,45,49999.0000,5695.1558,5237.0000
TRIAL_SERIES:single,48000,3,46,50001.0000,4345.2281,3875.0000
TRIAL_SERIES:single,48000,3,47,49988.0000,16292.6991,7415.0000
TRIAL_SERIES:single,48000,3,48,50012.0000,132397.0612,109744.0000
TRIAL_SERIES:single,48000,3,49,49998.0000,222510.3567,226414.0000
TRIAL_SERIES:single,48000,3,50,50002.0000,193387.2705,190111.5000
TRIAL_SERIES:single,48000,3,51,49999.0000,153231.4161,151059.0000
TRIAL_SERIES:single,48000,3,52,50000.0000,131854.2627,134082.0000
TRIAL_SERIES:single,48000,3,53,49995.0000,94389.9224,96855.0000
TRIAL_SERIES:single,48000,3,54,50005.0000,77765.1925,77846.0000
TRIAL_SERIES:single,48000,3,55,49997.0000,63230.7145,62337.0000
TRIAL_SERIES:single,48000,3,56,50002.0000,28075.5926,34022.5000
TRIAL_SERIES:single,48000,3,57,50002.0000,5069.7075,3302.0000
TRIAL_SERIES:single,48000,3,58,50000.0000,7888.0061,3698.0000
TRIAL_SERIES:single,48000,3,59,50000.0000,2999.5057,2824.0000
TRIAL_SERIES:single,48000,3,60,49993.0000,4583.1813,3344.0000
TRIAL_SERIES:single,48000,3,61,0.0000,0.0000,0.0000
TRIAL_RESULT:single,48000,3,49999.8833,6087.0000,52332.1169,6087.0000,303511.0000
[2026-02-28 15:47:09] Benchmark run: phase=single step=4 target=48000 duration=60s trial=4 attempt=1
TRIAL_SERIES:single,48000,4,1,49998.0000,139992.9842,134561.5000
TRIAL_SERIES:single,48000,4,2,50001.0000,354323.9948,354513.0000
TRIAL_SERIES:single,48000,4,3,49998.0000,489648.4375,487366.5000
TRIAL_SERIES:single,48000,4,4,50002.0000,601840.0275,600077.5000
TRIAL_SERIES:single,48000,4,5,49957.0000,721356.7936,719591.0000
TRIAL_SERIES:single,48000,4,6,50040.0000,870209.5591,873764.0000
TRIAL_SERIES:single,48000,4,7,50004.0000,995228.2205,1001535.5000
TRIAL_SERIES:single,48000,4,8,50000.0000,1231794.3690,1223585.0000
TRIAL_SERIES:single,48000,4,9,49994.0000,1362047.1657,1360124.0000
TRIAL_SERIES:single,48000,4,10,50005.0000,1475540.7528,1465118.0000
TRIAL_SERIES:single,48000,4,11,50000.0000,1742365.8660,1740079.0000
TRIAL_SERIES:single,48000,4,12,50001.0000,1932066.1519,1887747.0000
TRIAL_SERIES:single,48000,4,13,49903.0000,2129340.8975,2126287.0000
TRIAL_SERIES:single,48000,4,14,50091.0000,2281593.6307,2269922.0000
TRIAL_SERIES:single,48000,4,15,50006.0000,2469380.1154,2472184.0000
TRIAL_SERIES:single,48000,4,16,50000.0000,2560737.0594,2555445.0000
TRIAL_SERIES:single,48000,4,17,49999.0000,2661376.5799,2663070.0000
TRIAL_SERIES:single,48000,4,18,49996.0000,2760215.5488,2762243.0000
TRIAL_SERIES:single,48000,4,19,49994.0000,2831998.9422,2832756.5000
TRIAL_SERIES:single,48000,4,20,50010.0000,2922127.6454,2916686.5000
TRIAL_SERIES:single,48000,4,21,50001.0000,3017258.2953,3019988.0000
TRIAL_SERIES:single,48000,4,22,50000.0000,3102697.5597,3104344.0000
TRIAL_SERIES:single,48000,4,23,49979.0000,3226559.2824,3230409.0000
TRIAL_SERIES:single,48000,4,24,50016.0000,3322655.4501,3328986.0000
TRIAL_SERIES:single,48000,4,25,50005.0000,3433442.2238,3435607.0000
TRIAL_SERIES:single,48000,4,26,50000.0000,3560407.5112,3560354.5000
TRIAL_SERIES:single,48000,4,27,50000.0000,3655285.5610,3650338.0000
TRIAL_SERIES:single,48000,4,28,50000.0000,3765357.4884,3768160.5000
TRIAL_SERIES:single,48000,4,29,49999.0000,3874197.6532,3872056.0000
TRIAL_SERIES:single,48000,4,30,49999.0000,3993766.1021,3978221.0000
TRIAL_SERIES:single,48000,4,31,50002.0000,4104643.4699,4108707.0000
TRIAL_SERIES:single,48000,4,32,49999.0000,4195198.9060,4198436.0000
TRIAL_SERIES:single,48000,4,33,50000.0000,4362153.0763,4281786.0000
TRIAL_SERIES:single,48000,4,34,50000.0000,4664908.7055,4719247.0000
TRIAL_SERIES:single,48000,4,35,49999.0000,4840285.7340,4843361.0000
TRIAL_SERIES:single,48000,4,36,50001.0000,4914203.0450,4906946.0000
TRIAL_SERIES:single,48000,4,37,50001.0000,5016093.9652,5018905.0000
TRIAL_SERIES:single,48000,4,38,50000.0000,5095471.8949,5100058.5000
TRIAL_SERIES:single,48000,4,39,49988.0000,5267715.4027,5288659.5000
TRIAL_SERIES:single,48000,4,40,50010.0000,5362987.0827,5372870.5000
TRIAL_SERIES:single,48000,4,41,50002.0000,5407249.2437,5405938.0000
TRIAL_SERIES:single,48000,4,42,49999.0000,5453348.4566,5459482.0000
TRIAL_SERIES:single,48000,4,43,49998.0000,5487094.3021,5482552.0000
TRIAL_SERIES:single,48000,4,44,49944.0000,5556025.8490,5559115.0000
TRIAL_SERIES:single,48000,4,45,50059.0000,5606125.1804,5603824.0000
TRIAL_SERIES:single,48000,4,46,50000.0000,5664014.3842,5662743.0000
TRIAL_SERIES:single,48000,4,47,49996.0000,5764737.3912,5814825.0000
TRIAL_SERIES:single,48000,4,48,49999.0000,5898839.5131,5894967.0000
TRIAL_SERIES:single,48000,4,49,50004.0000,5962005.3404,5959752.0000
TRIAL_SERIES:single,48000,4,50,50000.0000,6026533.7918,6027881.5000
TRIAL_SERIES:single,48000,4,51,49998.0000,6089774.7221,6085415.5000
TRIAL_SERIES:single,48000,4,52,50003.0000,6148490.5691,6148945.0000
TRIAL_SERIES:single,48000,4,53,50000.0000,6179555.9296,6179612.0000
TRIAL_SERIES:single,48000,4,54,49999.0000,6190042.9732,6189990.0000
TRIAL_SERIES:single,48000,4,55,49997.0000,6203420.8511,6203848.0000
TRIAL_SERIES:single,48000,4,56,50004.0000,6228483.2937,6236265.5000
TRIAL_SERIES:single,48000,4,57,49999.0000,6250320.6892,6249161.0000
TRIAL_SERIES:single,48000,4,58,49978.0000,6280863.1257,6280482.0000
TRIAL_SERIES:single,48000,4,59,50023.0000,6290635.2321,6285324.0000
TRIAL_SERIES:single,48000,4,60,50000.0000,6427822.9752,6466112.0000
TRIAL_SERIES:single,48000,4,61,1.0000,6469627.0000,6469627.0000
TRIAL_SERIES:single,48000,4,62,0.0000,0.0000,0.0000
TRIAL_SERIES:single,48000,4,63,0.0000,0.0000,0.0000
TRIAL_SERIES:single,48000,4,64,0.0000,0.0000,0.0000
TRIAL_SERIES:single,48000,4,65,0.0000,0.0000,0.0000
TRIAL_SERIES:single,48000,4,66,0.0000,0.0000,0.0000
TRIAL_SERIES:single,48000,4,67,0.0000,0.0000,0.0000
TRIAL_RESULT:single,48000,4,49180.3443,4052623.0000,3907077.2729,4052623.0000,6465072.0000
[2026-02-28 15:50:04] Benchmark run: phase=single step=4 target=48000 duration=60s trial=5 attempt=1
TRIAL_SERIES:single,48000,5,1,50000.0000,135723.7833,166038.0000
TRIAL_SERIES:single,48000,5,2,49991.0000,166752.2417,169910.0000
TRIAL_SERIES:single,48000,5,3,50009.0000,104392.4681,103089.0000
TRIAL_SERIES:single,48000,5,4,50000.0000,46808.3969,47496.5000
TRIAL_SERIES:single,48000,5,5,49995.0000,11549.9852,4683.0000
TRIAL_SERIES:single,48000,5,6,50005.0000,4988.7788,4285.0000
TRIAL_SERIES:single,48000,5,7,49995.0000,34536.7226,37719.0000
TRIAL_SERIES:single,48000,5,8,50005.0000,13685.4609,13295.0000
TRIAL_SERIES:single,48000,5,9,49999.0000,6801.1301,6242.0000
TRIAL_SERIES:single,48000,5,10,50000.0000,11299.7456,5157.5000
TRIAL_SERIES:single,48000,5,11,50000.0000,6288.5866,4622.0000
TRIAL_SERIES:single,48000,5,12,50000.0000,16147.1074,4603.5000
TRIAL_SERIES:single,48000,5,13,49999.0000,11813.0362,7233.0000
TRIAL_SERIES:single,48000,5,14,49998.0000,43626.4721,45239.5000
TRIAL_SERIES:single,48000,5,15,50004.0000,32175.0671,31272.5000
TRIAL_SERIES:single,48000,5,16,49999.0000,18639.4699,20147.0000
TRIAL_SERIES:single,48000,5,17,50000.0000,13320.2969,13822.0000
TRIAL_SERIES:single,48000,5,18,50000.0000,12008.8213,10098.0000
TRIAL_SERIES:single,48000,5,19,49994.0000,35186.6615,29402.0000
TRIAL_SERIES:single,48000,5,20,49981.0000,166886.0471,125026.0000
TRIAL_SERIES:single,48000,5,21,50025.0000,369981.7464,373187.0000
TRIAL_SERIES:single,48000,5,22,49999.0000,376377.6402,373097.0000
TRIAL_SERIES:single,48000,5,23,49991.0000,501190.4682,585353.0000
TRIAL_SERIES:single,48000,5,24,50011.0000,593058.7351,591479.0000
TRIAL_SERIES:single,48000,5,25,50000.0000,615308.6257,615303.0000
TRIAL_SERIES:single,48000,5,26,49999.0000,702529.2166,712220.0000
TRIAL_SERIES:single,48000,5,27,50001.0000,748039.1842,748254.0000
TRIAL_SERIES:single,48000,5,28,50000.0000,761727.9039,756125.5000
TRIAL_SERIES:single,48000,5,29,49999.0000,792326.1529,792095.0000
TRIAL_SERIES:single,48000,5,30,50001.0000,829838.9715,820412.0000
TRIAL_SERIES:single,48000,5,31,49999.0000,925639.4891,930316.0000
TRIAL_SERIES:single,48000,5,32,50001.0000,980639.6385,981863.0000
TRIAL_SERIES:single,48000,5,33,49998.0000,1005249.4994,1007960.0000
TRIAL_SERIES:single,48000,5,34,49999.0000,1033458.3601,1034403.0000
TRIAL_SERIES:single,48000,5,35,50003.0000,1074832.6779,1078525.0000
TRIAL_SERIES:single,48000,5,36,50000.0000,1112157.6987,1117864.0000
TRIAL_SERIES:single,48000,5,37,50000.0000,1126746.3574,1125514.0000
TRIAL_SERIES:single,48000,5,38,50000.0000,1155118.6436,1157879.0000
TRIAL_SERIES:single,48000,5,39,49999.0000,1176444.7047,1176412.0000
TRIAL_SERIES:single,48000,5,40,49998.0000,1190671.0897,1186034.0000
TRIAL_SERIES:single,48000,5,41,49994.0000,1217933.4471,1217337.0000
TRIAL_SERIES:single,48000,5,42,50009.0000,1222874.8805,1220153.0000
TRIAL_SERIES:single,48000,5,43,50000.0000,1271011.6661,1256884.0000
TRIAL_SERIES:single,48000,5,44,49996.0000,1324355.3110,1322610.0000
TRIAL_SERIES:single,48000,5,45,50004.0000,1353565.5495,1354510.0000
TRIAL_SERIES:single,48000,5,46,49999.0000,1372044.2757,1371098.0000
TRIAL_SERIES:single,48000,5,47,50000.0000,1396842.5092,1398137.0000
TRIAL_SERIES:single,48000,5,48,50000.0000,1412332.4705,1412596.0000
TRIAL_SERIES:single,48000,5,49,49996.0000,1426687.1355,1431206.5000
TRIAL_SERIES:single,48000,5,50,50003.0000,1637602.0404,1620921.0000
TRIAL_SERIES:single,48000,5,51,49996.0000,1756867.4856,1756669.0000
TRIAL_SERIES:single,48000,5,52,50004.0000,1778454.2067,1779923.0000
TRIAL_SERIES:single,48000,5,53,49999.0000,1777906.5385,1775150.0000
TRIAL_SERIES:single,48000,5,54,50002.0000,1806956.3173,1806949.0000
TRIAL_SERIES:single,48000,5,55,49997.0000,1800968.6978,1797471.0000
TRIAL_SERIES:single,48000,5,56,50002.0000,1818512.2832,1818341.0000
TRIAL_SERIES:single,48000,5,57,49998.0000,1864958.6897,1870803.0000
TRIAL_SERIES:single,48000,5,58,50004.0000,1884333.6247,1882947.0000
TRIAL_SERIES:single,48000,5,59,49999.0000,2006145.9667,2030501.0000
TRIAL_SERIES:single,48000,5,60,50001.0000,2055436.1478,2055339.0000
TRIAL_SERIES:single,48000,5,61,6.0000,2054013.0000,2053970.0000
TRIAL_SERIES:single,48000,5,62,0.0000,0.0000,0.0000
TRIAL_SERIES:single,48000,5,63,0.0000,0.0000,0.0000
TRIAL_RESULT:single,48000,5,49180.4262,874686.5000,835834.7862,874686.5000,2054733.0000
[2026-02-28 15:52:50] Eval 1 result: target=48000 avg_thr=49344.4849 median_lat_us=874686.5000 mean_lat_us=3591676.7123 p99_lat_us=4892383.2000 pass=false status=ok
[2026-02-28 15:52:50] Single-target complete: slowdown_type=cpu step=4 target=48000 observed_throughput=49344.4849 observed_latency_us=874686.5000
RESULTS:49344.4849,874686.5000
RESULTS_EXT:49344.4849,874686.5000,3591676.7123,874686.5000,4892383.2000
[2026-02-28 15:52:52] Completed step 4c: observed_thr=49344.4849, mean_lat_us=3591676.7123, median_lat_us=874686.5000, p99_lat_us=4892383.2000
[2026-02-28 15:52:52] Starting slowdown-profile step 3c: target throughput 42000 ops/s, trials=5, duration=60s
[2026-02-28 15:52:52] Restoring snapshot 'baseline' before step 3c
[2026-02-28 15:54:39] Running mode=single, slowdown_type=cpu, step=3, client_type=hybrid
[2026-02-28 15:54:42] Warming up cluster with 5 lightweight CQL probe(s) per node
[2026-02-28 15:54:52] Applying CPU limit on ccl1.cyber.lab (cassandra-node-1): 0-2
[2026-02-28 15:54:52] Applying CPU limit on ccl2.cyber.lab (cassandra-node-2): 0-3
[2026-02-28 15:54:52] Applying CPU limit on ccl3.cyber.lab (cassandra-node-3): 0-3
[2026-02-28 15:54:55] Eval 1: phase=single target=42000 trials=5 duration=60s
[2026-02-28 15:54:55] Benchmark run: phase=single step=3 target=42000 duration=60s trial=1 attempt=1
TRIAL_SERIES:single,42000,1,1,43477.0000,1279658.7220,1332336.0000
TRIAL_SERIES:single,42000,1,2,43478.0000,3067118.4428,3087849.0000
TRIAL_SERIES:single,42000,1,3,43480.0000,4696977.4349,4712184.0000
TRIAL_SERIES:single,42000,1,4,43476.0000,6264906.5230,6289508.0000
TRIAL_SERIES:single,42000,1,5,43462.0000,7436894.7492,7454151.0000
TRIAL_SERIES:single,42000,1,6,43496.0000,8428158.1564,8432566.5000
TRIAL_SERIES:single,42000,1,7,43479.0000,9337699.3645,9344581.0000
TRIAL_SERIES:single,42000,1,8,43477.0000,10207607.9324,10209081.0000
TRIAL_SERIES:single,42000,1,9,43475.0000,11138708.8496,11148305.0000
TRIAL_SERIES:single,42000,1,10,43482.0000,11901940.3095,11901293.0000
TRIAL_SERIES:single,42000,1,11,43478.0000,12509646.7829,12506274.0000
TRIAL_SERIES:single,42000,1,12,43479.0000,13090537.3116,13100099.0000
TRIAL_SERIES:single,42000,1,13,43479.0000,13607855.4384,13620614.0000
TRIAL_SERIES:single,42000,1,14,43477.0000,14099043.2982,14105711.0000
TRIAL_SERIES:single,42000,1,15,43479.0000,14549647.1771,14561863.0000
TRIAL_SERIES:single,42000,1,16,43473.0000,14882739.6779,14883885.0000
TRIAL_SERIES:single,42000,1,17,43483.0000,15163477.1223,15163894.0000
TRIAL_SERIES:single,42000,1,18,43479.0000,15408538.9371,15410949.0000
TRIAL_SERIES:single,42000,1,19,43477.0000,15627970.0328,15632545.0000
TRIAL_SERIES:single,42000,1,20,43479.0000,15820279.4984,15817594.0000
TRIAL_SERIES:single,42000,1,21,43478.0000,15990598.1105,15987606.5000
TRIAL_SERIES:single,42000,1,22,43478.0000,16163766.5686,16156559.0000
TRIAL_SERIES:single,42000,1,23,43476.0000,16328948.0984,16336921.0000
TRIAL_SERIES:single,42000,1,24,43481.0000,16456700.7895,16451656.0000
TRIAL_SERIES:single,42000,1,25,43474.0000,16825267.8494,16729281.5000
TRIAL_SERIES:single,42000,1,26,43482.0000,17015350.1078,17015305.5000
TRIAL_SERIES:single,42000,1,27,43477.0000,16999199.8978,17000583.0000
TRIAL_SERIES:single,42000,1,28,43481.0000,16948832.1976,16952309.0000
TRIAL_SERIES:single,42000,1,29,43476.0000,16895305.5298,16891454.0000
TRIAL_SERIES:single,42000,1,30,43479.0000,16876084.4076,16883258.0000
TRIAL_SERIES:single,42000,1,31,43466.0000,16806797.6824,16804913.0000
TRIAL_SERIES:single,42000,1,32,43487.0000,16758648.2614,16757533.0000
TRIAL_SERIES:single,42000,1,33,43482.0000,16664481.4629,16666641.5000
TRIAL_SERIES:single,42000,1,34,43474.0000,16582512.5417,16582347.5000
TRIAL_SERIES:single,42000,1,35,43480.0000,16494315.6627,16492838.5000
TRIAL_SERIES:single,42000,1,36,43480.0000,16397234.6212,16398386.5000
TRIAL_SERIES:single,42000,1,37,43478.0000,16438037.7392,16338433.5000
TRIAL_SERIES:single,42000,1,38,43480.0000,16496878.8937,16502593.0000
TRIAL_SERIES:single,42000,1,39,43474.0000,16435779.8559,16433983.5000
TRIAL_SERIES:single,42000,1,40,43483.0000,16323804.0817,16323049.0000
TRIAL_SERIES:single,42000,1,41,43478.0000,16208020.3882,16209262.0000
TRIAL_SERIES:single,42000,1,42,43478.0000,16089525.4200,16089711.0000
TRIAL_SERIES:single,42000,1,43,43470.0000,15972734.7448,15974468.5000
TRIAL_SERIES:single,42000,1,44,43487.0000,15865444.9249,15868556.0000
TRIAL_SERIES:single,42000,1,45,43459.0000,15732649.9893,15728683.0000
TRIAL_SERIES:single,42000,1,46,43495.0000,15600155.9216,15597420.0000
TRIAL_SERIES:single,42000,1,47,43479.0000,15473209.3345,15475807.0000
TRIAL_SERIES:single,42000,1,48,43479.0000,15346145.8970,15343825.0000
TRIAL_SERIES:single,42000,1,49,43476.0000,15231735.2651,15229115.5000
TRIAL_SERIES:single,42000,1,50,43479.0000,15115792.5716,15116137.0000
TRIAL_SERIES:single,42000,1,51,43479.0000,15039763.9963,15039216.0000
TRIAL_SERIES:single,42000,1,52,43479.0000,14915253.0597,14920213.0000
TRIAL_SERIES:single,42000,1,53,43461.0000,14921060.6741,14920342.0000
TRIAL_SERIES:single,42000,1,54,43496.0000,14831401.0933,14833480.0000
TRIAL_SERIES:single,42000,1,55,43478.0000,14721651.9995,14723237.0000
TRIAL_SERIES:single,42000,1,56,43479.0000,14699624.7011,14706131.0000
TRIAL_SERIES:single,42000,1,57,43477.0000,14715134.3465,14719008.0000
TRIAL_SERIES:single,42000,1,58,43480.0000,14651096.6879,14644210.5000
TRIAL_SERIES:single,42000,1,59,43477.0000,14555271.0363,14560712.0000
TRIAL_SERIES:single,42000,1,60,43478.0000,14444466.3721,14440594.5000
TRIAL_SERIES:single,42000,1,61,13.0000,14428885.9231,14428616.0000
TRIAL_SERIES:single,42000,1,62,0.0000,0.0000,0.0000
TRIAL_SERIES:single,42000,1,63,0.0000,0.0000,0.0000
TRIAL_SERIES:single,42000,1,64,0.0000,0.0000,0.0000
TRIAL_SERIES:single,42000,1,65,0.0000,0.0000,0.0000
TRIAL_SERIES:single,42000,1,66,0.0000,0.0000,0.0000
TRIAL_SERIES:single,42000,1,67,0.0000,0.0000,0.0000
TRIAL_SERIES:single,42000,1,68,0.0000,0.0000,0.0000
TRIAL_SERIES:single,42000,1,69,0.0000,0.0000,0.0000
TRIAL_SERIES:single,42000,1,70,0.0000,0.0000,0.0000
TRIAL_SERIES:single,42000,1,71,0.0000,0.0000,0.0000
TRIAL_SERIES:single,42000,1,72,0.0000,0.0000,0.0000
TRIAL_SERIES:single,42000,1,73,0.0000,0.0000,0.0000
TRIAL_SERIES:single,42000,1,74,0.0000,0.0000,0.0000
TRIAL_SERIES:single,42000,1,75,0.0000,0.0000,0.0000
TRIAL_RESULT:single,42000,1,42765.7049,15368470.5000,14242478.8180,15368470.5000,17014720.0000
[2026-02-28 15:57:49] Benchmark run: phase=single step=3 target=42000 duration=60s trial=2 attempt=1
TRIAL_SERIES:single,42000,2,1,43471.0000,55300.9304,63023.0000
TRIAL_SERIES:single,42000,2,2,43485.0000,49020.6701,52860.0000
TRIAL_SERIES:single,42000,2,3,43478.0000,4822.1717,3280.0000
TRIAL_SERIES:single,42000,2,4,43479.0000,3063.9101,2641.0000
TRIAL_SERIES:single,42000,2,5,43478.0000,2951.7683,2553.0000
TRIAL_SERIES:single,42000,2,6,43478.0000,3286.1057,2427.0000
TRIAL_SERIES:single,42000,2,7,43479.0000,4390.3168,2994.0000
TRIAL_SERIES:single,42000,2,8,43478.0000,3267.5959,2373.0000
TRIAL_SERIES:single,42000,2,9,43478.0000,5605.6826,3484.0000
TRIAL_SERIES:single,42000,2,10,43479.0000,3678.2120,2951.0000
TRIAL_SERIES:single,42000,2,11,43478.0000,2611.9739,2372.0000
TRIAL_SERIES:single,42000,2,12,43479.0000,2905.3773,2676.0000
TRIAL_SERIES:single,42000,2,13,43477.0000,2906.6170,2631.0000
TRIAL_SERIES:single,42000,2,14,43478.0000,2614.3883,2367.0000
TRIAL_SERIES:single,42000,2,15,43479.0000,3156.8767,2572.0000
TRIAL_SERIES:single,42000,2,16,43478.0000,148816.4410,148836.0000
TRIAL_SERIES:single,42000,2,17,43478.0000,86801.9649,86034.0000
TRIAL_SERIES:single,42000,2,18,43453.0000,31313.1627,22605.0000
TRIAL_SERIES:single,42000,2,19,43503.0000,205382.5570,204586.0000
TRIAL_SERIES:single,42000,2,20,43478.0000,104490.4696,101961.5000
TRIAL_SERIES:single,42000,2,21,43479.0000,10207.3191,2991.0000
TRIAL_SERIES:single,42000,2,22,43479.0000,2681.0886,2267.0000
TRIAL_SERIES:single,42000,2,23,43477.0000,4253.1888,2654.0000
TRIAL_SERIES:single,42000,2,24,43478.0000,2627.3188,2395.0000
TRIAL_SERIES:single,42000,2,25,43478.0000,2486.4045,2270.0000
TRIAL_SERIES:single,42000,2,26,43480.0000,139619.8859,161137.0000
TRIAL_SERIES:single,42000,2,27,43478.0000,71983.0707,71011.5000
TRIAL_SERIES:single,42000,2,28,43478.0000,3922.4627,2248.0000
TRIAL_SERIES:single,42000,2,29,43479.0000,3179.4277,2496.0000
TRIAL_SERIES:single,42000,2,30,43476.0000,2358.0734,2126.0000
TRIAL_SERIES:single,42000,2,31,43479.0000,2569.8837,2349.0000
TRIAL_SERIES:single,42000,2,32,43480.0000,2372.2390,2202.0000
TRIAL_SERIES:single,42000,2,33,43478.0000,3214.3378,2493.0000
TRIAL_SERIES:single,42000,2,34,43478.0000,2583.9928,2280.0000
TRIAL_SERIES:single,42000,2,35,43478.0000,2406.5929,2174.0000
TRIAL_SERIES:single,42000,2,36,43478.0000,2821.3574,2259.0000
TRIAL_SERIES:single,42000,2,37,43477.0000,2940.2024,2509.0000
TRIAL_SERIES:single,42000,2,38,43479.0000,4497.8132,3233.0000
TRIAL_SERIES:single,42000,2,39,43440.0000,4191.4594,2709.0000
TRIAL_SERIES:single,42000,2,40,43516.0000,2998.8674,2509.0000
TRIAL_SERIES:single,42000,2,41,43480.0000,3370.5666,2785.0000
TRIAL_SERIES:single,42000,2,42,43473.0000,55419.1972,58200.0000
TRIAL_SERIES:single,42000,2,43,43483.0000,6843.0554,3275.0000
TRIAL_SERIES:single,42000,2,44,43477.0000,2669.6060,2409.0000
TRIAL_SERIES:single,42000,2,45,43479.0000,3546.1348,2829.0000
TRIAL_SERIES:single,42000,2,46,43479.0000,3481.5178,2843.0000
TRIAL_SERIES:single,42000,2,47,43478.0000,3483.4911,3032.0000
TRIAL_SERIES:single,42000,2,48,43479.0000,2969.1074,2696.0000
TRIAL_SERIES:single,42000,2,49,43477.0000,3481.5133,2470.0000
TRIAL_SERIES:single,42000,2,50,43479.0000,2691.2766,2496.0000
TRIAL_SERIES:single,42000,2,51,43479.0000,2764.7949,2483.0000
TRIAL_SERIES:single,42000,2,52,43478.0000,6122.3078,2491.5000
TRIAL_SERIES:single,42000,2,53,43477.0000,4138.8421,2994.0000
TRIAL_SERIES:single,42000,2,54,43478.0000,2728.9951,2353.5000
TRIAL_SERIES:single,42000,2,55,43480.0000,3266.0639,2736.0000
TRIAL_SERIES:single,42000,2,56,43477.0000,3614.6562,2592.0000
TRIAL_SERIES:single,42000,2,57,43479.0000,2840.6959,2524.0000
TRIAL_SERIES:single,42000,2,58,43477.0000,2928.6028,2642.0000
TRIAL_SERIES:single,42000,2,59,43479.0000,3205.5896,2490.0000
TRIAL_SERIES:single,42000,2,60,43479.0000,48314.8434,4017.0000
TRIAL_SERIES:single,42000,2,61,6.0000,74195.3333,73913.5000
TRIAL_RESULT:single,42000,2,42765.6066,2818.0000,19471.4086,2818.0000,199008.0000
[2026-02-28 16:00:22] Benchmark run: phase=single step=3 target=42000 duration=60s trial=3 attempt=1
TRIAL_SERIES:single,42000,3,1,43479.0000,44539.3035,50195.0000
TRIAL_SERIES:single,42000,3,2,43477.0000,16755.0535,6964.0000
TRIAL_SERIES:single,42000,3,3,43478.0000,2795.7033,2410.0000
TRIAL_SERIES:single,42000,3,4,43479.0000,34503.6830,2814.0000
TRIAL_SERIES:single,42000,3,5,43478.0000,62995.1518,60752.5000
TRIAL_SERIES:single,42000,3,6,43478.0000,3338.6109,2811.0000
TRIAL_SERIES:single,42000,3,7,43478.0000,3060.4326,2599.0000
TRIAL_SERIES:single,42000,3,8,43478.0000,3862.7647,2671.5000
TRIAL_SERIES:single,42000,3,9,43472.0000,4140.6199,2790.0000
TRIAL_SERIES:single,42000,3,10,43485.0000,2609.8443,2367.0000
TRIAL_SERIES:single,42000,3,11,43478.0000,2625.7832,2352.0000
TRIAL_SERIES:single,42000,3,12,43479.0000,2933.5269,2664.0000
TRIAL_SERIES:single,42000,3,13,43479.0000,3134.8217,2816.0000
TRIAL_SERIES:single,42000,3,14,43476.0000,2688.0026,2398.0000
TRIAL_SERIES:single,42000,3,15,43479.0000,3113.2433,2628.0000
TRIAL_SERIES:single,42000,3,16,43479.0000,4557.7845,3504.0000
TRIAL_SERIES:single,42000,3,17,43478.0000,3604.1519,3059.0000
TRIAL_SERIES:single,42000,3,18,43479.0000,3270.1960,2581.0000
TRIAL_SERIES:single,42000,3,19,43473.0000,3730.2183,2433.0000
TRIAL_SERIES:single,42000,3,20,43483.0000,2799.7100,2557.0000
TRIAL_SERIES:single,42000,3,21,43479.0000,2847.5176,2447.0000
TRIAL_SERIES:single,42000,3,22,43478.0000,2738.6963,2546.0000
TRIAL_SERIES:single,42000,3,23,43477.0000,2968.8357,2754.0000
TRIAL_SERIES:single,42000,3,24,43478.0000,3538.9423,3138.0000
TRIAL_SERIES:single,42000,3,25,43479.0000,2938.3458,2661.0000
TRIAL_SERIES:single,42000,3,26,43478.0000,4089.4859,3045.0000
TRIAL_SERIES:single,42000,3,27,43479.0000,3402.8581,3084.0000
TRIAL_SERIES:single,42000,3,28,43478.0000,4899.1428,3225.0000
TRIAL_SERIES:single,42000,3,29,43479.0000,3978.1765,3254.0000
TRIAL_SERIES:single,42000,3,30,43472.0000,107342.1839,129308.5000
TRIAL_SERIES:single,42000,3,31,43481.0000,149739.2840,147440.0000
TRIAL_SERIES:single,42000,3,32,43481.0000,39356.0226,37190.0000
TRIAL_SERIES:single,42000,3,33,43479.0000,2677.1388,2242.0000
TRIAL_SERIES:single,42000,3,34,43478.0000,2554.2523,2156.0000
TRIAL_SERIES:single,42000,3,35,43477.0000,2431.0794,2210.0000
TRIAL_SERIES:single,42000,3,36,43480.0000,2666.6493,2296.0000
TRIAL_SERIES:single,42000,3,37,43476.0000,2753.2864,2485.0000
TRIAL_SERIES:single,42000,3,38,43479.0000,3477.5344,2544.0000
TRIAL_SERIES:single,42000,3,39,43479.0000,3016.0621,2600.0000
TRIAL_SERIES:single,42000,3,40,43479.0000,2931.0934,2657.0000
TRIAL_SERIES:single,42000,3,41,43477.0000,2415.7020,2200.0000
TRIAL_SERIES:single,42000,3,42,43479.0000,2550.8607,2233.0000
TRIAL_SERIES:single,42000,3,43,43477.0000,2695.6364,2355.0000
TRIAL_SERIES:single,42000,3,44,43478.0000,2622.5617,2229.5000
TRIAL_SERIES:single,42000,3,45,43480.0000,3844.9376,3223.0000
TRIAL_SERIES:single,42000,3,46,43477.0000,2727.9520,2426.0000
TRIAL_SERIES:single,42000,3,47,43479.0000,3142.0073,2800.0000
TRIAL_SERIES:single,42000,3,48,43479.0000,23184.5009,2543.0000
TRIAL_SERIES:single,42000,3,49,43473.0000,62660.1204,63071.0000
TRIAL_SERIES:single,42000,3,50,43483.0000,3381.3168,2596.0000
TRIAL_SERIES:single,42000,3,51,43478.0000,2517.9367,2341.0000
TRIAL_SERIES:single,42000,3,52,43479.0000,2437.9578,2268.0000
TRIAL_SERIES:single,42000,3,53,43478.0000,2753.1941,2411.0000
TRIAL_SERIES:single,42000,3,54,43478.0000,2785.0535,2425.0000
TRIAL_SERIES:single,42000,3,55,43478.0000,2434.9726,2232.0000
TRIAL_SERIES:single,42000,3,56,43474.0000,2787.8189,2499.0000
TRIAL_SERIES:single,42000,3,57,43483.0000,55575.5332,54774.0000
TRIAL_SERIES:single,42000,3,58,43478.0000,3424.6162,2422.0000
TRIAL_SERIES:single,42000,3,59,43478.0000,3202.7701,2417.0000
TRIAL_SERIES:single,42000,3,60,43459.0000,2733.0528,2450.0000
TRIAL_SERIES:single,42000,3,61,0.0000,0.0000,0.0000
TRIAL_RESULT:single,42000,3,43477.9333,2740.0000,12521.3969,2740.0000,157112.0000
[2026-02-28 16:02:56] Benchmark run: phase=single step=3 target=42000 duration=60s trial=4 attempt=1
TRIAL_SERIES:single,42000,4,1,43477.0000,5112.4400,4139.0000
TRIAL_SERIES:single,42000,4,2,43479.0000,6404.4584,3687.0000
TRIAL_SERIES:single,42000,4,3,43478.0000,3052.0140,2574.0000
TRIAL_SERIES:single,42000,4,4,43479.0000,2832.3492,2414.0000
TRIAL_SERIES:single,42000,4,5,43476.0000,2665.1112,2168.0000
TRIAL_SERIES:single,42000,4,6,43480.0000,3224.3838,2512.0000
TRIAL_SERIES:single,42000,4,7,43478.0000,5395.3531,3682.0000
TRIAL_SERIES:single,42000,4,8,43480.0000,4979.2953,3471.0000
TRIAL_SERIES:single,42000,4,9,43476.0000,4959.8867,3116.0000
TRIAL_SERIES:single,42000,4,10,43479.0000,4094.6345,3161.0000
TRIAL_SERIES:single,42000,4,11,43477.0000,5581.5501,3452.0000
TRIAL_SERIES:single,42000,4,12,43479.0000,4122.9326,3105.0000
TRIAL_SERIES:single,42000,4,13,43479.0000,3589.0554,3093.0000
TRIAL_SERIES:single,42000,4,14,43479.0000,2974.8533,2695.0000
TRIAL_SERIES:single,42000,4,15,43477.0000,3545.4113,3048.0000
TRIAL_SERIES:single,42000,4,16,43479.0000,3805.8932,3268.0000
TRIAL_SERIES:single,42000,4,17,43478.0000,3021.3324,2644.0000
TRIAL_SERIES:single,42000,4,18,43477.0000,3784.6754,2711.0000
TRIAL_SERIES:single,42000,4,19,43480.0000,25679.2346,3029.0000
TRIAL_SERIES:single,42000,4,20,43478.0000,217557.9259,201860.0000
TRIAL_SERIES:single,42000,4,21,43478.0000,202636.2497,201913.0000
TRIAL_SERIES:single,42000,4,22,43477.0000,92495.7186,91227.0000
TRIAL_SERIES:single,42000,4,23,43479.0000,5858.7882,2700.0000
TRIAL_SERIES:single,42000,4,24,43480.0000,3508.2508,2712.0000
TRIAL_SERIES:single,42000,4,25,43478.0000,3322.0385,2711.0000
TRIAL_SERIES:single,42000,4,26,43478.0000,3437.8599,2515.0000
TRIAL_SERIES:single,42000,4,27,43478.0000,3845.3057,3156.0000
TRIAL_SERIES:single,42000,4,28,43478.0000,2750.6760,2428.0000
TRIAL_SERIES:single,42000,4,29,43477.0000,4463.3159,2766.0000
TRIAL_SERIES:single,42000,4,30,43479.0000,2988.5293,2547.0000
TRIAL_SERIES:single,42000,4,31,43479.0000,137879.1051,163276.0000
TRIAL_SERIES:single,42000,4,32,43478.0000,69855.5650,64399.5000
TRIAL_SERIES:single,42000,4,33,43478.0000,4856.2333,2659.0000
TRIAL_SERIES:single,42000,4,34,43478.0000,79318.0181,90152.5000
TRIAL_SERIES:single,42000,4,35,43479.0000,9693.1273,3217.0000
TRIAL_SERIES:single,42000,4,36,43478.0000,3112.1191,2522.0000
TRIAL_SERIES:single,42000,4,37,43478.0000,2534.9382,2360.0000
TRIAL_SERIES:single,42000,4,38,43478.0000,2910.3634,2607.0000
TRIAL_SERIES:single,42000,4,39,43478.0000,4140.8259,2684.0000
TRIAL_SERIES:single,42000,4,40,43479.0000,3176.1653,2764.0000
TRIAL_SERIES:single,42000,4,41,43479.0000,2735.1398,2525.0000
TRIAL_SERIES:single,42000,4,42,43477.0000,2635.2447,2434.0000
TRIAL_SERIES:single,42000,4,43,43479.0000,4809.1473,2884.0000
TRIAL_SERIES:single,42000,4,44,43479.0000,3131.1299,2741.0000
TRIAL_SERIES:single,42000,4,45,43478.0000,2869.6443,2595.0000
TRIAL_SERIES:single,42000,4,46,43469.0000,5840.3145,2605.0000
TRIAL_SERIES:single,42000,4,47,43486.0000,39465.2224,34510.5000
TRIAL_SERIES:single,42000,4,48,43479.0000,3667.8575,2777.0000
TRIAL_SERIES:single,42000,4,49,43479.0000,4367.4059,3104.0000
TRIAL_SERIES:single,42000,4,50,43474.0000,2754.8989,2551.0000
TRIAL_SERIES:single,42000,4,51,43483.0000,3000.3596,2582.0000
TRIAL_SERIES:single,42000,4,52,43476.0000,7797.8359,2933.0000
TRIAL_SERIES:single,42000,4,53,43480.0000,2798.1032,2499.0000
TRIAL_SERIES:single,42000,4,54,43478.0000,3129.6843,2687.0000
TRIAL_SERIES:single,42000,4,55,43478.0000,3981.0836,2987.0000
TRIAL_SERIES:single,42000,4,56,43479.0000,4475.2227,3039.0000
TRIAL_SERIES:single,42000,4,57,43478.0000,4758.9797,4087.0000
TRIAL_SERIES:single,42000,4,58,43478.0000,4135.0370,3025.0000
TRIAL_SERIES:single,42000,4,59,43479.0000,3954.4478,3210.0000
TRIAL_SERIES:single,42000,4,60,43478.0000,2604.9278,2435.0000
TRIAL_SERIES:single,42000,4,61,4.0000,1687.7500,1583.5000
TRIAL_RESULT:single,42000,4,42765.5738,2969.0000,17867.9853,2969.0000,231508.0000
[2026-02-28 16:05:34] Benchmark run: phase=single step=3 target=42000 duration=60s trial=5 attempt=1
TRIAL_SERIES:single,42000,5,1,43469.0000,113212.6512,113117.0000
TRIAL_SERIES:single,42000,5,2,43478.0000,320298.5032,331795.5000
TRIAL_SERIES:single,42000,5,3,43487.0000,370768.2544,375343.0000
TRIAL_SERIES:single,42000,5,4,43479.0000,433984.1985,432809.0000
TRIAL_SERIES:single,42000,5,5,43478.0000,330805.9208,328794.5000
TRIAL_SERIES:single,42000,5,6,43478.0000,232688.2597,232893.0000
TRIAL_SERIES:single,42000,5,7,43476.0000,120253.0011,127582.5000
TRIAL_SERIES:single,42000,5,8,43481.0000,24189.4305,15812.0000
TRIAL_SERIES:single,42000,5,9,43476.0000,4457.7250,2723.0000
TRIAL_SERIES:single,42000,5,10,43480.0000,74090.3404,84336.0000
TRIAL_SERIES:single,42000,5,11,43479.0000,16931.1055,6131.0000
TRIAL_SERIES:single,42000,5,12,43476.0000,136283.3609,167918.0000
TRIAL_SERIES:single,42000,5,13,43476.0000,85467.4000,86478.0000
TRIAL_SERIES:single,42000,5,14,43482.0000,22428.1545,7594.0000
TRIAL_SERIES:single,42000,5,15,43479.0000,2730.2864,2327.0000
TRIAL_SERIES:single,42000,5,16,43476.0000,3563.4504,2873.0000
TRIAL_SERIES:single,42000,5,17,43480.0000,3229.5172,2865.0000
TRIAL_SERIES:single,42000,5,18,43476.0000,3499.8218,2737.0000
TRIAL_SERIES:single,42000,5,19,43480.0000,4816.1013,3280.0000
TRIAL_SERIES:single,42000,5,20,43479.0000,3282.1739,2888.0000
TRIAL_SERIES:single,42000,5,21,43479.0000,2897.5470,2550.0000
TRIAL_SERIES:single,42000,5,22,43477.0000,3178.3898,2636.0000
TRIAL_SERIES:single,42000,5,23,43478.0000,2877.6936,2565.0000
TRIAL_SERIES:single,42000,5,24,43479.0000,2902.9740,2612.0000
TRIAL_SERIES:single,42000,5,25,43478.0000,2614.5093,2446.0000
TRIAL_SERIES:single,42000,5,26,43478.0000,2812.5631,2398.0000
TRIAL_SERIES:single,42000,5,27,43479.0000,2955.5712,2695.0000
TRIAL_SERIES:single,42000,5,28,43478.0000,3312.4414,2572.0000
TRIAL_SERIES:single,42000,5,29,43478.0000,11595.9736,2529.0000
TRIAL_SERIES:single,42000,5,30,43479.0000,31783.4196,28473.0000
TRIAL_SERIES:single,42000,5,31,43478.0000,2981.2852,2770.0000
TRIAL_SERIES:single,42000,5,32,43478.0000,3050.7673,2700.0000
TRIAL_SERIES:single,42000,5,33,43385.0000,3265.7898,2826.0000
TRIAL_SERIES:single,42000,5,34,43571.0000,2820.7403,2531.0000
TRIAL_SERIES:single,42000,5,35,43479.0000,3035.6062,2430.0000
TRIAL_SERIES:single,42000,5,36,43469.0000,17763.5557,2796.0000
TRIAL_SERIES:single,42000,5,37,43487.0000,43053.7829,42951.0000
TRIAL_SERIES:single,42000,5,38,43478.0000,34272.4763,3570.0000
TRIAL_SERIES:single,42000,5,39,43480.0000,26208.1550,16498.0000
TRIAL_SERIES:single,42000,5,40,43477.0000,2767.3041,2553.0000
TRIAL_SERIES:single,42000,5,41,43478.0000,2788.2361,2530.0000
TRIAL_SERIES:single,42000,5,42,43478.0000,2785.7106,2529.0000
TRIAL_SERIES:single,42000,5,43,43478.0000,3320.9349,3030.0000
TRIAL_SERIES:single,42000,5,44,43479.0000,2760.0099,2524.0000
TRIAL_SERIES:single,42000,5,45,43477.0000,3024.1875,2642.0000
TRIAL_SERIES:single,42000,5,46,43480.0000,2818.1869,2478.0000
TRIAL_SERIES:single,42000,5,47,43478.0000,2974.0319,2737.0000
TRIAL_SERIES:single,42000,5,48,43478.0000,4804.9960,3072.5000
TRIAL_SERIES:single,42000,5,49,43473.0000,5100.6685,3364.0000
TRIAL_SERIES:single,42000,5,50,43484.0000,4376.6255,3257.0000
TRIAL_SERIES:single,42000,5,51,43479.0000,2989.5137,2722.0000
TRIAL_SERIES:single,42000,5,52,43477.0000,2704.0957,2556.0000
TRIAL_SERIES:single,42000,5,53,43479.0000,2895.4267,2596.0000
TRIAL_SERIES:single,42000,5,54,43478.0000,3538.2493,2962.0000
TRIAL_SERIES:single,42000,5,55,43477.0000,2934.4495,2599.0000
TRIAL_SERIES:single,42000,5,56,43479.0000,4295.7911,3048.0000
TRIAL_SERIES:single,42000,5,57,43479.0000,3418.5645,2859.0000
TRIAL_SERIES:single,42000,5,58,43478.0000,3957.7810,2852.0000
TRIAL_SERIES:single,42000,5,59,43474.0000,4166.0767,2922.0000
TRIAL_SERIES:single,42000,5,60,43483.0000,3220.3817,2870.0000
TRIAL_SERIES:single,42000,5,61,2.0000,1572.0000,1572.0000
TRIAL_RESULT:single,42000,5,42765.5410,3125.0000,43034.1352,3125.0000,422274.0000
[2026-02-28 16:08:12] Eval 1 result: target=42000 avg_thr=42908.0719 median_lat_us=2969.0000 mean_lat_us=2867074.7488 p99_lat_us=3604924.4000 pass=true status=ok
[2026-02-28 16:08:12] Single-target complete: slowdown_type=cpu step=3 target=42000 observed_throughput=42908.0719 observed_latency_us=2969.0000
RESULTS:42908.0719,2969.0000
RESULTS_EXT:42908.0719,2969.0000,2867074.7488,2969.0000,3604924.4000
[2026-02-28 16:08:14] Completed step 3c: observed_thr=42908.0719, mean_lat_us=2867074.7488, median_lat_us=2969.0000, p99_lat_us=3604924.4000
[2026-02-28 16:08:14] Starting slowdown-profile step 2c: target throughput 36000 ops/s, trials=5, duration=60s
[2026-02-28 16:08:14] Restoring snapshot 'baseline' before step 2c
[2026-02-28 16:10:02] Running mode=single, slowdown_type=cpu, step=2, client_type=hybrid
[2026-02-28 16:10:04] Warming up cluster with 5 lightweight CQL probe(s) per node
[2026-02-28 16:10:15] Applying CPU limit on ccl1.cyber.lab (cassandra-node-1): 0-1
[2026-02-28 16:10:15] Applying CPU limit on ccl2.cyber.lab (cassandra-node-2): 0-3
[2026-02-28 16:10:16] Applying CPU limit on ccl3.cyber.lab (cassandra-node-3): 0-3
[2026-02-28 16:10:18] Eval 1: phase=single target=36000 trials=5 duration=60s
[2026-02-28 16:10:18] Benchmark run: phase=single step=2 target=36000 duration=60s trial=1 attempt=1
TRIAL_SERIES:single,36000,1,1,37033.0000,1603955.8864,1652723.0000
TRIAL_SERIES:single,36000,1,2,37039.0000,3704106.2714,3729893.0000
TRIAL_SERIES:single,36000,1,3,37029.0000,5131102.7746,5141125.0000
TRIAL_SERIES:single,36000,1,4,37046.0000,6499566.5409,6498950.5000
TRIAL_SERIES:single,36000,1,5,37026.0000,7693997.2159,7696403.5000
TRIAL_SERIES:single,36000,1,6,37029.0000,8781218.5875,8772660.0000
TRIAL_SERIES:single,36000,1,7,37058.0000,9838503.1303,9846756.0000
TRIAL_SERIES:single,36000,1,8,37029.0000,10883252.2267,10878100.0000
TRIAL_SERIES:single,36000,1,9,37043.0000,11919467.4573,11925202.0000
TRIAL_SERIES:single,36000,1,10,37038.0000,12917166.1361,12909518.5000
TRIAL_SERIES:single,36000,1,11,37029.0000,13922481.5581,13921299.0000
TRIAL_SERIES:single,36000,1,12,37044.0000,14946509.4689,14952327.5000
TRIAL_SERIES:single,36000,1,13,37038.0000,16076472.0059,16084948.0000
TRIAL_SERIES:single,36000,1,14,37035.0000,17148787.1967,17150789.0000
TRIAL_SERIES:single,36000,1,15,37034.0000,18128668.3026,18127036.5000
TRIAL_SERIES:single,36000,1,16,37043.0000,19136329.4999,19147657.0000
TRIAL_SERIES:single,36000,1,17,37019.0000,20000167.3502,19997214.0000
TRIAL_SERIES:single,36000,1,18,37051.0000,20768521.6237,20761794.0000
TRIAL_SERIES:single,36000,1,19,37033.0000,21572375.4339,21579775.0000
TRIAL_SERIES:single,36000,1,20,37045.0000,22383003.0028,22379772.0000
TRIAL_SERIES:single,36000,1,21,37036.0000,23267438.6757,23289319.0000
TRIAL_SERIES:single,36000,1,22,37038.0000,24071865.6566,24075404.5000
TRIAL_SERIES:single,36000,1,23,37036.0000,24877221.2432,24863750.0000
TRIAL_SERIES:single,36000,1,24,37025.0000,25714515.9686,25720305.0000
TRIAL_SERIES:single,36000,1,25,37045.0000,26507605.2393,26472332.0000
TRIAL_SERIES:single,36000,1,26,37042.0000,27342688.7959,27341418.0000
TRIAL_SERIES:single,36000,1,27,37032.0000,27980134.5204,27973143.0000
TRIAL_SERIES:single,36000,1,28,37042.0000,28592025.4865,28595727.0000
TRIAL_SERIES:single,36000,1,29,37036.0000,29194596.7720,29207121.0000
TRIAL_SERIES:single,36000,1,30,37038.0000,29826102.6572,29769853.0000
TRIAL_SERIES:single,36000,1,31,37037.0000,30549592.6751,30538840.0000
TRIAL_SERIES:single,36000,1,32,37035.0000,31149797.6328,31148548.0000
TRIAL_SERIES:single,36000,1,33,37039.0000,31726150.5284,31716879.0000
TRIAL_SERIES:single,36000,1,34,37036.0000,32506364.1058,32519767.5000
TRIAL_SERIES:single,36000,1,35,37022.0000,33365666.0191,33368872.0000
TRIAL_SERIES:single,36000,1,36,37051.0000,34197327.4271,34190258.0000
TRIAL_SERIES:single,36000,1,37,37039.0000,35065200.0600,35079582.0000
TRIAL_SERIES:single,36000,1,38,37037.0000,35836446.2674,35848537.0000
TRIAL_SERIES:single,36000,1,39,37035.0000,36575495.8845,36572944.0000
TRIAL_SERIES:single,36000,1,40,37031.0000,37348644.9548,37344810.0000
TRIAL_SERIES:single,36000,1,41,37038.0000,38097308.8269,38089649.5000
TRIAL_SERIES:single,36000,1,42,37042.0000,38795625.6330,38793789.5000
TRIAL_SERIES:single,36000,1,43,37039.0000,39485710.7041,39495092.0000
TRIAL_SERIES:single,36000,1,44,37037.0000,40177595.7604,40173802.0000
TRIAL_SERIES:single,36000,1,45,37036.0000,41089213.4665,41219577.5000
TRIAL_SERIES:single,36000,1,46,37038.0000,41651565.1396,41664070.5000
TRIAL_SERIES:single,36000,1,47,37038.0000,42062707.7300,42067040.0000
TRIAL_SERIES:single,36000,1,48,37034.0000,42449938.5207,42451778.0000
TRIAL_SERIES:single,36000,1,49,37038.0000,42775288.1447,42770462.5000
TRIAL_SERIES:single,36000,1,50,37038.0000,42976454.0312,42977721.5000
TRIAL_SERIES:single,36000,1,51,37036.0000,43155953.2490,43155685.0000
TRIAL_SERIES:single,36000,1,52,37039.0000,43312191.0346,43325186.0000
TRIAL_SERIES:single,36000,1,53,37036.0000,43453764.7685,43454202.0000
TRIAL_SERIES:single,36000,1,54,37028.0000,43628141.2855,43634625.0000
TRIAL_SERIES:single,36000,1,55,37044.0000,43750653.1806,43752472.5000
TRIAL_SERIES:single,36000,1,56,37036.0000,43907217.5748,43862019.0000
TRIAL_SERIES:single,36000,1,57,37037.0000,44066126.8076,44067709.0000
TRIAL_SERIES:single,36000,1,58,37041.0000,44112468.2609,44115167.0000
TRIAL_SERIES:single,36000,1,59,37037.0000,44166241.2049,44166372.0000
TRIAL_SERIES:single,36000,1,60,37037.0000,44215375.1520,44216213.0000
TRIAL_SERIES:single,36000,1,61,15.0000,44239567.2667,44235088.0000
TRIAL_SERIES:single,36000,1,62,0.0000,0.0000,0.0000
TRIAL_SERIES:single,36000,1,63,0.0000,0.0000,0.0000
TRIAL_SERIES:single,36000,1,64,0.0000,0.0000,0.0000
TRIAL_SERIES:single,36000,1,65,0.0000,0.0000,0.0000
TRIAL_SERIES:single,36000,1,66,0.0000,0.0000,0.0000
TRIAL_SERIES:single,36000,1,67,0.0000,0.0000,0.0000
TRIAL_SERIES:single,36000,1,68,0.0000,0.0000,0.0000
TRIAL_SERIES:single,36000,1,69,0.0000,0.0000,0.0000
TRIAL_SERIES:single,36000,1,70,0.0000,0.0000,0.0000
TRIAL_SERIES:single,36000,1,71,0.0000,0.0000,0.0000
TRIAL_SERIES:single,36000,1,72,0.0000,0.0000,0.0000
TRIAL_SERIES:single,36000,1,73,0.0000,0.0000,0.0000
TRIAL_SERIES:single,36000,1,74,0.0000,0.0000,0.0000
TRIAL_SERIES:single,36000,1,75,0.0000,0.0000,0.0000
TRIAL_SERIES:single,36000,1,76,0.0000,0.0000,0.0000
TRIAL_SERIES:single,36000,1,77,0.0000,0.0000,0.0000
TRIAL_SERIES:single,36000,1,78,0.0000,0.0000,0.0000
TRIAL_SERIES:single,36000,1,79,0.0000,0.0000,0.0000
TRIAL_SERIES:single,36000,1,80,0.0000,0.0000,0.0000
TRIAL_SERIES:single,36000,1,81,0.0000,0.0000,0.0000
TRIAL_SERIES:single,36000,1,82,0.0000,0.0000,0.0000
TRIAL_SERIES:single,36000,1,83,0.0000,0.0000,0.0000
TRIAL_SERIES:single,36000,1,84,0.0000,0.0000,0.0000
TRIAL_SERIES:single,36000,1,85,0.0000,0.0000,0.0000
TRIAL_SERIES:single,36000,1,86,0.0000,0.0000,0.0000
TRIAL_SERIES:single,36000,1,87,0.0000,0.0000,0.0000
TRIAL_SERIES:single,36000,1,88,0.0000,0.0000,0.0000
TRIAL_SERIES:single,36000,1,89,0.0000,0.0000,0.0000
TRIAL_SERIES:single,36000,1,90,0.0000,0.0000,0.0000
TRIAL_SERIES:single,36000,1,91,0.0000,0.0000,0.0000
TRIAL_SERIES:single,36000,1,92,0.0000,0.0000,0.0000
TRIAL_SERIES:single,36000,1,93,0.0000,0.0000,0.0000
TRIAL_SERIES:single,36000,1,94,0.0000,0.0000,0.0000
TRIAL_SERIES:single,36000,1,95,0.0000,0.0000,0.0000
TRIAL_SERIES:single,36000,1,96,0.0000,0.0000,0.0000
TRIAL_SERIES:single,36000,1,97,0.0000,0.0000,0.0000
TRIAL_SERIES:single,36000,1,98,0.0000,0.0000,0.0000
TRIAL_SERIES:single,36000,1,99,0.0000,0.0000,0.0000
TRIAL_SERIES:single,36000,1,100,0.0000,0.0000,0.0000
TRIAL_SERIES:single,36000,1,101,0.0000,0.0000,0.0000
TRIAL_SERIES:single,36000,1,102,0.0000,0.0000,0.0000
TRIAL_SERIES:single,36000,1,103,0.0000,0.0000,0.0000
TRIAL_SERIES:single,36000,1,104,0.0000,0.0000,0.0000
TRIAL_SERIES:single,36000,1,105,0.0000,0.0000,0.0000
TRIAL_RESULT:single,36000,1,36430.1148,30242615.0000,28601515.3329,30242615.0000,44209783.0000
[2026-02-28 16:13:27] Benchmark run: phase=single step=2 target=36000 duration=60s trial=2 attempt=1
TRIAL_SERIES:single,36000,2,1,37029.0000,57207.9095,58254.0000
TRIAL_SERIES:single,36000,2,2,37044.0000,168017.0851,94329.0000
TRIAL_SERIES:single,36000,2,3,37037.0000,163607.2525,162085.0000
TRIAL_SERIES:single,36000,2,4,37038.0000,33682.9470,29589.0000
TRIAL_SERIES:single,36000,2,5,37036.0000,4175.6733,1927.5000
TRIAL_SERIES:single,36000,2,6,37038.0000,4344.5495,1879.0000
TRIAL_SERIES:single,36000,2,7,37037.0000,5891.4893,3454.0000
TRIAL_SERIES:single,36000,2,8,37005.0000,3625.9848,1919.0000
TRIAL_SERIES:single,36000,2,9,37069.0000,5828.7729,2523.0000
TRIAL_SERIES:single,36000,2,10,37035.0000,3795.2377,1882.0000
TRIAL_SERIES:single,36000,2,11,37039.0000,3529.7598,1940.0000
TRIAL_SERIES:single,36000,2,12,37037.0000,2788.8487,1861.0000
TRIAL_SERIES:single,36000,2,13,37036.0000,4410.5947,2205.5000
TRIAL_SERIES:single,36000,2,14,37039.0000,2855.5496,1766.0000
TRIAL_SERIES:single,36000,2,15,37036.0000,2681.4041,1814.0000
TRIAL_SERIES:single,36000,2,16,37038.0000,2828.0374,1847.0000
TRIAL_SERIES:single,36000,2,17,37035.0000,3247.0543,2011.0000
TRIAL_SERIES:single,36000,2,18,37039.0000,3612.7525,1953.0000
TRIAL_SERIES:single,36000,2,19,37036.0000,5965.5677,2498.0000
TRIAL_SERIES:single,36000,2,20,37038.0000,3983.2144,2034.0000
TRIAL_SERIES:single,36000,2,21,37036.0000,3782.2596,2064.0000
TRIAL_SERIES:single,36000,2,22,37038.0000,3124.3946,2121.0000
TRIAL_SERIES:single,36000,2,23,37036.0000,2798.1177,2054.0000
TRIAL_SERIES:single,36000,2,24,37038.0000,135951.7825,143104.0000
TRIAL_SERIES:single,36000,2,25,37037.0000,18522.5262,3690.0000
TRIAL_SERIES:single,36000,2,26,37037.0000,3247.7685,2114.0000
TRIAL_SERIES:single,36000,2,27,37037.0000,2775.4097,2059.0000
TRIAL_SERIES:single,36000,2,28,37037.0000,4193.9962,2022.0000
TRIAL_SERIES:single,36000,2,29,37037.0000,3794.3580,2182.0000
TRIAL_SERIES:single,36000,2,30,37036.0000,2438.0146,1977.5000
TRIAL_SERIES:single,36000,2,31,37038.0000,2755.4960,2126.0000
TRIAL_SERIES:single,36000,2,32,37037.0000,3002.6792,2167.0000
TRIAL_SERIES:single,36000,2,33,37037.0000,225890.3174,262515.0000
TRIAL_SERIES:single,36000,2,34,37038.0000,110100.3906,110780.5000
TRIAL_SERIES:single,36000,2,35,37036.0000,3785.4701,2377.0000
TRIAL_SERIES:single,36000,2,36,37035.0000,2933.1144,2104.0000
TRIAL_SERIES:single,36000,2,37,37037.0000,3012.3768,2234.0000
TRIAL_SERIES:single,36000,2,38,37040.0000,2469.3276,1997.0000
TRIAL_SERIES:single,36000,2,39,37037.0000,50201.1667,5053.0000
TRIAL_SERIES:single,36000,2,40,37037.0000,15994.3904,3043.0000
TRIAL_SERIES:single,36000,2,41,37036.0000,2830.7167,2204.0000
TRIAL_SERIES:single,36000,2,42,37037.0000,2533.8306,2091.0000
TRIAL_SERIES:single,36000,2,43,37037.0000,2518.5916,2023.0000
TRIAL_SERIES:single,36000,2,44,37038.0000,2343.3614,1932.0000
TRIAL_SERIES:single,36000,2,45,37036.0000,7314.7825,2422.0000
TRIAL_SERIES:single,36000,2,46,37037.0000,2668.2073,2104.0000
TRIAL_SERIES:single,36000,2,47,37031.0000,3501.6238,2443.0000
TRIAL_SERIES:single,36000,2,48,37043.0000,2588.1912,2169.0000
TRIAL_SERIES:single,36000,2,49,37037.0000,3019.0577,2317.0000
TRIAL_SERIES:single,36000,2,50,37037.0000,2590.2704,2009.0000
TRIAL_SERIES:single,36000,2,51,37037.0000,2500.9534,2055.0000
TRIAL_SERIES:single,36000,2,52,37037.0000,2565.2750,2125.0000
TRIAL_SERIES:single,36000,2,53,37037.0000,2529.4872,2076.0000
TRIAL_SERIES:single,36000,2,54,37038.0000,2399.9897,1971.0000
TRIAL_SERIES:single,36000,2,55,37035.0000,44906.5085,40875.0000
TRIAL_SERIES:single,36000,2,56,37039.0000,2592.8943,2067.0000
TRIAL_SERIES:single,36000,2,57,37037.0000,2741.0134,2146.0000
TRIAL_SERIES:single,36000,2,58,37036.0000,3308.4543,2842.0000
TRIAL_SERIES:single,36000,2,59,37038.0000,2932.4920,2194.0000
TRIAL_SERIES:single,36000,2,60,37034.0000,2759.5379,2084.0000
TRIAL_SERIES:single,36000,2,61,0.0000,0.0000,0.0000
TRIAL_RESULT:single,36000,2,37036.9833,2443.0000,19800.4118,2443.0000,274473.0000
[2026-02-28 16:15:53] Benchmark run: phase=single step=2 target=36000 duration=60s trial=3 attempt=1
TRIAL_SERIES:single,36000,3,1,37033.0000,3398.0928,2538.0000
TRIAL_SERIES:single,36000,3,2,37041.0000,7730.9463,3030.0000
TRIAL_SERIES:single,36000,3,3,37037.0000,2826.2023,2071.0000
TRIAL_SERIES:single,36000,3,4,37038.0000,2712.2087,2092.0000
TRIAL_SERIES:single,36000,3,5,37035.0000,7722.9250,2883.0000
TRIAL_SERIES:single,36000,3,6,37038.0000,5859.0963,2544.0000
TRIAL_SERIES:single,36000,3,7,37036.0000,9979.9300,3354.0000
TRIAL_SERIES:single,36000,3,8,37037.0000,3100.1169,2259.0000
TRIAL_SERIES:single,36000,3,9,37039.0000,3458.8298,2463.0000
TRIAL_SERIES:single,36000,3,10,37035.0000,2534.5293,2079.0000
TRIAL_SERIES:single,36000,3,11,37038.0000,2498.3900,2084.0000
TRIAL_SERIES:single,36000,3,12,37036.0000,3077.5142,2431.0000
TRIAL_SERIES:single,36000,3,13,37038.0000,71628.7747,86206.5000
TRIAL_SERIES:single,36000,3,14,37037.0000,13731.4208,3101.0000
TRIAL_SERIES:single,36000,3,15,37036.0000,2541.3966,2099.0000
TRIAL_SERIES:single,36000,3,16,37036.0000,2958.2132,2251.0000
TRIAL_SERIES:single,36000,3,17,37039.0000,2635.6048,2213.0000
TRIAL_SERIES:single,36000,3,18,37037.0000,2530.9034,2175.0000
TRIAL_SERIES:single,36000,3,19,37037.0000,4456.5846,2505.0000
TRIAL_SERIES:single,36000,3,20,37038.0000,2615.8585,2160.0000
TRIAL_SERIES:single,36000,3,21,37020.0000,185116.7716,4099.5000
TRIAL_SERIES:single,36000,3,22,37051.0000,331946.6370,332098.0000
TRIAL_SERIES:single,36000,3,23,37037.0000,153262.3238,152923.0000
TRIAL_SERIES:single,36000,3,24,37040.0000,13754.5244,3484.0000
TRIAL_SERIES:single,36000,3,25,37037.0000,31008.1320,12414.0000
TRIAL_SERIES:single,36000,3,26,37037.0000,2904.0307,2311.0000
TRIAL_SERIES:single,36000,3,27,37037.0000,3094.6816,2376.0000
TRIAL_SERIES:single,36000,3,28,37036.0000,2534.9103,2047.0000
TRIAL_SERIES:single,36000,3,29,37038.0000,3644.7337,3028.0000
TRIAL_SERIES:single,36000,3,30,37037.0000,9014.7379,3935.0000
TRIAL_SERIES:single,36000,3,31,37036.0000,6180.2513,2668.0000
TRIAL_SERIES:single,36000,3,32,37038.0000,2829.4433,2316.5000
TRIAL_SERIES:single,36000,3,33,37037.0000,2621.3349,2168.0000
TRIAL_SERIES:single,36000,3,34,37037.0000,2665.7309,2157.0000
TRIAL_SERIES:single,36000,3,35,37037.0000,2588.7522,2073.0000
TRIAL_SERIES:single,36000,3,36,37036.0000,2715.3047,2124.0000
TRIAL_SERIES:single,36000,3,37,37038.0000,2928.1922,2417.5000
TRIAL_SERIES:single,36000,3,38,37037.0000,2668.1921,2287.0000
TRIAL_SERIES:single,36000,3,39,37038.0000,3216.7618,2432.0000
TRIAL_SERIES:single,36000,3,40,37017.0000,2525.7991,2124.0000
TRIAL_SERIES:single,36000,3,41,37056.0000,2714.3149,2299.0000
TRIAL_SERIES:single,36000,3,42,37037.0000,2727.6811,2208.0000
TRIAL_SERIES:single,36000,3,43,37037.0000,2539.4324,2241.0000
TRIAL_SERIES:single,36000,3,44,37037.0000,2740.2217,2261.0000
TRIAL_SERIES:single,36000,3,45,37037.0000,2491.6856,2075.0000
TRIAL_SERIES:single,36000,3,46,37037.0000,2629.7355,2144.0000
TRIAL_SERIES:single,36000,3,47,37038.0000,2581.6762,2245.0000
TRIAL_SERIES:single,36000,3,48,37037.0000,2330.8519,2103.0000
TRIAL_SERIES:single,36000,3,49,37036.0000,3056.5359,2373.0000
TRIAL_SERIES:single,36000,3,50,37036.0000,2481.9279,2159.0000
TRIAL_SERIES:single,36000,3,51,37039.0000,2469.2291,2158.0000
TRIAL_SERIES:single,36000,3,52,37037.0000,37996.2730,25650.0000
TRIAL_SERIES:single,36000,3,53,37037.0000,34175.1472,19427.0000
TRIAL_SERIES:single,36000,3,54,37036.0000,2438.9924,2155.0000
TRIAL_SERIES:single,36000,3,55,37038.0000,2442.6934,2076.0000
TRIAL_SERIES:single,36000,3,56,37037.0000,2599.6918,2078.0000
TRIAL_SERIES:single,36000,3,57,37035.0000,2525.2644,2208.0000
TRIAL_SERIES:single,36000,3,58,37039.0000,2386.6088,2120.0000
TRIAL_SERIES:single,36000,3,59,37033.0000,2822.8067,2201.0000
TRIAL_SERIES:single,36000,3,60,37041.0000,2301.1437,2090.0000
TRIAL_SERIES:single,36000,3,61,21.0000,1724.9048,1669.0000
TRIAL_RESULT:single,36000,3,36430.2131,2419.0000,17395.0765,2419.0000,374937.0000
[2026-02-28 16:18:12] Benchmark run: phase=single step=2 target=36000 duration=60s trial=4 attempt=1
TRIAL_SERIES:single,36000,4,1,37037.0000,3219.1394,2349.0000
TRIAL_SERIES:single,36000,4,2,37036.0000,2576.4476,2081.0000
TRIAL_SERIES:single,36000,4,3,37038.0000,3753.9427,2358.5000
TRIAL_SERIES:single,36000,4,4,37035.0000,4269.1371,2253.0000
TRIAL_SERIES:single,36000,4,5,37039.0000,3896.6398,2114.0000
TRIAL_SERIES:single,36000,4,6,37037.0000,3266.5335,2237.0000
TRIAL_SERIES:single,36000,4,7,37037.0000,3328.2042,2491.0000
TRIAL_SERIES:single,36000,4,8,37036.0000,2208.3190,1932.0000
TRIAL_SERIES:single,36000,4,9,37039.0000,26353.8081,4195.0000
TRIAL_SERIES:single,36000,4,10,37036.0000,2328.9717,2051.0000
TRIAL_SERIES:single,36000,4,11,37038.0000,140239.9346,147342.5000
TRIAL_SERIES:single,36000,4,12,37035.0000,16483.5828,3120.0000
TRIAL_SERIES:single,36000,4,13,37038.0000,2262.6582,1962.0000
TRIAL_SERIES:single,36000,4,14,37038.0000,2274.9058,1939.5000
TRIAL_SERIES:single,36000,4,15,37036.0000,2359.7581,1915.0000
TRIAL_SERIES:single,36000,4,16,37037.0000,2501.5732,1999.0000
TRIAL_SERIES:single,36000,4,17,37037.0000,2844.6872,2181.0000
TRIAL_SERIES:single,36000,4,18,37038.0000,2219.2400,1929.0000
TRIAL_SERIES:single,36000,4,19,37036.0000,58972.0712,63410.0000
TRIAL_SERIES:single,36000,4,20,37038.0000,2281.4433,2054.0000
TRIAL_SERIES:single,36000,4,21,37036.0000,2215.0919,1913.0000
TRIAL_SERIES:single,36000,4,22,37038.0000,2223.1233,1956.0000
TRIAL_SERIES:single,36000,4,23,37037.0000,2392.2600,2054.0000
TRIAL_SERIES:single,36000,4,24,37037.0000,2294.9418,2045.0000
TRIAL_SERIES:single,36000,4,25,37037.0000,2382.4052,1980.0000
TRIAL_SERIES:single,36000,4,26,37036.0000,2872.8409,2410.0000
TRIAL_SERIES:single,36000,4,27,37037.0000,46187.3551,3473.0000
TRIAL_SERIES:single,36000,4,28,37036.0000,25661.9898,3926.5000
TRIAL_SERIES:single,36000,4,29,37038.0000,3293.2997,2107.0000
TRIAL_SERIES:single,36000,4,30,37029.0000,2305.0229,1998.0000
TRIAL_SERIES:single,36000,4,31,37038.0000,2332.7375,1887.0000
TRIAL_SERIES:single,36000,4,32,37044.0000,2431.6730,2097.0000
TRIAL_SERIES:single,36000,4,33,37038.0000,2406.5653,2126.0000
TRIAL_SERIES:single,36000,4,34,37038.0000,4794.2608,2199.0000
TRIAL_SERIES:single,36000,4,35,37036.0000,2366.6185,1957.0000
TRIAL_SERIES:single,36000,4,36,37037.0000,2507.1838,2137.0000
TRIAL_SERIES:single,36000,4,37,37036.0000,4042.5266,2420.0000
TRIAL_SERIES:single,36000,4,38,37038.0000,2829.4335,2090.0000
TRIAL_SERIES:single,36000,4,39,37037.0000,2521.5473,2087.0000
TRIAL_SERIES:single,36000,4,40,37038.0000,2958.3845,2001.0000
TRIAL_SERIES:single,36000,4,41,37036.0000,3066.2058,1941.0000
TRIAL_SERIES:single,36000,4,42,37037.0000,2722.4235,2011.0000
TRIAL_SERIES:single,36000,4,43,37038.0000,2341.9083,1963.0000
TRIAL_SERIES:single,36000,4,44,37037.0000,2311.6405,1858.0000
TRIAL_SERIES:single,36000,4,45,37037.0000,2289.5188,1944.0000
TRIAL_SERIES:single,36000,4,46,37036.0000,2621.0455,2056.0000
TRIAL_SERIES:single,36000,4,47,37037.0000,2947.0384,2311.0000
TRIAL_SERIES:single,36000,4,48,37038.0000,2649.6161,2275.0000
TRIAL_SERIES:single,36000,4,49,37036.0000,25334.9794,3804.0000
TRIAL_SERIES:single,36000,4,50,37038.0000,10833.7524,2676.0000
TRIAL_SERIES:single,36000,4,51,37037.0000,2453.2952,1873.0000
TRIAL_SERIES:single,36000,4,52,37037.0000,2376.2052,1987.0000
TRIAL_SERIES:single,36000,4,53,37037.0000,2507.9454,2086.0000
TRIAL_SERIES:single,36000,4,54,37037.0000,2175.8951,1869.0000
TRIAL_SERIES:single,36000,4,55,37037.0000,2379.7374,1905.0000
TRIAL_SERIES:single,36000,4,56,37037.0000,2330.6355,1884.0000
TRIAL_SERIES:single,36000,4,57,37037.0000,2710.4658,2050.0000
TRIAL_SERIES:single,36000,4,58,37037.0000,2334.3111,1987.0000
TRIAL_SERIES:single,36000,4,59,37036.0000,2949.3384,2008.0000
TRIAL_SERIES:single,36000,4,60,37027.0000,2316.6819,2030.0000
TRIAL_SERIES:single,36000,4,61,0.0000,0.0000,0.0000
TRIAL_RESULT:single,36000,4,37036.8500,2150.0000,8171.9348,2150.0000,145234.0000
[2026-02-28 16:20:33] Benchmark run: phase=single step=2 target=36000 duration=60s trial=5 attempt=1
TRIAL_SERIES:single,36000,5,1,37037.0000,247502.8104,313159.0000
TRIAL_SERIES:single,36000,5,2,37037.0000,348967.8339,345024.0000
TRIAL_SERIES:single,36000,5,3,37027.0000,183285.2187,180429.0000
TRIAL_SERIES:single,36000,5,4,37046.0000,17226.0408,3338.0000
TRIAL_SERIES:single,36000,5,5,37039.0000,2335.3199,1935.0000
TRIAL_SERIES:single,36000,5,6,37036.0000,2597.6541,2031.0000
TRIAL_SERIES:single,36000,5,7,37038.0000,6798.7961,2797.0000
TRIAL_SERIES:single,36000,5,8,37031.0000,2681.2099,2043.0000
TRIAL_SERIES:single,36000,5,9,37042.0000,2760.9154,2096.0000
TRIAL_SERIES:single,36000,5,10,37037.0000,2380.3007,1991.0000
TRIAL_SERIES:single,36000,5,11,37037.0000,2765.6482,2014.0000
TRIAL_SERIES:single,36000,5,12,37035.0000,2683.6240,2180.0000
TRIAL_SERIES:single,36000,5,13,37039.0000,4768.4187,2212.0000
TRIAL_SERIES:single,36000,5,14,37031.0000,3002.2335,2190.0000
TRIAL_SERIES:single,36000,5,15,37042.0000,2704.4453,2128.0000
TRIAL_SERIES:single,36000,5,16,37039.0000,49590.1360,38794.0000
TRIAL_SERIES:single,36000,5,17,37037.0000,4792.6146,2461.0000
TRIAL_SERIES:single,36000,5,18,37036.0000,2587.7059,2132.0000
TRIAL_SERIES:single,36000,5,19,37037.0000,18621.3305,3947.0000
TRIAL_SERIES:single,36000,5,20,37036.0000,2253.6033,1875.0000
TRIAL_SERIES:single,36000,5,21,37038.0000,2315.0030,1954.0000
TRIAL_SERIES:single,36000,5,22,37038.0000,2436.0826,2047.0000
TRIAL_SERIES:single,36000,5,23,37036.0000,2416.0674,1990.0000
TRIAL_SERIES:single,36000,5,24,37038.0000,2514.6612,1946.0000
TRIAL_SERIES:single,36000,5,25,37037.0000,2346.7196,1945.0000
TRIAL_SERIES:single,36000,5,26,37032.0000,2416.7471,1918.0000
TRIAL_SERIES:single,36000,5,27,37042.0000,2560.0945,2033.0000
TRIAL_SERIES:single,36000,5,28,37037.0000,2314.6536,1978.0000
TRIAL_SERIES:single,36000,5,29,37037.0000,3472.3240,2215.0000
TRIAL_SERIES:single,36000,5,30,37037.0000,2447.9405,2191.0000
TRIAL_SERIES:single,36000,5,31,37033.0000,2372.6758,2052.0000
TRIAL_SERIES:single,36000,5,32,37041.0000,2399.4463,2099.0000
TRIAL_SERIES:single,36000,5,33,37037.0000,2271.8330,1959.0000
TRIAL_SERIES:single,36000,5,34,37037.0000,2479.4633,2109.0000
TRIAL_SERIES:single,36000,5,35,37038.0000,2221.8081,1992.0000
TRIAL_SERIES:single,36000,5,36,37036.0000,2660.9773,2028.0000
TRIAL_SERIES:single,36000,5,37,37037.0000,2499.5293,2019.0000
TRIAL_SERIES:single,36000,5,38,37037.0000,2405.0386,2086.0000
TRIAL_SERIES:single,36000,5,39,37037.0000,2461.9261,2016.0000
TRIAL_SERIES:single,36000,5,40,37037.0000,2332.0489,1926.0000
TRIAL_SERIES:single,36000,5,41,37037.0000,2606.4746,2034.0000
TRIAL_SERIES:single,36000,5,42,36995.0000,33892.9618,14733.0000
TRIAL_SERIES:single,36000,5,43,37078.0000,2236.6727,1903.0000
TRIAL_SERIES:single,36000,5,44,37039.0000,6712.0755,2472.0000
TRIAL_SERIES:single,36000,5,45,37036.0000,2126.8724,1888.0000
TRIAL_SERIES:single,36000,5,46,37036.0000,2449.7075,1973.0000
TRIAL_SERIES:single,36000,5,47,37039.0000,40659.3691,25604.0000
TRIAL_SERIES:single,36000,5,48,37036.0000,2232.9998,1932.0000
TRIAL_SERIES:single,36000,5,49,37037.0000,2435.8397,1994.0000
TRIAL_SERIES:single,36000,5,50,37038.0000,2419.7592,1992.0000
TRIAL_SERIES:single,36000,5,51,37036.0000,2417.5136,2076.0000
TRIAL_SERIES:single,36000,5,52,37038.0000,2386.2271,2099.0000
TRIAL_SERIES:single,36000,5,53,37036.0000,2517.3194,2149.0000
TRIAL_SERIES:single,36000,5,54,37037.0000,2855.7726,2178.0000
TRIAL_SERIES:single,36000,5,55,37036.0000,2320.7631,1981.5000
TRIAL_SERIES:single,36000,5,56,37036.0000,2665.6800,2230.0000
TRIAL_SERIES:single,36000,5,57,37040.0000,2574.4960,1942.0000
TRIAL_SERIES:single,36000,5,58,37037.0000,2338.1835,1993.0000
TRIAL_SERIES:single,36000,5,59,37035.0000,236743.3937,261754.0000
TRIAL_SERIES:single,36000,5,60,37014.0000,117770.3176,118305.0000
TRIAL_SERIES:single,36000,5,61,0.0000,0.0000,0.0000
TRIAL_RESULT:single,36000,5,37036.6167,2253.0000,23864.4374,2253.0000,345625.0000
[2026-02-28 16:22:51] Eval 1 result: target=36000 avg_thr=36794.1556 median_lat_us=2419.0000 mean_lat_us=5734149.4387 p99_lat_us=9070010.4000 pass=true status=ok
[2026-02-28 16:22:51] Single-target complete: slowdown_type=cpu step=2 target=36000 observed_throughput=36794.1556 observed_latency_us=2419.0000
RESULTS:36794.1556,2419.0000
RESULTS_EXT:36794.1556,2419.0000,5734149.4387,2419.0000,9070010.4000
[2026-02-28 16:22:52] Completed step 2c: observed_thr=36794.1556, mean_lat_us=5734149.4387, median_lat_us=2419.0000, p99_lat_us=9070010.4000
[2026-02-28 16:22:52] Starting slowdown-profile step 1c: target throughput 30000 ops/s, trials=5, duration=60s
[2026-02-28 16:22:52] Restoring snapshot 'baseline' before step 1c
[2026-02-28 16:24:41] Running mode=single, slowdown_type=cpu, step=1, client_type=hybrid
[2026-02-28 16:24:43] Warming up cluster with 5 lightweight CQL probe(s) per node
[2026-02-28 16:24:54] Applying CPU limit on ccl1.cyber.lab (cassandra-node-1): 0-0
[2026-02-28 16:24:54] Applying CPU limit on ccl2.cyber.lab (cassandra-node-2): 0-3
[2026-02-28 16:24:55] Applying CPU limit on ccl3.cyber.lab (cassandra-node-3): 0-3
[2026-02-28 16:24:57] Eval 1: phase=single target=30000 trials=5 duration=60s
[2026-02-28 16:24:57] Benchmark run: phase=single step=1 target=30000 duration=60s trial=1 attempt=1
TRIAL_SERIES:single,30000,1,1,30289.0000,2512652.8592,2541065.0000
TRIAL_SERIES:single,30000,1,2,30291.0000,6251956.7880,6329645.0000
TRIAL_SERIES:single,30000,1,3,30328.0000,8783847.8437,8796825.0000
TRIAL_SERIES:single,30000,1,4,30305.0000,11041384.8708,11040303.0000
TRIAL_SERIES:single,30000,1,5,30294.0000,13142691.0834,13138696.0000
TRIAL_SERIES:single,30000,1,6,30309.0000,15203810.5067,15202256.0000
TRIAL_SERIES:single,30000,1,7,30305.0000,17271331.4794,17289978.0000
TRIAL_SERIES:single,30000,1,8,30302.0000,19321949.7979,19328313.0000
TRIAL_SERIES:single,30000,1,9,30301.0000,21380960.3750,21364605.0000
TRIAL_SERIES:single,30000,1,10,30295.0000,23348914.7502,23343182.0000
TRIAL_SERIES:single,30000,1,11,30313.0000,25267275.4337,25270091.0000
TRIAL_SERIES:single,30000,1,12,30301.0000,27212534.1213,27200603.0000
TRIAL_SERIES:single,30000,1,13,30284.0000,29038529.4208,29038555.0000
TRIAL_SERIES:single,30000,1,14,30324.0000,30878112.6573,30875346.5000
TRIAL_SERIES:single,30000,1,15,30303.0000,32689668.0619,32697229.0000
TRIAL_SERIES:single,30000,1,16,30304.0000,34439569.3206,34440720.5000
TRIAL_SERIES:single,30000,1,17,30294.0000,36125735.3532,36119914.5000
TRIAL_SERIES:single,30000,1,18,30313.0000,37784465.0316,37778220.0000
TRIAL_SERIES:single,30000,1,19,30302.0000,39480161.7630,39474565.5000
TRIAL_SERIES:single,30000,1,20,30303.0000,41169297.7018,41172118.0000
TRIAL_SERIES:single,30000,1,21,30304.0000,42800373.1621,42800506.5000
TRIAL_SERIES:single,30000,1,22,30303.0000,44461415.5193,44460024.0000
TRIAL_SERIES:single,30000,1,23,30301.0000,46089511.2838,46084893.0000
TRIAL_SERIES:single,30000,1,24,30304.0000,47698983.2153,47706465.0000
TRIAL_SERIES:single,30000,1,25,30301.0000,49235032.3105,49242584.0000
TRIAL_SERIES:single,30000,1,26,30295.0000,50788215.8187,50803713.0000
TRIAL_SERIES:single,30000,1,27,30314.0000,52260224.3610,52260776.0000
TRIAL_SERIES:single,30000,1,28,30301.0000,53791910.4632,53766157.0000
TRIAL_SERIES:single,30000,1,29,30304.0000,55714611.4432,55741020.5000
TRIAL_SERIES:single,30000,1,30,30298.0000,57578793.5117,57574822.5000
TRIAL_SERIES:single,30000,1,31,30309.0000,59412074.9820,59422537.0000
TRIAL_SERIES:single,30000,1,32,30302.0000,61165422.7205,61165175.0000
TRIAL_SERIES:single,30000,1,33,30295.0000,62903402.2119,62912828.0000
TRIAL_SERIES:single,30000,1,34,30309.0000,64658779.4464,64644489.0000
TRIAL_SERIES:single,30000,1,35,30301.0000,66447403.3351,66422068.0000
TRIAL_SERIES:single,30000,1,36,30308.0000,68331652.8686,68335012.0000
TRIAL_SERIES:single,30000,1,37,30303.0000,70082624.8222,70080636.0000
TRIAL_SERIES:single,30000,1,38,30293.0000,71802041.4447,71812143.0000
TRIAL_SERIES:single,30000,1,39,30313.0000,73492228.2781,73497443.0000
TRIAL_SERIES:single,30000,1,40,30303.0000,75154322.1503,75163660.0000
TRIAL_SERIES:single,30000,1,41,30302.0000,76815736.3488,76816423.0000
TRIAL_SERIES:single,30000,1,42,30296.0000,78410461.0382,78414240.5000
TRIAL_SERIES:single,30000,1,43,30311.0000,79900374.0672,79887952.0000
TRIAL_SERIES:single,30000,1,44,30304.0000,81395648.0547,81389622.0000
TRIAL_SERIES:single,30000,1,45,30294.0000,82907327.7097,82908603.5000
TRIAL_SERIES:single,30000,1,46,30292.0000,84393178.6886,84400048.5000
TRIAL_SERIES:single,30000,1,47,30323.0000,85864290.7488,85857320.0000
TRIAL_SERIES:single,30000,1,48,30299.0000,87356382.7225,87359648.0000
TRIAL_SERIES:single,30000,1,49,30291.0000,88848153.2408,88842670.0000
TRIAL_SERIES:single,30000,1,50,30315.0000,90534091.7127,90351947.0000
TRIAL_SERIES:single,30000,1,51,30306.0000,92496178.6502,92496068.0000
TRIAL_SERIES:single,30000,1,52,30295.0000,93710274.0598,93705824.0000
TRIAL_SERIES:single,30000,1,53,30310.0000,94913047.1030,94915034.0000
TRIAL_SERIES:single,30000,1,54,30297.0000,96136714.6297,96138086.0000
TRIAL_SERIES:single,30000,1,55,30311.0000,97367571.0429,97363557.0000
TRIAL_SERIES:single,30000,1,56,30300.0000,98594520.3503,98597184.5000
TRIAL_SERIES:single,30000,1,57,30304.0000,99807229.6913,99808912.5000
TRIAL_SERIES:single,30000,1,58,30303.0000,101004327.3439,101009744.0000
TRIAL_SERIES:single,30000,1,59,30289.0000,102179333.9123,102183799.0000
TRIAL_SERIES:single,30000,1,60,30297.0000,103332047.8799,103333142.0000
TRIAL_SERIES:single,30000,1,61,46.0000,103904195.0000,103895418.5000
TRIAL_SERIES:single,30000,1,62,0.0000,0.0000,0.0000
TRIAL_SERIES:single,30000,1,63,0.0000,0.0000,0.0000
TRIAL_SERIES:single,30000,1,64,0.0000,0.0000,0.0000
TRIAL_SERIES:single,30000,1,65,0.0000,0.0000,0.0000
TRIAL_SERIES:single,30000,1,66,0.0000,0.0000,0.0000
TRIAL_SERIES:single,30000,1,67,0.0000,0.0000,0.0000
TRIAL_SERIES:single,30000,1,68,0.0000,0.0000,0.0000
TRIAL_SERIES:single,30000,1,69,0.0000,0.0000,0.0000
TRIAL_SERIES:single,30000,1,70,0.0000,0.0000,0.0000
TRIAL_SERIES:single,30000,1,71,0.0000,0.0000,0.0000
TRIAL_SERIES:single,30000,1,72,0.0000,0.0000,0.0000
TRIAL_SERIES:single,30000,1,73,0.0000,0.0000,0.0000
TRIAL_SERIES:single,30000,1,74,0.0000,0.0000,0.0000
TRIAL_SERIES:single,30000,1,75,0.0000,0.0000,0.0000
TRIAL_SERIES:single,30000,1,76,0.0000,0.0000,0.0000
TRIAL_SERIES:single,30000,1,77,0.0000,0.0000,0.0000
TRIAL_SERIES:single,30000,1,78,0.0000,0.0000,0.0000
TRIAL_SERIES:single,30000,1,79,0.0000,0.0000,0.0000
TRIAL_SERIES:single,30000,1,80,0.0000,0.0000,0.0000
TRIAL_SERIES:single,30000,1,81,0.0000,0.0000,0.0000
TRIAL_SERIES:single,30000,1,82,0.0000,0.0000,0.0000
TRIAL_SERIES:single,30000,1,83,0.0000,0.0000,0.0000
TRIAL_SERIES:single,30000,1,84,0.0000,0.0000,0.0000
TRIAL_SERIES:single,30000,1,85,0.0000,0.0000,0.0000
TRIAL_SERIES:single,30000,1,86,0.0000,0.0000,0.0000
TRIAL_SERIES:single,30000,1,87,0.0000,0.0000,0.0000
TRIAL_SERIES:single,30000,1,88,0.0000,0.0000,0.0000
TRIAL_SERIES:single,30000,1,89,0.0000,0.0000,0.0000
TRIAL_SERIES:single,30000,1,90,0.0000,0.0000,0.0000
TRIAL_SERIES:single,30000,1,91,0.0000,0.0000,0.0000
TRIAL_SERIES:single,30000,1,92,0.0000,0.0000,0.0000
TRIAL_SERIES:single,30000,1,93,0.0000,0.0000,0.0000
TRIAL_SERIES:single,30000,1,94,0.0000,0.0000,0.0000
TRIAL_SERIES:single,30000,1,95,0.0000,0.0000,0.0000
TRIAL_SERIES:single,30000,1,96,0.0000,0.0000,0.0000
TRIAL_SERIES:single,30000,1,97,0.0000,0.0000,0.0000
TRIAL_SERIES:single,30000,1,98,0.0000,0.0000,0.0000
TRIAL_SERIES:single,30000,1,99,0.0000,0.0000,0.0000
TRIAL_SERIES:single,30000,1,100,0.0000,0.0000,0.0000
TRIAL_SERIES:single,30000,1,101,0.0000,0.0000,0.0000
TRIAL_SERIES:single,30000,1,102,0.0000,0.0000,0.0000
TRIAL_SERIES:single,30000,1,103,0.0000,0.0000,0.0000
TRIAL_SERIES:single,30000,1,104,0.0000,0.0000,0.0000
TRIAL_SERIES:single,30000,1,105,0.0000,0.0000,0.0000
TRIAL_SERIES:single,30000,1,106,0.0000,0.0000,0.0000
TRIAL_SERIES:single,30000,1,107,0.0000,0.0000,0.0000
TRIAL_SERIES:single,30000,1,108,0.0000,0.0000,0.0000
TRIAL_SERIES:single,30000,1,109,0.0000,0.0000,0.0000
TRIAL_SERIES:single,30000,1,110,0.0000,0.0000,0.0000
TRIAL_SERIES:single,30000,1,111,0.0000,0.0000,0.0000
TRIAL_SERIES:single,30000,1,112,0.0000,0.0000,0.0000
TRIAL_SERIES:single,30000,1,113,0.0000,0.0000,0.0000
TRIAL_SERIES:single,30000,1,114,0.0000,0.0000,0.0000
TRIAL_SERIES:single,30000,1,115,0.0000,0.0000,0.0000
TRIAL_SERIES:single,30000,1,116,0.0000,0.0000,0.0000
TRIAL_SERIES:single,30000,1,117,0.0000,0.0000,0.0000
TRIAL_SERIES:single,30000,1,118,0.0000,0.0000,0.0000
TRIAL_SERIES:single,30000,1,119,0.0000,0.0000,0.0000
TRIAL_SERIES:single,30000,1,120,0.0000,0.0000,0.0000
TRIAL_SERIES:single,30000,1,121,0.0000,0.0000,0.0000
TRIAL_SERIES:single,30000,1,122,0.0000,0.0000,0.0000
TRIAL_SERIES:single,30000,1,123,0.0000,0.0000,0.0000
TRIAL_SERIES:single,30000,1,124,0.0000,0.0000,0.0000
TRIAL_SERIES:single,30000,1,125,0.0000,0.0000,0.0000
TRIAL_SERIES:single,30000,1,126,0.0000,0.0000,0.0000
TRIAL_SERIES:single,30000,1,127,0.0000,0.0000,0.0000
TRIAL_SERIES:single,30000,1,128,0.0000,0.0000,0.0000
TRIAL_SERIES:single,30000,1,129,0.0000,0.0000,0.0000
TRIAL_SERIES:single,30000,1,130,0.0000,0.0000,0.0000
TRIAL_SERIES:single,30000,1,131,0.0000,0.0000,0.0000
TRIAL_SERIES:single,30000,1,132,0.0000,0.0000,0.0000
TRIAL_SERIES:single,30000,1,133,0.0000,0.0000,0.0000
TRIAL_SERIES:single,30000,1,134,0.0000,0.0000,0.0000
TRIAL_SERIES:single,30000,1,135,0.0000,0.0000,0.0000
TRIAL_SERIES:single,30000,1,136,0.0000,0.0000,0.0000
TRIAL_SERIES:single,30000,1,137,0.0000,0.0000,0.0000
TRIAL_SERIES:single,30000,1,138,0.0000,0.0000,0.0000
TRIAL_SERIES:single,30000,1,139,0.0000,0.0000,0.0000
TRIAL_SERIES:single,30000,1,140,0.0000,0.0000,0.0000
TRIAL_SERIES:single,30000,1,141,0.0000,0.0000,0.0000
TRIAL_SERIES:single,30000,1,142,0.0000,0.0000,0.0000
TRIAL_SERIES:single,30000,1,143,0.0000,0.0000,0.0000
TRIAL_SERIES:single,30000,1,144,0.0000,0.0000,0.0000
TRIAL_SERIES:single,30000,1,145,0.0000,0.0000,0.0000
TRIAL_SERIES:single,30000,1,146,0.0000,0.0000,0.0000
TRIAL_SERIES:single,30000,1,147,0.0000,0.0000,0.0000
TRIAL_SERIES:single,30000,1,148,0.0000,0.0000,0.0000
TRIAL_SERIES:single,30000,1,149,0.0000,0.0000,0.0000
TRIAL_SERIES:single,30000,1,150,0.0000,0.0000,0.0000
TRIAL_SERIES:single,30000,1,151,0.0000,0.0000,0.0000
TRIAL_SERIES:single,30000,1,152,0.0000,0.0000,0.0000
TRIAL_SERIES:single,30000,1,153,0.0000,0.0000,0.0000
TRIAL_SERIES:single,30000,1,154,0.0000,0.0000,0.0000
TRIAL_SERIES:single,30000,1,155,0.0000,0.0000,0.0000
TRIAL_SERIES:single,30000,1,156,0.0000,0.0000,0.0000
TRIAL_SERIES:single,30000,1,157,0.0000,0.0000,0.0000
TRIAL_SERIES:single,30000,1,158,0.0000,0.0000,0.0000
TRIAL_SERIES:single,30000,1,159,0.0000,0.0000,0.0000
TRIAL_SERIES:single,30000,1,160,0.0000,0.0000,0.0000
TRIAL_SERIES:single,30000,1,161,0.0000,0.0000,0.0000
TRIAL_SERIES:single,30000,1,162,0.0000,0.0000,0.0000
TRIAL_SERIES:single,30000,1,163,0.0000,0.0000,0.0000
TRIAL_SERIES:single,30000,1,164,0.0000,0.0000,0.0000
TRIAL_RESULT:single,30000,1,29806.6557,58499223.0000,57703894.1760,58499223.0000,103216389.0000
[2026-02-28 16:29:12] Benchmark run: phase=single step=1 target=30000 duration=60s trial=2 attempt=1
TRIAL_SERIES:single,30000,2,1,30299.0000,476426.4337,490953.0000
TRIAL_SERIES:single,30000,2,2,30306.0000,1110531.8082,1118413.0000
TRIAL_SERIES:single,30000,2,3,30302.0000,1575958.2936,1571753.5000
TRIAL_SERIES:single,30000,2,4,30304.0000,2030120.8298,2024784.5000
TRIAL_SERIES:single,30000,2,5,30299.0000,2464056.7582,2469329.0000
TRIAL_SERIES:single,30000,2,6,30307.0000,2894928.7349,2897229.0000
TRIAL_SERIES:single,30000,2,7,30302.0000,3339958.4952,3335147.0000
TRIAL_SERIES:single,30000,2,8,30305.0000,3762914.7525,3764225.0000
TRIAL_SERIES:single,30000,2,9,30304.0000,4161555.9426,4163907.5000
TRIAL_SERIES:single,30000,2,10,30299.0000,4535509.1524,4533623.0000
TRIAL_SERIES:single,30000,2,11,30305.0000,4951775.9970,4951261.0000
TRIAL_SERIES:single,30000,2,12,30304.0000,5396899.2828,5386583.5000
TRIAL_SERIES:single,30000,2,13,30303.0000,5841143.1699,5841526.0000
TRIAL_SERIES:single,30000,2,14,30301.0000,6264063.4260,6202138.0000
TRIAL_SERIES:single,30000,2,15,30302.0000,6719114.0098,6718475.5000
TRIAL_SERIES:single,30000,2,16,30304.0000,7074308.1189,7076134.0000
TRIAL_SERIES:single,30000,2,17,30300.0000,7424168.9146,7427786.0000
TRIAL_SERIES:single,30000,2,18,30307.0000,7762752.7929,7754930.0000
TRIAL_SERIES:single,30000,2,19,30304.0000,8118111.6286,8118863.0000
TRIAL_SERIES:single,30000,2,20,30271.0000,8466589.2503,8463404.0000
TRIAL_SERIES:single,30000,2,21,30335.0000,8840998.5316,8843842.0000
TRIAL_SERIES:single,30000,2,22,30304.0000,9167531.0950,9170251.5000
TRIAL_SERIES:single,30000,2,23,30301.0000,9472089.3184,9472517.0000
TRIAL_SERIES:single,30000,2,24,30305.0000,9779994.9262,9779282.0000
TRIAL_SERIES:single,30000,2,25,30302.0000,10081695.5579,10079706.0000
TRIAL_SERIES:single,30000,2,26,30302.0000,10349175.9940,10349218.0000
TRIAL_SERIES:single,30000,2,27,30304.0000,10598515.7433,10600722.5000
TRIAL_SERIES:single,30000,2,28,30298.0000,10852603.9614,10854879.5000
TRIAL_SERIES:single,30000,2,29,30308.0000,11111176.6021,11109171.5000
TRIAL_SERIES:single,30000,2,30,30303.0000,11362859.5432,11362278.0000
TRIAL_SERIES:single,30000,2,31,30303.0000,11633796.8199,11638246.0000
TRIAL_SERIES:single,30000,2,32,30304.0000,11896327.4177,11890645.5000
TRIAL_SERIES:single,30000,2,33,30302.0000,12153325.2354,12151211.5000
TRIAL_SERIES:single,30000,2,34,30304.0000,12417484.6735,12416859.5000
TRIAL_SERIES:single,30000,2,35,30303.0000,12679924.3568,12680227.0000
TRIAL_SERIES:single,30000,2,36,30301.0000,13093613.1274,13113339.0000
TRIAL_SERIES:single,30000,2,37,30305.0000,13382474.7583,13388927.0000
TRIAL_SERIES:single,30000,2,38,30302.0000,13631207.8773,13629824.0000
TRIAL_SERIES:single,30000,2,39,30300.0000,13893725.6190,13893404.5000
TRIAL_SERIES:single,30000,2,40,30307.0000,14158748.2583,14153817.0000
TRIAL_SERIES:single,30000,2,41,30302.0000,14431573.9173,14436434.5000
TRIAL_SERIES:single,30000,2,42,30304.0000,14685856.7563,14682461.5000
TRIAL_SERIES:single,30000,2,43,30304.0000,14953298.4127,14949810.5000
TRIAL_SERIES:single,30000,2,44,30303.0000,15232705.7281,15237264.0000
TRIAL_SERIES:single,30000,2,45,30302.0000,15487173.9228,15480017.5000
TRIAL_SERIES:single,30000,2,46,30303.0000,15763346.1250,15765774.0000
TRIAL_SERIES:single,30000,2,47,30300.0000,16038450.9917,16044917.5000
TRIAL_SERIES:single,30000,2,48,30301.0000,16278066.1119,16274381.0000
TRIAL_SERIES:single,30000,2,49,30308.0000,17015165.8965,17269910.0000
TRIAL_SERIES:single,30000,2,50,30296.0000,17460257.1251,17461761.5000
TRIAL_SERIES:single,30000,2,51,30310.0000,17651396.8599,17646813.5000
TRIAL_SERIES:single,30000,2,52,30303.0000,17830651.1567,17825996.0000
TRIAL_SERIES:single,30000,2,53,30302.0000,18004588.8052,18003579.0000
TRIAL_SERIES:single,30000,2,54,30304.0000,18181361.4368,18187195.0000
TRIAL_SERIES:single,30000,2,55,30303.0000,18366928.5761,18363006.0000
TRIAL_SERIES:single,30000,2,56,30304.0000,18543657.7576,18538423.0000
TRIAL_SERIES:single,30000,2,57,30302.0000,18776258.7454,18790227.0000
TRIAL_SERIES:single,30000,2,58,30304.0000,18968972.2289,18968517.5000
TRIAL_SERIES:single,30000,2,59,30303.0000,19137101.1486,19131340.0000
TRIAL_SERIES:single,30000,2,60,30303.0000,19309674.6862,19294016.0000
TRIAL_SERIES:single,30000,2,61,12.0000,19502864.2500,19495669.5000
TRIAL_SERIES:single,30000,2,62,0.0000,0.0000,0.0000
TRIAL_SERIES:single,30000,2,63,0.0000,0.0000,0.0000
TRIAL_SERIES:single,30000,2,64,0.0000,0.0000,0.0000
TRIAL_SERIES:single,30000,2,65,0.0000,0.0000,0.0000
TRIAL_SERIES:single,30000,2,66,0.0000,0.0000,0.0000
TRIAL_SERIES:single,30000,2,67,0.0000,0.0000,0.0000
TRIAL_SERIES:single,30000,2,68,0.0000,0.0000,0.0000
TRIAL_SERIES:single,30000,2,69,0.0000,0.0000,0.0000
TRIAL_SERIES:single,30000,2,70,0.0000,0.0000,0.0000
TRIAL_SERIES:single,30000,2,71,0.0000,0.0000,0.0000
TRIAL_SERIES:single,30000,2,72,0.0000,0.0000,0.0000
TRIAL_SERIES:single,30000,2,73,0.0000,0.0000,0.0000
TRIAL_SERIES:single,30000,2,74,0.0000,0.0000,0.0000
TRIAL_SERIES:single,30000,2,75,0.0000,0.0000,0.0000
TRIAL_SERIES:single,30000,2,76,0.0000,0.0000,0.0000
TRIAL_SERIES:single,30000,2,77,0.0000,0.0000,0.0000
TRIAL_SERIES:single,30000,2,78,0.0000,0.0000,0.0000
TRIAL_SERIES:single,30000,2,79,0.0000,0.0000,0.0000
TRIAL_SERIES:single,30000,2,80,0.0000,0.0000,0.0000
TRIAL_RESULT:single,30000,2,29806.4590,11495881.5000,11117489.8630,11495881.5000,19281304.0000
[2026-02-28 16:31:46] Benchmark run: phase=single step=1 target=30000 duration=60s trial=3 attempt=1
TRIAL_SERIES:single,30000,3,1,30303.0000,11724.8557,9317.0000
TRIAL_SERIES:single,30000,3,2,30303.0000,6828.1904,1828.0000
TRIAL_SERIES:single,30000,3,3,30303.0000,6258.4083,1729.0000
TRIAL_SERIES:single,30000,3,4,30302.0000,30414.7559,22128.0000
TRIAL_SERIES:single,30000,3,5,30304.0000,6381.4613,1740.0000
TRIAL_SERIES:single,30000,3,6,30303.0000,5863.6286,1745.0000
TRIAL_SERIES:single,30000,3,7,30298.0000,9306.4731,5378.5000
TRIAL_SERIES:single,30000,3,8,30308.0000,70509.3925,38458.5000
TRIAL_SERIES:single,30000,3,9,30302.0000,67960.1504,74984.5000
TRIAL_SERIES:single,30000,3,10,30303.0000,5426.3632,1729.0000
TRIAL_SERIES:single,30000,3,11,30304.0000,5605.1165,1693.0000
TRIAL_SERIES:single,30000,3,12,30303.0000,5831.6273,1782.0000
TRIAL_SERIES:single,30000,3,13,30304.0000,6063.6556,1668.0000
TRIAL_SERIES:single,30000,3,14,30303.0000,11362.9424,5020.0000
TRIAL_SERIES:single,30000,3,15,30302.0000,5410.2637,1686.0000
TRIAL_SERIES:single,30000,3,16,30304.0000,5588.1098,1706.0000
TRIAL_SERIES:single,30000,3,17,30303.0000,5788.3192,1753.0000
TRIAL_SERIES:single,30000,3,18,30302.0000,5724.6614,1699.0000
TRIAL_SERIES:single,30000,3,19,30304.0000,5315.2896,1683.0000
TRIAL_SERIES:single,30000,3,20,30302.0000,10660.4035,6323.0000
TRIAL_SERIES:single,30000,3,21,30304.0000,5663.0114,1674.0000
TRIAL_SERIES:single,30000,3,22,30302.0000,5363.4540,1673.0000
TRIAL_SERIES:single,30000,3,23,30302.0000,5436.2039,1690.0000
TRIAL_SERIES:single,30000,3,24,30302.0000,5986.6877,1717.0000
TRIAL_SERIES:single,30000,3,25,30305.0000,5639.3900,1713.0000
TRIAL_SERIES:single,30000,3,26,30303.0000,5623.4450,1710.0000
TRIAL_SERIES:single,30000,3,27,30303.0000,7854.3207,2382.0000
TRIAL_SERIES:single,30000,3,28,30304.0000,6703.0477,1674.0000
TRIAL_SERIES:single,30000,3,29,30303.0000,7910.9820,2513.0000
TRIAL_SERIES:single,30000,3,30,30303.0000,6870.7012,1724.0000
TRIAL_SERIES:single,30000,3,31,30301.0000,6915.1549,1687.0000
TRIAL_SERIES:single,30000,3,32,30305.0000,6577.7672,1695.0000
TRIAL_SERIES:single,30000,3,33,30302.0000,6551.6349,1863.0000
TRIAL_SERIES:single,30000,3,34,30304.0000,6114.8067,1689.0000
TRIAL_SERIES:single,30000,3,35,30303.0000,6226.9915,1704.0000
TRIAL_SERIES:single,30000,3,36,30303.0000,11410.0154,9018.0000
TRIAL_SERIES:single,30000,3,37,30301.0000,16921.2702,15224.0000
TRIAL_SERIES:single,30000,3,38,30299.0000,51783.2039,51789.0000
TRIAL_SERIES:single,30000,3,39,30309.0000,64599.2453,62821.0000
TRIAL_SERIES:single,30000,3,40,30303.0000,19877.1396,17930.0000
TRIAL_SERIES:single,30000,3,41,30303.0000,14820.3464,12709.0000
TRIAL_SERIES:single,30000,3,42,30303.0000,88810.5653,102160.0000
TRIAL_SERIES:single,30000,3,43,30302.0000,19743.3720,15535.5000
TRIAL_SERIES:single,30000,3,44,30305.0000,6408.2433,1745.0000
TRIAL_SERIES:single,30000,3,45,30296.0000,6764.0335,1710.5000
TRIAL_SERIES:single,30000,3,46,30309.0000,71965.0207,85082.0000
TRIAL_SERIES:single,30000,3,47,30302.0000,138394.2789,135977.5000
TRIAL_SERIES:single,30000,3,48,30273.0000,420499.5161,239223.0000
TRIAL_SERIES:single,30000,3,49,30335.0000,818520.1726,823121.0000
TRIAL_SERIES:single,30000,3,50,30294.0000,762523.3162,763726.0000
TRIAL_SERIES:single,30000,3,51,30311.0000,734712.3304,734764.0000
TRIAL_SERIES:single,30000,3,52,30303.0000,641939.0760,647437.0000
TRIAL_SERIES:single,30000,3,53,30303.0000,521180.7525,521590.0000
TRIAL_SERIES:single,30000,3,54,30303.0000,403437.1131,404813.0000
TRIAL_SERIES:single,30000,3,55,30302.0000,292377.3393,291783.0000
TRIAL_SERIES:single,30000,3,56,30304.0000,183374.3719,183632.5000
TRIAL_SERIES:single,30000,3,57,30302.0000,83500.6016,85837.0000
TRIAL_SERIES:single,30000,3,58,30305.0000,7499.3619,2067.0000
TRIAL_SERIES:single,30000,3,59,30301.0000,6529.2238,1878.0000
TRIAL_SERIES:single,30000,3,60,30303.0000,5259.8813,1737.0000
TRIAL_SERIES:single,30000,3,61,13.0000,3388.0769,1175.0000
TRIAL_RESULT:single,30000,3,29806.4426,11754.0000,96278.3481,11754.0000,832192.0000
[2026-02-28 16:33:58] Benchmark run: phase=single step=1 target=30000 duration=60s trial=4 attempt=1
TRIAL_SERIES:single,30000,4,1,30302.0000,138169.1342,154529.5000
TRIAL_SERIES:single,30000,4,2,30303.0000,278824.4769,277777.0000
TRIAL_SERIES:single,30000,4,3,30304.0000,405065.7546,407186.5000
TRIAL_SERIES:single,30000,4,4,30302.0000,517129.9596,524254.0000
TRIAL_SERIES:single,30000,4,5,30304.0000,608121.2193,606566.0000
TRIAL_SERIES:single,30000,4,6,30304.0000,695232.6260,692595.5000
TRIAL_SERIES:single,30000,4,7,30301.0000,762199.9510,766248.0000
TRIAL_SERIES:single,30000,4,8,30299.0000,774811.7787,770007.0000
TRIAL_SERIES:single,30000,4,9,30308.0000,800265.4316,801815.0000
TRIAL_SERIES:single,30000,4,10,30302.0000,838056.9819,838131.0000
TRIAL_SERIES:single,30000,4,11,30304.0000,860924.6774,858925.0000
TRIAL_SERIES:single,30000,4,12,30303.0000,884791.3583,884182.0000
TRIAL_SERIES:single,30000,4,13,30302.0000,888013.4405,883705.5000
TRIAL_SERIES:single,30000,4,14,30304.0000,879879.7683,876656.0000
TRIAL_SERIES:single,30000,4,15,30302.0000,855079.5658,857204.0000
TRIAL_SERIES:single,30000,4,16,30304.0000,808130.9457,811100.0000
TRIAL_SERIES:single,30000,4,17,30303.0000,730277.1135,731061.0000
TRIAL_SERIES:single,30000,4,18,30304.0000,645759.1065,649885.0000
TRIAL_SERIES:single,30000,4,19,30295.0000,595074.1423,580624.0000
TRIAL_SERIES:single,30000,4,20,30309.0000,569437.6922,573396.0000
TRIAL_SERIES:single,30000,4,21,30304.0000,450304.1189,451434.0000
TRIAL_SERIES:single,30000,4,22,30303.0000,361571.7123,353953.0000
TRIAL_SERIES:single,30000,4,23,30303.0000,363979.0590,364585.0000
TRIAL_SERIES:single,30000,4,24,30303.0000,249531.5776,248275.0000
TRIAL_SERIES:single,30000,4,25,30298.0000,140292.8551,136086.5000
TRIAL_SERIES:single,30000,4,26,30308.0000,45790.6575,42334.5000
TRIAL_SERIES:single,30000,4,27,30304.0000,5526.4170,1664.0000
TRIAL_SERIES:single,30000,4,28,30302.0000,6593.2785,1839.0000
TRIAL_SERIES:single,30000,4,29,30304.0000,5491.2283,1689.0000
TRIAL_SERIES:single,30000,4,30,30303.0000,6393.5192,2082.0000
TRIAL_SERIES:single,30000,4,31,30303.0000,5957.6944,1910.0000
TRIAL_SERIES:single,30000,4,32,30280.0000,6245.8810,1772.0000
TRIAL_SERIES:single,30000,4,33,30326.0000,5263.1848,1724.0000
TRIAL_SERIES:single,30000,4,34,30303.0000,6507.9577,1853.0000
TRIAL_SERIES:single,30000,4,35,30303.0000,6502.9079,1972.0000
TRIAL_SERIES:single,30000,4,36,30302.0000,6198.0058,1849.0000
TRIAL_SERIES:single,30000,4,37,30304.0000,6309.3492,1942.0000
TRIAL_SERIES:single,30000,4,38,30303.0000,5925.2481,1792.0000
TRIAL_SERIES:single,30000,4,39,30304.0000,5845.7982,1801.0000
TRIAL_SERIES:single,30000,4,40,30301.0000,5387.6374,1774.0000
TRIAL_SERIES:single,30000,4,41,30304.0000,6379.7680,1794.0000
TRIAL_SERIES:single,30000,4,42,30302.0000,6386.4414,1985.0000
TRIAL_SERIES:single,30000,4,43,30304.0000,5911.5985,1872.0000
TRIAL_SERIES:single,30000,4,44,30303.0000,10589.9521,6416.0000
TRIAL_SERIES:single,30000,4,45,30302.0000,5656.0403,1869.0000
TRIAL_SERIES:single,30000,4,46,30302.0000,6109.3893,1975.0000
TRIAL_SERIES:single,30000,4,47,30306.0000,6143.3612,2031.0000
TRIAL_SERIES:single,30000,4,48,30301.0000,7131.9143,2197.0000
TRIAL_SERIES:single,30000,4,49,30285.0000,13198.7396,2199.0000
TRIAL_SERIES:single,30000,4,50,30311.0000,433811.9818,433770.0000
TRIAL_SERIES:single,30000,4,51,30314.0000,328621.8391,325550.0000
TRIAL_SERIES:single,30000,4,52,30303.0000,216058.4975,216749.0000
TRIAL_SERIES:single,30000,4,53,30303.0000,109291.0878,111279.0000
TRIAL_SERIES:single,30000,4,54,30304.0000,97411.5073,93140.5000
TRIAL_SERIES:single,30000,4,55,30301.0000,174543.0494,175784.0000
TRIAL_SERIES:single,30000,4,56,30304.0000,249444.0447,253949.0000
TRIAL_SERIES:single,30000,4,57,30304.0000,274205.5368,270197.5000
TRIAL_SERIES:single,30000,4,58,30303.0000,363459.9435,398454.0000
TRIAL_SERIES:single,30000,4,59,30303.0000,427931.2149,425082.0000
TRIAL_SERIES:single,30000,4,60,30302.0000,420217.6546,419537.0000
TRIAL_SERIES:single,30000,4,61,0.0000,0.0000,0.0000
TRIAL_RESULT:single,30000,4,30303.0167,223463.0000,306559.4384,223463.0000,895465.0000
[2026-02-28 16:36:11] Benchmark run: phase=single step=1 target=30000 duration=60s trial=5 attempt=1
TRIAL_SERIES:single,30000,5,1,30302.0000,112098.8411,112597.0000
TRIAL_SERIES:single,30000,5,2,30304.0000,262678.8487,257823.5000
TRIAL_SERIES:single,30000,5,3,30302.0000,495298.8963,523079.5000
TRIAL_SERIES:single,30000,5,4,30302.0000,582416.4317,578999.0000
TRIAL_SERIES:single,30000,5,5,30304.0000,604073.9981,602911.5000
TRIAL_SERIES:single,30000,5,6,30304.0000,654099.2636,651137.5000
TRIAL_SERIES:single,30000,5,7,30304.0000,675478.4024,672724.5000
TRIAL_SERIES:single,30000,5,8,30301.0000,698264.8944,695131.0000
TRIAL_SERIES:single,30000,5,9,30302.0000,761793.9481,759792.0000
TRIAL_SERIES:single,30000,5,10,30305.0000,778749.0402,779674.0000
TRIAL_SERIES:single,30000,5,11,30304.0000,793083.3726,789715.0000
TRIAL_SERIES:single,30000,5,12,30302.0000,818312.9004,806702.5000
TRIAL_SERIES:single,30000,5,13,30301.0000,979778.3478,967941.0000
TRIAL_SERIES:single,30000,5,14,30305.0000,1177681.1354,1188206.0000
TRIAL_SERIES:single,30000,5,15,30302.0000,1330991.7109,1327559.5000
TRIAL_SERIES:single,30000,5,16,30303.0000,1464411.6282,1469495.0000
TRIAL_SERIES:single,30000,5,17,30303.0000,1595768.8853,1590334.0000
TRIAL_SERIES:single,30000,5,18,30303.0000,1794023.1577,1800885.0000
TRIAL_SERIES:single,30000,5,19,30305.0000,1980418.9989,1980793.0000
TRIAL_SERIES:single,30000,5,20,30302.0000,2164435.3299,2171354.0000
TRIAL_SERIES:single,30000,5,21,30303.0000,2300447.1628,2297932.0000
TRIAL_SERIES:single,30000,5,22,30304.0000,2448811.4707,2450160.0000
TRIAL_SERIES:single,30000,5,23,30302.0000,2614404.5525,2614598.5000
TRIAL_SERIES:single,30000,5,24,30304.0000,2775163.5744,2771536.0000
TRIAL_SERIES:single,30000,5,25,30302.0000,2944459.9858,2942716.0000
TRIAL_SERIES:single,30000,5,26,30302.0000,3130059.8529,3133354.5000
TRIAL_SERIES:single,30000,5,27,30304.0000,3321785.0687,3317843.0000
TRIAL_SERIES:single,30000,5,28,30303.0000,3498476.9475,3501993.0000
TRIAL_SERIES:single,30000,5,29,30299.0000,3663968.2643,3665633.0000
TRIAL_SERIES:single,30000,5,30,30300.0000,3920049.6089,3935160.5000
TRIAL_SERIES:single,30000,5,31,30295.0000,3992024.1314,3987293.0000
TRIAL_SERIES:single,30000,5,32,30319.0000,4009382.0676,4005512.0000
TRIAL_SERIES:single,30000,5,33,30297.0000,4041818.0686,4040013.0000
TRIAL_SERIES:single,30000,5,34,30309.0000,4034652.2277,4033458.0000
TRIAL_SERIES:single,30000,5,35,30303.0000,4028267.0944,4024623.0000
TRIAL_SERIES:single,30000,5,36,30304.0000,4048045.8297,4043713.5000
TRIAL_SERIES:single,30000,5,37,30297.0000,4035164.1131,4031038.0000
TRIAL_SERIES:single,30000,5,38,30307.0000,4056957.1431,4052644.0000
TRIAL_SERIES:single,30000,5,39,30304.0000,4052250.8050,4049676.5000
TRIAL_SERIES:single,30000,5,40,30304.0000,4036863.3192,4036318.5000
TRIAL_SERIES:single,30000,5,41,30302.0000,4010576.5614,4009579.0000
TRIAL_SERIES:single,30000,5,42,30304.0000,3990186.6762,3986817.0000
TRIAL_SERIES:single,30000,5,43,30302.0000,3985171.4188,3981128.0000
TRIAL_SERIES:single,30000,5,44,30299.0000,3978170.1021,3974376.0000
TRIAL_SERIES:single,30000,5,45,30307.0000,3966159.8732,3962774.0000
TRIAL_SERIES:single,30000,5,46,30302.0000,3950338.6301,3946749.0000
TRIAL_SERIES:single,30000,5,47,30304.0000,3939131.8215,3938995.0000
TRIAL_SERIES:single,30000,5,48,30303.0000,3916011.0082,3913040.0000
TRIAL_SERIES:single,30000,5,49,30304.0000,4003177.0873,4005890.0000
TRIAL_SERIES:single,30000,5,50,30301.0000,4362244.6146,4615651.0000
TRIAL_SERIES:single,30000,5,51,30304.0000,4628292.5982,4629332.0000
TRIAL_SERIES:single,30000,5,52,30303.0000,4604658.2979,4604321.0000
TRIAL_SERIES:single,30000,5,53,30302.0000,4573314.0395,4572476.0000
TRIAL_SERIES:single,30000,5,54,30290.0000,4534491.8621,4533820.5000
TRIAL_SERIES:single,30000,5,55,30316.0000,4498365.0138,4498369.5000
TRIAL_SERIES:single,30000,5,56,30302.0000,4455251.0183,4455012.0000
TRIAL_SERIES:single,30000,5,57,30305.0000,4409336.1817,4408026.0000
TRIAL_SERIES:single,30000,5,58,30304.0000,4369605.8567,4368768.5000
TRIAL_SERIES:single,30000,5,59,30303.0000,4334197.8811,4334311.0000
TRIAL_SERIES:single,30000,5,60,30302.0000,4307855.8390,4307306.0000
TRIAL_SERIES:single,30000,5,61,3.0000,4296559.0000,4299978.0000
TRIAL_SERIES:single,30000,5,62,0.0000,0.0000,0.0000
TRIAL_SERIES:single,30000,5,63,0.0000,0.0000,0.0000
TRIAL_SERIES:single,30000,5,64,0.0000,0.0000,0.0000
TRIAL_SERIES:single,30000,5,65,0.0000,0.0000,0.0000
TRIAL_RESULT:single,30000,5,29806.2951,3917098.0000,2924894.8437,3917098.0000,4631233.0000
[2026-02-28 16:38:19] Eval 1 result: target=30000 avg_thr=29905.7738 median_lat_us=3917098.0000 mean_lat_us=14429823.3338 p99_lat_us=25771316.6000 pass=false status=ok
[2026-02-28 16:38:19] Single-target complete: slowdown_type=cpu step=1 target=30000 observed_throughput=29905.7738 observed_latency_us=3917098.0000
RESULTS:29905.7738,3917098.0000
RESULTS_EXT:29905.7738,3917098.0000,14429823.3338,3917098.0000,25771316.6000
[2026-02-28 16:38:21] Completed step 1c: observed_thr=29905.7738, mean_lat_us=14429823.3338, median_lat_us=3917098.0000, p99_lat_us=25771316.6000
[2026-02-28 16:38:23] Built slowdown-profile plots: /home/egp1042/Documents/CodingProjects/unh-bench-scripts/out/max_latency_target_25/cpu_slowdown_profile_throughput.png, /home/egp1042/Documents/CodingProjects/unh-bench-scripts/out/max_latency_target_25/cpu_slowdown_profile_latency.png
[2026-02-28 16:38:23] Done. Summary: /home/egp1042/Documents/CodingProjects/unh-bench-scripts/out/max_latency_target_25/cpu_slowdown_profile.csv; trials: /home/egp1042/Documents/CodingProjects/unh-bench-scripts/out/max_latency_target_25/cpu_slowdown_profile_trials.csv
