[2026-02-28 21:01:20] Slowdown-profile using per-step throughput targets (4=44000,3=40000,2=36000,1=26000); skipping baseline find/validate
[2026-02-28 21:01:20] Slowdown-profile mode=cpu, latency_target=25ms, baseline_target=skipped, fixed_target=per-step, factor=0.8, trials=5, duration=60s, steps=4 3 2 1
[2026-02-28 21:01:20] Starting slowdown-profile step 4c: target throughput 44000 ops/s, trials=5, duration=60s
[2026-02-28 21:01:20] Restoring snapshot 'baseline' before step 4c
[2026-02-28 21:03:11] Running mode=single, slowdown_type=cpu, step=4, client_type=hybrid
[2026-02-28 21:03:14] Warming up cluster with 5 lightweight CQL probe(s) per node
[2026-02-28 21:03:24] Applying CPU limit on ccl1.cyber.lab (cassandra-node-1): 0-3
[2026-02-28 21:03:24] Applying CPU limit on ccl2.cyber.lab (cassandra-node-2): 0-3
[2026-02-28 21:03:24] Applying CPU limit on ccl3.cyber.lab (cassandra-node-3): 0-3
[2026-02-28 21:03:27] Eval 1: phase=single target=44000 trials=5 duration=60s
[2026-02-28 21:03:27] Benchmark run: phase=single step=4 target=44000 duration=60s trial=1 attempt=1
TRIAL_SERIES:single,44000,1,1,45442.0000,1248639.2845,1309775.5000
TRIAL_SERIES:single,44000,1,2,45456.0000,2858162.7482,2862485.0000
TRIAL_SERIES:single,44000,1,3,45464.0000,4204696.2837,4190185.0000
TRIAL_SERIES:single,44000,1,4,45451.0000,5347194.8063,5342924.0000
TRIAL_SERIES:single,44000,1,5,45459.0000,6300322.9539,6318454.0000
TRIAL_SERIES:single,44000,1,6,45455.0000,7108529.9099,7101521.0000
TRIAL_SERIES:single,44000,1,7,45455.0000,7874525.1442,7880696.0000
TRIAL_SERIES:single,44000,1,8,45454.0000,8524382.3365,8515989.0000
TRIAL_SERIES:single,44000,1,9,45454.0000,9138937.4393,9141227.0000
TRIAL_SERIES:single,44000,1,10,45455.0000,9656560.6512,9658497.0000
TRIAL_SERIES:single,44000,1,11,45455.0000,10097796.4511,10100938.0000
TRIAL_SERIES:single,44000,1,12,45455.0000,10469537.4580,10476639.0000
TRIAL_SERIES:single,44000,1,13,45454.0000,10784574.4321,10783871.0000
TRIAL_SERIES:single,44000,1,14,45455.0000,11064896.1459,11054940.0000
TRIAL_SERIES:single,44000,1,15,45454.0000,11358584.4387,11359642.5000
TRIAL_SERIES:single,44000,1,16,45453.0000,11659912.7153,11654648.0000
TRIAL_SERIES:single,44000,1,17,45456.0000,11850166.2678,11850087.5000
TRIAL_SERIES:single,44000,1,18,45453.0000,11981646.3431,11987219.0000
TRIAL_SERIES:single,44000,1,19,45455.0000,12068478.0566,12066761.0000
TRIAL_SERIES:single,44000,1,20,45454.0000,12165354.0761,12163138.5000
TRIAL_SERIES:single,44000,1,21,45455.0000,12247870.5659,12244996.0000
TRIAL_SERIES:single,44000,1,22,45456.0000,12294229.3055,12294724.0000
TRIAL_SERIES:single,44000,1,23,45455.0000,12291136.5938,12290999.0000
TRIAL_SERIES:single,44000,1,24,45453.0000,12275131.9823,12279904.0000
TRIAL_SERIES:single,44000,1,25,45455.0000,12306714.7096,12247138.0000
TRIAL_SERIES:single,44000,1,26,45454.0000,12390433.0608,12396134.5000
TRIAL_SERIES:single,44000,1,27,45455.0000,12486780.2654,12496078.0000
TRIAL_SERIES:single,44000,1,28,45452.0000,12399726.9303,12391502.0000
TRIAL_SERIES:single,44000,1,29,45454.0000,12329331.8427,12334935.0000
TRIAL_SERIES:single,44000,1,30,45453.0000,12407165.2241,12419402.0000
TRIAL_SERIES:single,44000,1,31,45444.0000,12345656.9367,12351832.5000
TRIAL_SERIES:single,44000,1,32,45465.0000,12242295.2749,12248014.0000
TRIAL_SERIES:single,44000,1,33,45456.0000,12087926.5788,12092910.0000
TRIAL_SERIES:single,44000,1,34,45458.0000,11923264.3577,11924367.5000
TRIAL_SERIES:single,44000,1,35,45450.0000,11788825.4394,11789418.5000
TRIAL_SERIES:single,44000,1,36,45458.0000,11648865.8798,11646092.5000
TRIAL_SERIES:single,44000,1,37,45447.0000,11489275.9230,11485080.0000
TRIAL_SERIES:single,44000,1,38,45463.0000,11363043.5725,11369757.0000
TRIAL_SERIES:single,44000,1,39,45455.0000,11253740.6743,11267077.0000
TRIAL_SERIES:single,44000,1,40,45454.0000,11104821.7657,11111811.5000
TRIAL_SERIES:single,44000,1,41,45449.0000,10910758.3558,10911731.0000
TRIAL_SERIES:single,44000,1,42,45457.0000,10713818.8461,10711124.0000
TRIAL_SERIES:single,44000,1,43,45458.0000,10518948.8551,10520337.0000
TRIAL_SERIES:single,44000,1,44,45455.0000,10332773.2535,10336335.0000
TRIAL_SERIES:single,44000,1,45,45455.0000,10127114.3516,10128047.0000
TRIAL_SERIES:single,44000,1,46,45454.0000,9967070.3794,9966993.5000
TRIAL_SERIES:single,44000,1,47,45454.0000,9798041.9072,9800118.5000
TRIAL_SERIES:single,44000,1,48,45454.0000,9600940.4424,9610081.0000
TRIAL_SERIES:single,44000,1,49,45451.0000,9411037.7036,9409215.0000
TRIAL_SERIES:single,44000,1,50,45459.0000,9242411.5702,9252329.0000
TRIAL_SERIES:single,44000,1,51,45454.0000,9045080.3204,9041213.0000
TRIAL_SERIES:single,44000,1,52,45454.0000,8862956.2348,8868654.5000
TRIAL_SERIES:single,44000,1,53,45456.0000,8670481.0850,8668754.5000
TRIAL_SERIES:single,44000,1,54,45455.0000,8487558.4062,8486825.0000
TRIAL_SERIES:single,44000,1,55,45452.0000,8379145.0359,8387742.0000
TRIAL_SERIES:single,44000,1,56,45455.0000,8280243.1525,8279045.0000
TRIAL_SERIES:single,44000,1,57,45456.0000,8109165.1415,8109573.5000
TRIAL_SERIES:single,44000,1,58,45453.0000,7947231.0682,7945301.0000
TRIAL_SERIES:single,44000,1,59,45449.0000,7768238.6993,7766979.0000
TRIAL_SERIES:single,44000,1,60,45459.0000,7613626.9503,7614340.0000
TRIAL_SERIES:single,44000,1,61,3.0000,7552173.0000,7551843.0000
TRIAL_SERIES:single,44000,1,62,0.0000,0.0000,0.0000
TRIAL_SERIES:single,44000,1,63,0.0000,0.0000,0.0000
TRIAL_SERIES:single,44000,1,64,0.0000,0.0000,0.0000
TRIAL_SERIES:single,44000,1,65,0.0000,0.0000,0.0000
TRIAL_SERIES:single,44000,1,66,0.0000,0.0000,0.0000
TRIAL_SERIES:single,44000,1,67,0.0000,0.0000,0.0000
TRIAL_SERIES:single,44000,1,68,0.0000,0.0000,0.0000
TRIAL_RESULT:single,44000,1,44709.3934,10619468.0000,10003774.7406,10619468.0000,12484264.0000
[2026-02-28 21:06:13] Benchmark run: phase=single step=4 target=44000 duration=60s trial=2 attempt=1
TRIAL_SERIES:single,44000,2,1,45454.0000,4214.1087,3400.0000
TRIAL_SERIES:single,44000,2,2,45454.0000,2498.0552,2171.0000
TRIAL_SERIES:single,44000,2,3,45456.0000,11568.6095,5451.5000
TRIAL_SERIES:single,44000,2,4,45454.0000,2681.0598,1953.0000
TRIAL_SERIES:single,44000,2,5,45455.0000,2278.7011,1924.0000
TRIAL_SERIES:single,44000,2,6,45454.0000,2513.7121,1948.0000
TRIAL_SERIES:single,44000,2,7,45455.0000,12234.7988,7919.0000
TRIAL_SERIES:single,44000,2,8,45454.0000,9779.4001,3299.0000
TRIAL_SERIES:single,44000,2,9,45455.0000,3496.9943,2218.0000
TRIAL_SERIES:single,44000,2,10,45451.0000,2938.9083,2531.0000
TRIAL_SERIES:single,44000,2,11,45458.0000,2082.6787,1863.0000
TRIAL_SERIES:single,44000,2,12,45454.0000,2706.0401,2324.5000
TRIAL_SERIES:single,44000,2,13,45455.0000,2380.7661,2061.0000
TRIAL_SERIES:single,44000,2,14,45454.0000,2565.9266,2095.0000
TRIAL_SERIES:single,44000,2,15,45454.0000,2447.4327,2072.0000
TRIAL_SERIES:single,44000,2,16,45454.0000,2352.4312,1938.0000
TRIAL_SERIES:single,44000,2,17,45456.0000,22216.6032,2070.0000
TRIAL_SERIES:single,44000,2,18,45455.0000,29518.1851,17965.0000
TRIAL_SERIES:single,44000,2,19,45454.0000,5403.8947,2525.0000
TRIAL_SERIES:single,44000,2,20,45454.0000,2359.6065,2194.5000
TRIAL_SERIES:single,44000,2,21,45455.0000,2518.4230,2231.0000
TRIAL_SERIES:single,44000,2,22,45451.0000,3402.6098,2705.0000
TRIAL_SERIES:single,44000,2,23,45458.0000,22906.4934,21865.5000
TRIAL_SERIES:single,44000,2,24,45454.0000,2719.3355,2349.0000
TRIAL_SERIES:single,44000,2,25,45443.0000,163059.8943,170728.0000
TRIAL_SERIES:single,44000,2,26,45468.0000,83095.6753,82612.5000
TRIAL_SERIES:single,44000,2,27,45450.0000,17916.8043,17474.5000
TRIAL_SERIES:single,44000,2,28,45458.0000,81332.3019,120989.0000
TRIAL_SERIES:single,44000,2,29,45455.0000,69443.3119,66900.0000
TRIAL_SERIES:single,44000,2,30,45454.0000,3263.5218,2218.0000
TRIAL_SERIES:single,44000,2,31,45451.0000,138052.3504,143666.0000
TRIAL_SERIES:single,44000,2,32,45459.0000,48768.8583,53878.0000
TRIAL_SERIES:single,44000,2,33,45453.0000,2573.1997,2305.0000
TRIAL_SERIES:single,44000,2,34,45456.0000,2381.3223,2062.0000
TRIAL_SERIES:single,44000,2,35,45454.0000,2159.4994,1961.0000
TRIAL_SERIES:single,44000,2,36,45455.0000,2758.9187,2045.0000
TRIAL_SERIES:single,44000,2,37,45455.0000,3494.5012,2250.0000
TRIAL_SERIES:single,44000,2,38,45453.0000,2126.4644,1992.0000
TRIAL_SERIES:single,44000,2,39,45455.0000,11739.2472,3055.0000
TRIAL_SERIES:single,44000,2,40,45455.0000,3142.7799,2470.0000
TRIAL_SERIES:single,44000,2,41,45454.0000,2504.7369,2118.0000
TRIAL_SERIES:single,44000,2,42,45455.0000,2463.4552,2184.0000
TRIAL_SERIES:single,44000,2,43,45454.0000,2868.6311,2401.0000
TRIAL_SERIES:single,44000,2,44,45455.0000,3282.7419,2465.0000
TRIAL_SERIES:single,44000,2,45,45454.0000,5145.3140,3691.0000
TRIAL_SERIES:single,44000,2,46,45455.0000,3104.7831,2216.0000
TRIAL_SERIES:single,44000,2,47,45454.0000,3265.3642,2397.0000
TRIAL_SERIES:single,44000,2,48,45454.0000,2517.3767,2226.0000
TRIAL_SERIES:single,44000,2,49,45456.0000,2539.8088,2162.0000
TRIAL_SERIES:single,44000,2,50,45455.0000,2451.6654,2080.0000
TRIAL_SERIES:single,44000,2,51,45453.0000,2161.8299,1950.0000
TRIAL_SERIES:single,44000,2,52,45455.0000,2633.0445,2338.0000
TRIAL_SERIES:single,44000,2,53,45454.0000,2497.1536,2187.0000
TRIAL_SERIES:single,44000,2,54,45456.0000,3305.5775,2572.0000
TRIAL_SERIES:single,44000,2,55,45454.0000,3295.9269,2477.0000
TRIAL_SERIES:single,44000,2,56,45454.0000,2251.9595,2017.0000
TRIAL_SERIES:single,44000,2,57,45455.0000,22619.0212,2325.0000
TRIAL_SERIES:single,44000,2,58,45453.0000,47934.5551,45476.0000
TRIAL_SERIES:single,44000,2,59,45456.0000,3678.8585,2351.0000
TRIAL_SERIES:single,44000,2,60,45455.0000,2511.4279,2065.0000
TRIAL_SERIES:single,44000,2,61,35.0000,1567.8571,1496.0000
TRIAL_RESULT:single,44000,2,44709.9672,2459.0000,15301.6588,2459.0000,176580.0000
[2026-02-28 21:08:57] Benchmark run: phase=single step=4 target=44000 duration=60s trial=3 attempt=1
TRIAL_SERIES:single,44000,3,1,45455.0000,10702.4993,7079.0000
TRIAL_SERIES:single,44000,3,2,45454.0000,2063.1915,1798.0000
TRIAL_SERIES:single,44000,3,3,45455.0000,2137.4803,1857.0000
TRIAL_SERIES:single,44000,3,4,45454.0000,2228.9609,1893.0000
TRIAL_SERIES:single,44000,3,5,45454.0000,2138.5930,1870.5000
TRIAL_SERIES:single,44000,3,6,45455.0000,2461.1083,1937.0000
TRIAL_SERIES:single,44000,3,7,45454.0000,2705.1086,1948.0000
TRIAL_SERIES:single,44000,3,8,45456.0000,2027.9541,1921.0000
TRIAL_SERIES:single,44000,3,9,45453.0000,3865.6616,2026.0000
TRIAL_SERIES:single,44000,3,10,45456.0000,1879.7531,1795.0000
TRIAL_SERIES:single,44000,3,11,45454.0000,2245.3075,1955.0000
TRIAL_SERIES:single,44000,3,12,45454.0000,1997.5654,1828.0000
TRIAL_SERIES:single,44000,3,13,45454.0000,2317.1299,2014.0000
TRIAL_SERIES:single,44000,3,14,45456.0000,2189.3739,1957.0000
TRIAL_SERIES:single,44000,3,15,45455.0000,11242.4694,2269.0000
TRIAL_SERIES:single,44000,3,16,45454.0000,2241.1916,1929.0000
TRIAL_SERIES:single,44000,3,17,45454.0000,3104.3991,2318.0000
TRIAL_SERIES:single,44000,3,18,45455.0000,2189.9269,1949.0000
TRIAL_SERIES:single,44000,3,19,45455.0000,3315.1289,2138.0000
TRIAL_SERIES:single,44000,3,20,45453.0000,2229.7641,2046.0000
TRIAL_SERIES:single,44000,3,21,45454.0000,2589.5520,2264.0000
TRIAL_SERIES:single,44000,3,22,45456.0000,4013.8796,2211.0000
TRIAL_SERIES:single,44000,3,23,45453.0000,2374.4568,2179.0000
TRIAL_SERIES:single,44000,3,24,45455.0000,2410.8327,2133.0000
TRIAL_SERIES:single,44000,3,25,45456.0000,2420.4795,2056.0000
TRIAL_SERIES:single,44000,3,26,45454.0000,101187.4609,114681.0000
TRIAL_SERIES:single,44000,3,27,45454.0000,14698.3766,3742.0000
TRIAL_SERIES:single,44000,3,28,45455.0000,2225.9263,2096.0000
TRIAL_SERIES:single,44000,3,29,45455.0000,3076.5246,2170.0000
TRIAL_SERIES:single,44000,3,30,45454.0000,2166.0255,2044.0000
TRIAL_SERIES:single,44000,3,31,45454.0000,150818.6761,144643.0000
TRIAL_SERIES:single,44000,3,32,45449.0000,108286.3754,99972.0000
TRIAL_SERIES:single,44000,3,33,45460.0000,8601.2567,2202.0000
TRIAL_SERIES:single,44000,3,34,45455.0000,2035.6850,1900.0000
TRIAL_SERIES:single,44000,3,35,45455.0000,2152.8473,1831.0000
TRIAL_SERIES:single,44000,3,36,45455.0000,2254.5075,1900.0000
TRIAL_SERIES:single,44000,3,37,45454.0000,2479.1185,2023.0000
TRIAL_SERIES:single,44000,3,38,45453.0000,2372.7640,2140.0000
TRIAL_SERIES:single,44000,3,39,45456.0000,2319.7420,1961.0000
TRIAL_SERIES:single,44000,3,40,45454.0000,2011.1605,1921.0000
TRIAL_SERIES:single,44000,3,41,45455.0000,2218.3056,2046.0000
TRIAL_SERIES:single,44000,3,42,45455.0000,2200.3980,2003.0000
TRIAL_SERIES:single,44000,3,43,45455.0000,2363.6059,2079.0000
TRIAL_SERIES:single,44000,3,44,45453.0000,9017.3023,2276.0000
TRIAL_SERIES:single,44000,3,45,45454.0000,2040.6362,1881.0000
TRIAL_SERIES:single,44000,3,46,45456.0000,2625.6845,2029.0000
TRIAL_SERIES:single,44000,3,47,45454.0000,3180.2193,2189.0000
TRIAL_SERIES:single,44000,3,48,45455.0000,2355.1244,2179.0000
TRIAL_SERIES:single,44000,3,49,45454.0000,2914.3824,2310.0000
TRIAL_SERIES:single,44000,3,50,45456.0000,2139.9485,1999.0000
TRIAL_SERIES:single,44000,3,51,45452.0000,2312.1789,2127.0000
TRIAL_SERIES:single,44000,3,52,45456.0000,2588.4767,2350.0000
TRIAL_SERIES:single,44000,3,53,45454.0000,3462.9823,2965.0000
TRIAL_SERIES:single,44000,3,54,45456.0000,2905.8092,2507.5000
TRIAL_SERIES:single,44000,3,55,45454.0000,2395.8281,2200.0000
TRIAL_SERIES:single,44000,3,56,45455.0000,3106.1976,2252.0000
TRIAL_SERIES:single,44000,3,57,45454.0000,2944.5102,2125.0000
TRIAL_SERIES:single,44000,3,58,45440.0000,7558.5033,2207.0000
TRIAL_SERIES:single,44000,3,59,45469.0000,94699.3332,95564.0000
TRIAL_SERIES:single,44000,3,60,45437.0000,24760.3810,10407.0000
TRIAL_SERIES:single,44000,3,61,0.0000,0.0000,0.0000
TRIAL_RESULT:single,44000,3,45454.2500,2136.0000,11059.5852,2136.0000,164748.0000
[2026-02-28 21:11:38] Benchmark run: phase=single step=4 target=44000 duration=60s trial=4 attempt=1
TRIAL_SERIES:single,44000,4,1,45454.0000,13830.1790,9210.5000
TRIAL_SERIES:single,44000,4,2,45455.0000,3636.1717,2824.0000
TRIAL_SERIES:single,44000,4,3,45447.0000,11829.7019,2979.0000
TRIAL_SERIES:single,44000,4,4,45461.0000,6692.1138,3237.0000
TRIAL_SERIES:single,44000,4,5,45455.0000,3636.1359,2651.0000
TRIAL_SERIES:single,44000,4,6,45455.0000,3682.7628,2768.0000
TRIAL_SERIES:single,44000,4,7,45453.0000,20225.9173,22004.0000
TRIAL_SERIES:single,44000,4,8,45456.0000,4035.9944,2610.0000
TRIAL_SERIES:single,44000,4,9,45453.0000,6311.1389,3328.0000
TRIAL_SERIES:single,44000,4,10,45456.0000,4701.0763,3562.0000
TRIAL_SERIES:single,44000,4,11,45454.0000,3240.3651,2806.0000
TRIAL_SERIES:single,44000,4,12,45450.0000,9797.0474,4865.0000
TRIAL_SERIES:single,44000,4,13,45461.0000,51372.5125,52737.0000
TRIAL_SERIES:single,44000,4,14,45451.0000,54613.5795,53027.0000
TRIAL_SERIES:single,44000,4,15,45452.0000,88148.2815,91645.0000
TRIAL_SERIES:single,44000,4,16,45458.0000,147189.3999,156602.0000
TRIAL_SERIES:single,44000,4,17,45414.0000,188795.7183,187689.5000
TRIAL_SERIES:single,44000,4,18,45497.0000,211902.8821,210414.0000
TRIAL_SERIES:single,44000,4,19,45453.0000,214746.2619,214458.0000
TRIAL_SERIES:single,44000,4,20,45456.0000,207947.7094,207424.5000
TRIAL_SERIES:single,44000,4,21,45452.0000,214941.1728,214792.0000
TRIAL_SERIES:single,44000,4,22,45454.0000,206807.8005,206587.0000
TRIAL_SERIES:single,44000,4,23,45450.0000,227418.4082,224984.0000
TRIAL_SERIES:single,44000,4,24,45460.0000,257315.6659,260647.5000
TRIAL_SERIES:single,44000,4,25,45456.0000,275041.6731,274916.0000
TRIAL_SERIES:single,44000,4,26,45454.0000,288183.0097,287441.0000
TRIAL_SERIES:single,44000,4,27,45454.0000,397336.3721,285415.0000
TRIAL_SERIES:single,44000,4,28,45456.0000,608631.9675,601095.5000
TRIAL_SERIES:single,44000,4,29,45454.0000,651327.3223,652662.0000
TRIAL_SERIES:single,44000,4,30,45455.0000,660893.3683,659434.0000
TRIAL_SERIES:single,44000,4,31,45453.0000,665881.5141,659852.0000
TRIAL_SERIES:single,44000,4,32,45456.0000,699561.8689,699780.5000
TRIAL_SERIES:single,44000,4,33,45446.0000,753116.2180,758862.0000
TRIAL_SERIES:single,44000,4,34,45463.0000,771687.2154,769036.0000
TRIAL_SERIES:single,44000,4,35,45451.0000,787416.6144,786918.0000
TRIAL_SERIES:single,44000,4,36,45458.0000,768292.9347,766765.5000
TRIAL_SERIES:single,44000,4,37,45453.0000,761355.6883,761843.0000
TRIAL_SERIES:single,44000,4,38,45456.0000,746464.5811,748895.5000
TRIAL_SERIES:single,44000,4,39,45456.0000,761033.2578,761148.0000
TRIAL_SERIES:single,44000,4,40,45453.0000,768586.0011,767206.0000
TRIAL_SERIES:single,44000,4,41,45455.0000,768263.2082,767252.0000
TRIAL_SERIES:single,44000,4,42,45453.0000,752740.6002,754701.0000
TRIAL_SERIES:single,44000,4,43,45453.0000,734181.2514,734363.0000
TRIAL_SERIES:single,44000,4,44,45457.0000,743242.2781,726734.0000
TRIAL_SERIES:single,44000,4,45,45445.0000,849589.7077,848745.0000
TRIAL_SERIES:single,44000,4,46,45464.0000,836591.5769,836253.5000
TRIAL_SERIES:single,44000,4,47,45450.0000,840065.1577,840529.0000
TRIAL_SERIES:single,44000,4,48,45459.0000,918911.1675,912501.0000
TRIAL_SERIES:single,44000,4,49,45454.0000,1038116.7994,1044492.0000
TRIAL_SERIES:single,44000,4,50,45455.0000,1014576.7589,1016584.0000
TRIAL_SERIES:single,44000,4,51,45455.0000,960565.3163,962742.0000
TRIAL_SERIES:single,44000,4,52,45455.0000,913106.7777,907967.0000
TRIAL_SERIES:single,44000,4,53,45453.0000,874444.1766,875650.0000
TRIAL_SERIES:single,44000,4,54,45456.0000,851194.2741,836060.5000
TRIAL_SERIES:single,44000,4,55,45454.0000,899437.2767,900798.5000
TRIAL_SERIES:single,44000,4,56,45454.0000,831594.0591,827162.5000
TRIAL_SERIES:single,44000,4,57,45456.0000,786302.8989,787751.0000
TRIAL_SERIES:single,44000,4,58,45454.0000,756350.2391,754189.0000
TRIAL_SERIES:single,44000,4,59,45451.0000,723008.8110,720017.0000
TRIAL_SERIES:single,44000,4,60,45459.0000,676133.1001,673386.0000
TRIAL_SERIES:single,44000,4,61,2.0000,662579.0000,662579.0000
TRIAL_RESULT:single,44000,4,44709.4262,659933.0000,488268.4764,659933.0000,1042296.0000
[2026-02-28 21:14:20] Benchmark run: phase=single step=4 target=44000 duration=60s trial=5 attempt=1
TRIAL_SERIES:single,44000,5,1,45450.0000,4551.6087,3815.0000
TRIAL_SERIES:single,44000,5,2,45458.0000,10335.9378,4695.5000
TRIAL_SERIES:single,44000,5,3,45455.0000,4081.3319,3044.0000
TRIAL_SERIES:single,44000,5,4,45456.0000,3415.5779,2951.0000
TRIAL_SERIES:single,44000,5,5,45454.0000,3584.7918,2735.0000
TRIAL_SERIES:single,44000,5,6,45454.0000,3643.0568,2894.0000
TRIAL_SERIES:single,44000,5,7,45455.0000,10440.6531,7409.0000
TRIAL_SERIES:single,44000,5,8,45454.0000,2862.4332,2575.0000
TRIAL_SERIES:single,44000,5,9,45455.0000,4128.2493,2170.0000
TRIAL_SERIES:single,44000,5,10,45455.0000,2033.1356,1915.0000
TRIAL_SERIES:single,44000,5,11,45454.0000,2245.8407,2002.0000
TRIAL_SERIES:single,44000,5,12,45453.0000,3322.4574,2036.0000
TRIAL_SERIES:single,44000,5,13,45452.0000,12772.4365,2145.0000
TRIAL_SERIES:single,44000,5,14,45459.0000,4746.7583,2080.0000
TRIAL_SERIES:single,44000,5,15,45453.0000,75703.5152,83739.0000
TRIAL_SERIES:single,44000,5,16,45455.0000,12167.1507,2612.0000
TRIAL_SERIES:single,44000,5,17,45455.0000,3217.1253,2150.0000
TRIAL_SERIES:single,44000,5,18,45454.0000,2111.6786,1965.0000
TRIAL_SERIES:single,44000,5,19,45455.0000,2871.0001,2016.0000
TRIAL_SERIES:single,44000,5,20,45455.0000,2385.8174,2122.0000
TRIAL_SERIES:single,44000,5,21,45455.0000,2103.5984,1951.0000
TRIAL_SERIES:single,44000,5,22,45453.0000,2169.6204,2010.0000
TRIAL_SERIES:single,44000,5,23,45455.0000,91320.2354,96674.0000
TRIAL_SERIES:single,44000,5,24,45455.0000,6770.0408,2237.0000
TRIAL_SERIES:single,44000,5,25,45455.0000,2032.5790,1838.0000
TRIAL_SERIES:single,44000,5,26,45454.0000,2569.1460,1930.0000
TRIAL_SERIES:single,44000,5,27,45454.0000,2826.2091,2070.0000
TRIAL_SERIES:single,44000,5,28,45453.0000,2016.5305,1873.0000
TRIAL_SERIES:single,44000,5,29,45457.0000,2181.9219,1914.0000
TRIAL_SERIES:single,44000,5,30,45453.0000,2575.7455,2244.0000
TRIAL_SERIES:single,44000,5,31,45456.0000,2778.9702,2184.0000
TRIAL_SERIES:single,44000,5,32,45451.0000,57700.0845,60660.0000
TRIAL_SERIES:single,44000,5,33,45458.0000,23883.9180,23102.5000
TRIAL_SERIES:single,44000,5,34,45453.0000,2843.2955,2269.0000
TRIAL_SERIES:single,44000,5,35,45455.0000,2138.5251,2001.0000
TRIAL_SERIES:single,44000,5,36,45455.0000,2640.5930,2068.0000
TRIAL_SERIES:single,44000,5,37,45455.0000,2830.8653,2037.0000
TRIAL_SERIES:single,44000,5,38,45454.0000,2106.6905,1935.0000
TRIAL_SERIES:single,44000,5,39,45455.0000,2755.5162,2134.0000
TRIAL_SERIES:single,44000,5,40,45455.0000,2212.7725,2033.0000
TRIAL_SERIES:single,44000,5,41,45454.0000,2213.5673,2035.0000
TRIAL_SERIES:single,44000,5,42,45454.0000,2126.0197,1992.0000
TRIAL_SERIES:single,44000,5,43,45455.0000,2327.7061,2090.0000
TRIAL_SERIES:single,44000,5,44,45455.0000,13821.2090,2789.0000
TRIAL_SERIES:single,44000,5,45,45454.0000,2337.5689,2100.0000
TRIAL_SERIES:single,44000,5,46,45455.0000,2600.7539,2075.0000
TRIAL_SERIES:single,44000,5,47,45454.0000,22557.8678,2383.0000
TRIAL_SERIES:single,44000,5,48,45455.0000,44400.0625,39919.0000
TRIAL_SERIES:single,44000,5,49,45454.0000,2431.9416,2110.0000
TRIAL_SERIES:single,44000,5,50,45455.0000,2569.5116,2127.0000
TRIAL_SERIES:single,44000,5,51,45454.0000,2270.0818,1996.0000
TRIAL_SERIES:single,44000,5,52,45455.0000,2409.9499,2107.0000
TRIAL_SERIES:single,44000,5,53,45455.0000,2157.9182,1974.0000
TRIAL_SERIES:single,44000,5,54,45455.0000,2253.9653,2080.0000
TRIAL_SERIES:single,44000,5,55,45454.0000,2489.1917,2047.0000
TRIAL_SERIES:single,44000,5,56,45455.0000,2609.7917,2132.0000
TRIAL_SERIES:single,44000,5,57,45454.0000,55553.4595,50064.5000
TRIAL_SERIES:single,44000,5,58,45454.0000,2068.1108,1952.0000
TRIAL_SERIES:single,44000,5,59,45455.0000,3361.5812,2057.0000
TRIAL_SERIES:single,44000,5,60,45455.0000,2510.9959,2150.0000
TRIAL_SERIES:single,44000,5,61,16.0000,1534.7500,1564.5000
TRIAL_RESULT:single,44000,5,44709.6557,2235.0000,9402.3587,2235.0000,127433.0000
[2026-02-28 21:16:58] Eval 1 result: target=44000 avg_thr=44858.5385 median_lat_us=2459.0000 mean_lat_us=2105561.3639 p99_lat_us=2799064.2000 pass=true status=ok
[2026-02-28 21:16:58] Single-target complete: slowdown_type=cpu step=4 target=44000 observed_throughput=44858.5385 observed_latency_us=2459.0000
RESULTS:44858.5385,2459.0000
RESULTS_EXT:44858.5385,2459.0000,2105561.3639,2459.0000,2799064.2000
[2026-02-28 21:16:59] Completed step 4c: observed_thr=44858.5385, mean_lat_us=2105561.3639, median_lat_us=2459.0000, p99_lat_us=2799064.2000
[2026-02-28 21:16:59] Starting slowdown-profile step 3c: target throughput 40000 ops/s, trials=5, duration=60s
[2026-02-28 21:16:59] Restoring snapshot 'baseline' before step 3c
[2026-02-28 21:18:49] Running mode=single, slowdown_type=cpu, step=3, client_type=hybrid
[2026-02-28 21:18:52] Warming up cluster with 5 lightweight CQL probe(s) per node
[2026-02-28 21:19:02] Applying CPU limit on ccl1.cyber.lab (cassandra-node-1): 0-2
[2026-02-28 21:19:02] Applying CPU limit on ccl2.cyber.lab (cassandra-node-2): 0-3
[2026-02-28 21:19:02] Applying CPU limit on ccl3.cyber.lab (cassandra-node-3): 0-3
[2026-02-28 21:19:05] Eval 1: phase=single target=40000 trials=5 duration=60s
[2026-02-28 21:19:05] Benchmark run: phase=single step=3 target=40000 duration=60s trial=1 attempt=1
TRIAL_SERIES:single,40000,1,1,40000.0000,1092535.4282,1130384.0000
TRIAL_SERIES:single,40000,1,2,39996.0000,2531350.5213,2552826.5000
TRIAL_SERIES:single,40000,1,3,39998.0000,3584382.2102,3595550.5000
TRIAL_SERIES:single,40000,1,4,40004.0000,4508987.8864,4533950.5000
TRIAL_SERIES:single,40000,1,5,40002.0000,5303490.7377,5309576.5000
TRIAL_SERIES:single,40000,1,6,39999.0000,6009262.1117,6014741.0000
TRIAL_SERIES:single,40000,1,7,39997.0000,6620622.0746,6623457.0000
TRIAL_SERIES:single,40000,1,8,40004.0000,7162029.2209,7157108.5000
TRIAL_SERIES:single,40000,1,9,40000.0000,7717138.2288,7672200.0000
TRIAL_SERIES:single,40000,1,10,39999.0000,8255945.5102,8248483.0000
TRIAL_SERIES:single,40000,1,11,40001.0000,8651062.8664,8646307.0000
TRIAL_SERIES:single,40000,1,12,40000.0000,9016619.3016,9017349.5000
TRIAL_SERIES:single,40000,1,13,39997.0000,9327846.3285,9333389.0000
TRIAL_SERIES:single,40000,1,14,39999.0000,9572071.7260,9578379.0000
TRIAL_SERIES:single,40000,1,15,39994.0000,9759312.9926,9761777.5000
TRIAL_SERIES:single,40000,1,16,40004.0000,9930113.2780,9930334.0000
TRIAL_SERIES:single,40000,1,17,40006.0000,10080996.2848,10081941.5000
TRIAL_SERIES:single,40000,1,18,39988.0000,10223929.7144,10241672.0000
TRIAL_SERIES:single,40000,1,19,40011.0000,10338992.1047,10313403.0000
TRIAL_SERIES:single,40000,1,20,40001.0000,10545396.9397,10542153.0000
TRIAL_SERIES:single,40000,1,21,40000.0000,10566177.1540,10565465.5000
TRIAL_SERIES:single,40000,1,22,39995.0000,10544049.2138,10542790.0000
TRIAL_SERIES:single,40000,1,23,39998.0000,10529430.7092,10529892.0000
TRIAL_SERIES:single,40000,1,24,40006.0000,10537888.0985,10538900.0000
TRIAL_SERIES:single,40000,1,25,39999.0000,10594933.2567,10542738.0000
TRIAL_SERIES:single,40000,1,26,39999.0000,10699706.7325,10697302.0000
TRIAL_SERIES:single,40000,1,27,40001.0000,10642944.7674,10648047.0000
TRIAL_SERIES:single,40000,1,28,40002.0000,10588286.4379,10590582.0000
TRIAL_SERIES:single,40000,1,29,39999.0000,10521277.7800,10524198.0000
TRIAL_SERIES:single,40000,1,30,40000.0000,10499556.8651,10500973.0000
TRIAL_SERIES:single,40000,1,31,40000.0000,10425789.5643,10426871.5000
TRIAL_SERIES:single,40000,1,32,40001.0000,10346972.3466,10329802.0000
TRIAL_SERIES:single,40000,1,33,39999.0000,10316061.1268,10319253.0000
TRIAL_SERIES:single,40000,1,34,40001.0000,10102750.8915,10102890.0000
TRIAL_SERIES:single,40000,1,35,39991.0000,9879503.0811,9881754.0000
TRIAL_SERIES:single,40000,1,36,40007.0000,9878442.4901,9882529.0000
TRIAL_SERIES:single,40000,1,37,40001.0000,9684541.8140,9684887.0000
TRIAL_SERIES:single,40000,1,38,39999.0000,9499599.2638,9499004.0000
TRIAL_SERIES:single,40000,1,39,39997.0000,9242756.7824,9239216.0000
TRIAL_SERIES:single,40000,1,40,40003.0000,8991240.6630,8995185.0000
TRIAL_SERIES:single,40000,1,41,40002.0000,8726400.7852,8729660.0000
TRIAL_SERIES:single,40000,1,42,39978.0000,8446939.5994,8444533.5000
TRIAL_SERIES:single,40000,1,43,40022.0000,8183243.3020,8186145.5000
TRIAL_SERIES:single,40000,1,44,39999.0000,7917785.1356,7919859.0000
TRIAL_SERIES:single,40000,1,45,40000.0000,7663230.3439,7667480.0000
TRIAL_SERIES:single,40000,1,46,40001.0000,7402094.4584,7395468.0000
TRIAL_SERIES:single,40000,1,47,39995.0000,7152468.5939,7150936.0000
TRIAL_SERIES:single,40000,1,48,40005.0000,6887336.4899,6887101.0000
TRIAL_SERIES:single,40000,1,49,40000.0000,6633752.1229,6631031.5000
TRIAL_SERIES:single,40000,1,50,39999.0000,6425313.4242,6435721.0000
TRIAL_SERIES:single,40000,1,51,40001.0000,6179180.0987,6179438.0000
TRIAL_SERIES:single,40000,1,52,39997.0000,5944465.8823,5951604.0000
TRIAL_SERIES:single,40000,1,53,40003.0000,5689610.3049,5689486.0000
TRIAL_SERIES:single,40000,1,54,39998.0000,5419153.4112,5412829.0000
TRIAL_SERIES:single,40000,1,55,40002.0000,5163255.9558,5160012.0000
TRIAL_SERIES:single,40000,1,56,39995.0000,4896935.7650,4901862.0000
TRIAL_SERIES:single,40000,1,57,40005.0000,4754407.2033,4754216.0000
TRIAL_SERIES:single,40000,1,58,39999.0000,4490120.7285,4494137.0000
TRIAL_SERIES:single,40000,1,59,40001.0000,4218439.8636,4215008.0000
TRIAL_SERIES:single,40000,1,60,40000.0000,3983137.3861,3986001.0000
TRIAL_SERIES:single,40000,1,61,5.0000,3845889.2000,3846032.0000
TRIAL_SERIES:single,40000,1,62,0.0000,0.0000,0.0000
TRIAL_SERIES:single,40000,1,63,0.0000,0.0000,0.0000
TRIAL_SERIES:single,40000,1,64,0.0000,0.0000,0.0000
TRIAL_RESULT:single,40000,1,39344.3443,8698553.0000,8008348.5658,8698553.0000,10711274.0000
[2026-02-28 21:21:37] Benchmark run: phase=single step=3 target=40000 duration=60s trial=2 attempt=1
TRIAL_SERIES:single,40000,2,1,40000.0000,6866.1746,6163.0000
TRIAL_SERIES:single,40000,2,2,40000.0000,3948.5004,3415.0000
TRIAL_SERIES:single,40000,2,3,40000.0000,2574.0083,2273.0000
TRIAL_SERIES:single,40000,2,4,39999.0000,2665.2237,2206.0000
TRIAL_SERIES:single,40000,2,5,40000.0000,2574.0122,2035.0000
TRIAL_SERIES:single,40000,2,6,39998.0000,43209.0637,2826.0000
TRIAL_SERIES:single,40000,2,7,40002.0000,112460.8907,123071.0000
TRIAL_SERIES:single,40000,2,8,39996.0000,2967.5998,1969.0000
TRIAL_SERIES:single,40000,2,9,40005.0000,2516.0465,2201.0000
TRIAL_SERIES:single,40000,2,10,40000.0000,3104.4341,2040.0000
TRIAL_SERIES:single,40000,2,11,40000.0000,2377.5729,2023.0000
TRIAL_SERIES:single,40000,2,12,39997.0000,2328.6587,2048.0000
TRIAL_SERIES:single,40000,2,13,40002.0000,95846.3644,3488.0000
TRIAL_SERIES:single,40000,2,14,40001.0000,89997.8494,86478.0000
TRIAL_SERIES:single,40000,2,15,40000.0000,2176.5904,1884.0000
TRIAL_SERIES:single,40000,2,16,39999.0000,2008.6573,1825.0000
TRIAL_SERIES:single,40000,2,17,40001.0000,2805.0418,2111.0000
TRIAL_SERIES:single,40000,2,18,39996.0000,2040.3529,1842.0000
TRIAL_SERIES:single,40000,2,19,40004.0000,2428.5841,2199.0000
TRIAL_SERIES:single,40000,2,20,40000.0000,2124.4244,1895.0000
TRIAL_SERIES:single,40000,2,21,40000.0000,2260.8187,1806.0000
TRIAL_SERIES:single,40000,2,22,40000.0000,98513.7007,120261.5000
TRIAL_SERIES:single,40000,2,23,40000.0000,23141.4814,8452.5000
TRIAL_SERIES:single,40000,2,24,39999.0000,2019.4596,1766.0000
TRIAL_SERIES:single,40000,2,25,40001.0000,1989.2611,1767.0000
TRIAL_SERIES:single,40000,2,26,39998.0000,1866.7287,1673.0000
TRIAL_SERIES:single,40000,2,27,40002.0000,2162.7807,1785.0000
TRIAL_SERIES:single,40000,2,28,40000.0000,2246.4821,1845.0000
TRIAL_SERIES:single,40000,2,29,39999.0000,1900.9044,1758.0000
TRIAL_SERIES:single,40000,2,30,40000.0000,2100.2645,1749.0000
TRIAL_SERIES:single,40000,2,31,40001.0000,2038.0746,1824.0000
TRIAL_SERIES:single,40000,2,32,40000.0000,1911.2895,1754.0000
TRIAL_SERIES:single,40000,2,33,39996.0000,1905.4366,1755.0000
TRIAL_SERIES:single,40000,2,34,40003.0000,1939.4170,1695.0000
TRIAL_SERIES:single,40000,2,35,40000.0000,2221.1400,1780.0000
TRIAL_SERIES:single,40000,2,36,40001.0000,1856.7923,1719.0000
TRIAL_SERIES:single,40000,2,37,39998.0000,2395.3264,1932.0000
TRIAL_SERIES:single,40000,2,38,40002.0000,2051.4800,1822.0000
TRIAL_SERIES:single,40000,2,39,39999.0000,1951.3393,1799.0000
TRIAL_SERIES:single,40000,2,40,40001.0000,3067.8478,1875.0000
TRIAL_SERIES:single,40000,2,41,40000.0000,31061.4162,1926.0000
TRIAL_SERIES:single,40000,2,42,39999.0000,32648.2425,11245.0000
TRIAL_SERIES:single,40000,2,43,40001.0000,1914.4817,1822.0000
TRIAL_SERIES:single,40000,2,44,40000.0000,4507.6532,1833.0000
TRIAL_SERIES:single,40000,2,45,40000.0000,2342.1234,1889.0000
TRIAL_SERIES:single,40000,2,46,40000.0000,1928.4051,1801.0000
TRIAL_SERIES:single,40000,2,47,40000.0000,2361.8640,1865.0000
TRIAL_SERIES:single,40000,2,48,39999.0000,1985.3364,1799.0000
TRIAL_SERIES:single,40000,2,49,40001.0000,2002.1409,1831.0000
TRIAL_SERIES:single,40000,2,50,40000.0000,36385.8269,2263.0000
TRIAL_SERIES:single,40000,2,51,40000.0000,11481.1813,2094.0000
TRIAL_SERIES:single,40000,2,52,39999.0000,1871.5788,1716.0000
TRIAL_SERIES:single,40000,2,53,40000.0000,1891.9795,1745.0000
TRIAL_SERIES:single,40000,2,54,39999.0000,2152.4648,1801.0000
TRIAL_SERIES:single,40000,2,55,40001.0000,2083.4642,1857.0000
TRIAL_SERIES:single,40000,2,56,39998.0000,2311.8327,1869.0000
TRIAL_SERIES:single,40000,2,57,40001.0000,3066.0860,2021.0000
TRIAL_SERIES:single,40000,2,58,40002.0000,3499.5165,2187.0000
TRIAL_SERIES:single,40000,2,59,39998.0000,2331.8721,1899.5000
TRIAL_SERIES:single,40000,2,60,40002.0000,2705.4062,2002.0000
TRIAL_SERIES:single,40000,2,61,18.0000,1513.4444,1461.0000
TRIAL_RESULT:single,40000,2,39344.5574,1971.0000,11618.3018,1971.0000,183801.0000
[2026-02-28 21:24:01] Benchmark run: phase=single step=3 target=40000 duration=60s trial=3 attempt=1
TRIAL_SERIES:single,40000,3,1,40000.0000,6645.1491,5570.0000
TRIAL_SERIES:single,40000,3,2,39998.0000,3196.6658,2640.0000
TRIAL_SERIES:single,40000,3,3,40002.0000,5270.3119,2075.0000
TRIAL_SERIES:single,40000,3,4,40000.0000,2118.8347,1857.0000
TRIAL_SERIES:single,40000,3,5,40000.0000,2181.7546,1879.0000
TRIAL_SERIES:single,40000,3,6,40000.0000,2279.0934,2018.0000
TRIAL_SERIES:single,40000,3,7,39999.0000,2416.4385,1852.0000
TRIAL_SERIES:single,40000,3,8,40000.0000,54400.3754,1962.0000
TRIAL_SERIES:single,40000,3,9,39998.0000,80579.7069,79739.5000
TRIAL_SERIES:single,40000,3,10,40002.0000,7125.5700,3029.5000
TRIAL_SERIES:single,40000,3,11,40000.0000,1956.5554,1767.0000
TRIAL_SERIES:single,40000,3,12,39392.0000,2234.2516,1719.0000
TRIAL_SERIES:single,40000,3,13,40608.0000,74952.8952,72311.5000
TRIAL_SERIES:single,40000,3,14,40001.0000,13265.7296,2483.0000
TRIAL_SERIES:single,40000,3,15,40000.0000,64465.7306,63320.5000
TRIAL_SERIES:single,40000,3,16,39996.0000,3519.4356,1885.0000
TRIAL_SERIES:single,40000,3,17,40004.0000,2147.5935,1810.0000
TRIAL_SERIES:single,40000,3,18,39999.0000,2163.8454,1736.0000
TRIAL_SERIES:single,40000,3,19,40001.0000,2232.7276,1984.0000
TRIAL_SERIES:single,40000,3,20,39999.0000,2529.2258,1904.0000
TRIAL_SERIES:single,40000,3,21,39998.0000,2461.8434,2020.0000
TRIAL_SERIES:single,40000,3,22,40002.0000,2160.5436,1831.0000
TRIAL_SERIES:single,40000,3,23,40000.0000,2329.6843,2000.0000
TRIAL_SERIES:single,40000,3,24,40001.0000,2116.9845,1914.0000
TRIAL_SERIES:single,40000,3,25,40000.0000,1932.2479,1825.0000
TRIAL_SERIES:single,40000,3,26,40000.0000,2003.9995,1881.0000
TRIAL_SERIES:single,40000,3,27,39999.0000,2308.9157,1928.0000
TRIAL_SERIES:single,40000,3,28,40000.0000,2365.5190,1872.0000
TRIAL_SERIES:single,40000,3,29,40001.0000,2158.9264,1981.0000
TRIAL_SERIES:single,40000,3,30,40000.0000,2092.8213,1896.0000
TRIAL_SERIES:single,40000,3,31,40000.0000,2138.5682,1964.0000
TRIAL_SERIES:single,40000,3,32,40000.0000,2090.3628,1871.0000
TRIAL_SERIES:single,40000,3,33,40000.0000,2403.7586,2100.0000
TRIAL_SERIES:single,40000,3,34,40000.0000,2190.9594,1870.0000
TRIAL_SERIES:single,40000,3,35,39999.0000,2246.5817,1964.0000
TRIAL_SERIES:single,40000,3,36,40001.0000,2809.7502,2489.0000
TRIAL_SERIES:single,40000,3,37,40000.0000,2635.4556,2353.0000
TRIAL_SERIES:single,40000,3,38,40000.0000,2737.4702,2375.0000
TRIAL_SERIES:single,40000,3,39,40000.0000,2280.5194,2153.0000
TRIAL_SERIES:single,40000,3,40,39999.0000,3338.7259,2275.0000
TRIAL_SERIES:single,40000,3,41,40000.0000,2391.3441,2229.0000
TRIAL_SERIES:single,40000,3,42,40001.0000,2536.6607,2348.0000
TRIAL_SERIES:single,40000,3,43,39999.0000,34541.7738,4123.0000
TRIAL_SERIES:single,40000,3,44,39996.0000,84542.5585,87195.5000
TRIAL_SERIES:single,40000,3,45,40005.0000,10933.0693,2648.0000
TRIAL_SERIES:single,40000,3,46,40000.0000,3137.3994,2837.0000
TRIAL_SERIES:single,40000,3,47,39999.0000,2710.7360,2462.0000
TRIAL_SERIES:single,40000,3,48,40001.0000,3793.2899,2690.0000
TRIAL_SERIES:single,40000,3,49,39999.0000,2617.9894,2442.0000
TRIAL_SERIES:single,40000,3,50,39962.0000,101528.6679,5802.0000
TRIAL_SERIES:single,40000,3,51,40037.0000,231095.4479,229727.0000
TRIAL_SERIES:single,40000,3,52,40002.0000,143804.5696,139572.5000
TRIAL_SERIES:single,40000,3,53,40000.0000,56859.3227,63669.0000
TRIAL_SERIES:single,40000,3,54,40000.0000,2815.7735,2459.0000
TRIAL_SERIES:single,40000,3,55,40000.0000,2953.7510,2409.0000
TRIAL_SERIES:single,40000,3,56,39999.0000,2628.6587,2452.0000
TRIAL_SERIES:single,40000,3,57,40000.0000,2542.0392,2300.0000
TRIAL_SERIES:single,40000,3,58,40000.0000,3372.7065,2492.0000
TRIAL_SERIES:single,40000,3,59,40000.0000,2821.5824,2575.0000
TRIAL_SERIES:single,40000,3,60,40001.0000,3243.3215,2257.0000
TRIAL_SERIES:single,40000,3,61,23.0000,1546.0435,1546.0000
TRIAL_RESULT:single,40000,3,39344.6393,2270.0000,18076.0845,2270.0000,245987.0000
[2026-02-28 21:26:23] Benchmark run: phase=single step=3 target=40000 duration=60s trial=4 attempt=1
TRIAL_SERIES:single,40000,4,1,40000.0000,3251.4575,2505.0000
TRIAL_SERIES:single,40000,4,2,40000.0000,5419.5269,2358.0000
TRIAL_SERIES:single,40000,4,3,39999.0000,6522.8204,2029.0000
TRIAL_SERIES:single,40000,4,4,40001.0000,2312.1181,1967.0000
TRIAL_SERIES:single,40000,4,5,39999.0000,2255.0660,1894.0000
TRIAL_SERIES:single,40000,4,6,40001.0000,2047.9692,1850.0000
TRIAL_SERIES:single,40000,4,7,40000.0000,4366.5134,2080.0000
TRIAL_SERIES:single,40000,4,8,40000.0000,51383.3348,3577.0000
TRIAL_SERIES:single,40000,4,9,39998.0000,19957.5322,3714.0000
TRIAL_SERIES:single,40000,4,10,39999.0000,2703.7389,1888.0000
TRIAL_SERIES:single,40000,4,11,40003.0000,1965.7486,1727.0000
TRIAL_SERIES:single,40000,4,12,39999.0000,2685.3020,2033.0000
TRIAL_SERIES:single,40000,4,13,39999.0000,1978.5529,1826.0000
TRIAL_SERIES:single,40000,4,14,39995.0000,1988.2223,1789.0000
TRIAL_SERIES:single,40000,4,15,40007.0000,2162.8195,1857.0000
TRIAL_SERIES:single,40000,4,16,39999.0000,2270.2666,2021.0000
TRIAL_SERIES:single,40000,4,17,40001.0000,2463.3878,1910.0000
TRIAL_SERIES:single,40000,4,18,40000.0000,2184.5610,1932.0000
TRIAL_SERIES:single,40000,4,19,40000.0000,1949.3414,1802.0000
TRIAL_SERIES:single,40000,4,20,40000.0000,6119.6575,2023.0000
TRIAL_SERIES:single,40000,4,21,40000.0000,2149.4609,1945.0000
TRIAL_SERIES:single,40000,4,22,39981.0000,44058.9900,2183.0000
TRIAL_SERIES:single,40000,4,23,40019.0000,47999.6824,41218.0000
TRIAL_SERIES:single,40000,4,24,40000.0000,2392.0808,1993.0000
TRIAL_SERIES:single,40000,4,25,40000.0000,2010.9970,1761.0000
TRIAL_SERIES:single,40000,4,26,39999.0000,1988.9451,1817.0000
TRIAL_SERIES:single,40000,4,27,40001.0000,2350.3147,1968.0000
TRIAL_SERIES:single,40000,4,28,39999.0000,2620.4028,1920.0000
TRIAL_SERIES:single,40000,4,29,39997.0000,2185.3090,1939.0000
TRIAL_SERIES:single,40000,4,30,40003.0000,2053.4998,1816.0000
TRIAL_SERIES:single,40000,4,31,40000.0000,2065.2020,1860.0000
TRIAL_SERIES:single,40000,4,32,40001.0000,2086.7532,1858.0000
TRIAL_SERIES:single,40000,4,33,40000.0000,2104.9415,1889.0000
TRIAL_SERIES:single,40000,4,34,39999.0000,1971.9737,1768.0000
TRIAL_SERIES:single,40000,4,35,40001.0000,2034.5974,1829.0000
TRIAL_SERIES:single,40000,4,36,39999.0000,76813.1271,3186.0000
TRIAL_SERIES:single,40000,4,37,40001.0000,115410.9304,111370.0000
TRIAL_SERIES:single,40000,4,38,40000.0000,4598.0853,2024.0000
TRIAL_SERIES:single,40000,4,39,40000.0000,3333.3118,2715.0000
TRIAL_SERIES:single,40000,4,40,39999.0000,2669.8009,2343.0000
TRIAL_SERIES:single,40000,4,41,40001.0000,2585.7788,2290.0000
TRIAL_SERIES:single,40000,4,42,40000.0000,2418.1576,2240.0000
TRIAL_SERIES:single,40000,4,43,39999.0000,2312.3093,2156.0000
TRIAL_SERIES:single,40000,4,44,40000.0000,2449.2371,2221.0000
TRIAL_SERIES:single,40000,4,45,40000.0000,2561.5475,2366.0000
TRIAL_SERIES:single,40000,4,46,39998.0000,2394.7239,2177.0000
TRIAL_SERIES:single,40000,4,47,40002.0000,3467.1316,2354.0000
TRIAL_SERIES:single,40000,4,48,40000.0000,2656.7122,2357.0000
TRIAL_SERIES:single,40000,4,49,39994.0000,2096.5872,1962.0000
TRIAL_SERIES:single,40000,4,50,40007.0000,4511.6367,2280.0000
TRIAL_SERIES:single,40000,4,51,40000.0000,2284.4425,2076.5000
TRIAL_SERIES:single,40000,4,52,40000.0000,2258.9475,2053.5000
TRIAL_SERIES:single,40000,4,53,39999.0000,2149.8516,1988.0000
TRIAL_SERIES:single,40000,4,54,40001.0000,2517.3890,2208.0000
TRIAL_SERIES:single,40000,4,55,39997.0000,2501.1246,2104.0000
TRIAL_SERIES:single,40000,4,56,40000.0000,2371.0060,2198.5000
TRIAL_SERIES:single,40000,4,57,39999.0000,2859.2021,2264.0000
TRIAL_SERIES:single,40000,4,58,40003.0000,3121.2304,2319.0000
TRIAL_SERIES:single,40000,4,59,39997.0000,28768.4431,2748.0000
TRIAL_SERIES:single,40000,4,60,40004.0000,33785.2165,28703.0000
TRIAL_SERIES:single,40000,4,61,2.0000,1361.0000,1361.0000
TRIAL_RESULT:single,40000,4,39344.2951,2090.0000,9316.0018,2090.0000,151661.0000
[2026-02-28 21:28:46] Benchmark run: phase=single step=3 target=40000 duration=60s trial=5 attempt=1
TRIAL_SERIES:single,40000,5,1,39999.0000,81329.5235,73865.0000
TRIAL_SERIES:single,40000,5,2,40001.0000,220033.2920,225279.0000
TRIAL_SERIES:single,40000,5,3,40000.0000,92670.6767,91035.5000
TRIAL_SERIES:single,40000,5,4,39999.0000,2607.8679,2007.0000
TRIAL_SERIES:single,40000,5,5,40000.0000,2337.8547,1923.0000
TRIAL_SERIES:single,40000,5,6,39998.0000,2039.9989,1822.0000
TRIAL_SERIES:single,40000,5,7,40003.0000,2626.9817,2053.0000
TRIAL_SERIES:single,40000,5,8,39999.0000,2908.9671,2072.0000
TRIAL_SERIES:single,40000,5,9,40001.0000,1778.1155,1675.0000
TRIAL_SERIES:single,40000,5,10,39999.0000,3077.3105,2134.0000
TRIAL_SERIES:single,40000,5,11,40000.0000,2021.2741,1774.0000
TRIAL_SERIES:single,40000,5,12,40001.0000,1919.8694,1722.0000
TRIAL_SERIES:single,40000,5,13,40000.0000,1860.0146,1719.0000
TRIAL_SERIES:single,40000,5,14,39998.0000,7808.7243,1958.0000
TRIAL_SERIES:single,40000,5,15,40001.0000,1954.3360,1734.0000
TRIAL_SERIES:single,40000,5,16,40001.0000,1825.7996,1671.0000
TRIAL_SERIES:single,40000,5,17,40000.0000,2570.7102,1989.0000
TRIAL_SERIES:single,40000,5,18,40000.0000,1925.3443,1749.0000
TRIAL_SERIES:single,40000,5,19,39998.0000,2000.0313,1817.0000
TRIAL_SERIES:single,40000,5,20,40002.0000,1993.5505,1711.5000
TRIAL_SERIES:single,40000,5,21,39999.0000,75790.5670,2676.0000
TRIAL_SERIES:single,40000,5,22,39999.0000,55028.4923,47392.0000
TRIAL_SERIES:single,40000,5,23,40001.0000,1988.2264,1789.0000
TRIAL_SERIES:single,40000,5,24,40001.0000,2043.1962,1778.0000
TRIAL_SERIES:single,40000,5,25,39999.0000,2038.9667,1775.0000
TRIAL_SERIES:single,40000,5,26,40001.0000,1867.2719,1738.0000
TRIAL_SERIES:single,40000,5,27,40000.0000,2317.8480,1881.0000
TRIAL_SERIES:single,40000,5,28,39998.0000,2392.6768,1805.0000
TRIAL_SERIES:single,40000,5,29,40002.0000,1939.2879,1770.0000
TRIAL_SERIES:single,40000,5,30,39998.0000,29173.6190,3117.0000
TRIAL_SERIES:single,40000,5,31,39980.0000,5284.8122,1857.0000
TRIAL_SERIES:single,40000,5,32,40021.0000,58422.4556,50627.0000
TRIAL_SERIES:single,40000,5,33,40001.0000,1890.8470,1741.0000
TRIAL_SERIES:single,40000,5,34,39999.0000,4379.4846,2016.0000
TRIAL_SERIES:single,40000,5,35,40001.0000,1861.0993,1730.0000
TRIAL_SERIES:single,40000,5,36,39999.0000,1850.0670,1721.0000
TRIAL_SERIES:single,40000,5,37,40000.0000,2497.4116,1917.0000
TRIAL_SERIES:single,40000,5,38,40001.0000,2065.4407,1835.0000
TRIAL_SERIES:single,40000,5,39,40000.0000,2111.8360,1940.0000
TRIAL_SERIES:single,40000,5,40,40000.0000,3222.9866,1788.0000
TRIAL_SERIES:single,40000,5,41,40000.0000,2281.5442,2061.0000
TRIAL_SERIES:single,40000,5,42,40000.0000,2381.8251,2018.0000
TRIAL_SERIES:single,40000,5,43,40000.0000,2488.1176,2213.0000
TRIAL_SERIES:single,40000,5,44,39999.0000,4147.5847,2178.0000
TRIAL_SERIES:single,40000,5,45,40001.0000,7568.3033,2799.0000
TRIAL_SERIES:single,40000,5,46,40000.0000,1972.5017,1879.0000
TRIAL_SERIES:single,40000,5,47,40000.0000,2527.7257,2018.0000
TRIAL_SERIES:single,40000,5,48,40000.0000,2528.9325,1890.0000
TRIAL_SERIES:single,40000,5,49,40000.0000,2489.9163,2273.0000
TRIAL_SERIES:single,40000,5,50,39998.0000,2835.5039,2401.0000
TRIAL_SERIES:single,40000,5,51,40002.0000,3283.4514,2679.5000
TRIAL_SERIES:single,40000,5,52,40000.0000,2401.3191,2226.0000
TRIAL_SERIES:single,40000,5,53,39999.0000,2401.7893,2131.0000
TRIAL_SERIES:single,40000,5,54,40001.0000,2225.8832,1989.0000
TRIAL_SERIES:single,40000,5,55,40000.0000,2290.3664,1909.0000
TRIAL_SERIES:single,40000,5,56,40000.0000,2188.5799,2006.0000
TRIAL_SERIES:single,40000,5,57,40000.0000,2573.6361,2154.0000
TRIAL_SERIES:single,40000,5,58,39988.0000,20308.0457,2409.0000
TRIAL_SERIES:single,40000,5,59,40011.0000,73931.7580,71631.0000
TRIAL_SERIES:single,40000,5,60,40001.0000,5917.7877,2762.0000
TRIAL_SERIES:single,40000,5,61,4.0000,1323.0000,1307.0000
TRIAL_RESULT:single,40000,5,39344.3279,2034.0000,14070.6855,2034.0000,219330.0000
[2026-02-28 21:31:12] Eval 1 result: target=40000 avg_thr=39344.4328 median_lat_us=2090.0000 mean_lat_us=1612285.9279 p99_lat_us=2302410.6000 pass=true status=ok
[2026-02-28 21:31:12] Single-target complete: slowdown_type=cpu step=3 target=40000 observed_throughput=39344.4328 observed_latency_us=2090.0000
RESULTS:39344.4328,2090.0000
RESULTS_EXT:39344.4328,2090.0000,1612285.9279,2090.0000,2302410.6000
[2026-02-28 21:31:14] Completed step 3c: observed_thr=39344.4328, mean_lat_us=1612285.9279, median_lat_us=2090.0000, p99_lat_us=2302410.6000
[2026-02-28 21:31:14] Starting slowdown-profile step 2c: target throughput 36000 ops/s, trials=5, duration=60s
[2026-02-28 21:31:14] Restoring snapshot 'baseline' before step 2c
[2026-02-28 21:33:02] Running mode=single, slowdown_type=cpu, step=2, client_type=hybrid
[2026-02-28 21:33:04] Warming up cluster with 5 lightweight CQL probe(s) per node
[2026-02-28 21:33:15] Applying CPU limit on ccl1.cyber.lab (cassandra-node-1): 0-1
[2026-02-28 21:33:15] Applying CPU limit on ccl2.cyber.lab (cassandra-node-2): 0-3
[2026-02-28 21:33:15] Applying CPU limit on ccl3.cyber.lab (cassandra-node-3): 0-3
[2026-02-28 21:33:18] Eval 1: phase=single target=36000 trials=5 duration=60s
[2026-02-28 21:33:18] Benchmark run: phase=single step=2 target=36000 duration=60s trial=1 attempt=1
TRIAL_SERIES:single,36000,1,1,37026.0000,1610915.5303,1648164.0000
TRIAL_SERIES:single,36000,1,2,37048.0000,3849309.1154,3882524.0000
TRIAL_SERIES:single,36000,1,3,37029.0000,5242250.5923,5242288.0000
TRIAL_SERIES:single,36000,1,4,37038.0000,6485496.4295,6483673.5000
TRIAL_SERIES:single,36000,1,5,37042.0000,7731653.4372,7738670.5000
TRIAL_SERIES:single,36000,1,6,37039.0000,8907224.8729,8911654.0000
TRIAL_SERIES:single,36000,1,7,37036.0000,10157550.5427,10160670.5000
TRIAL_SERIES:single,36000,1,8,37031.0000,11405740.1226,11405701.0000
TRIAL_SERIES:single,36000,1,9,37044.0000,12650443.0903,12646587.0000
TRIAL_SERIES:single,36000,1,10,37031.0000,13882938.6438,13883790.0000
TRIAL_SERIES:single,36000,1,11,37036.0000,15063060.8127,15064624.5000
TRIAL_SERIES:single,36000,1,12,37042.0000,16198341.5038,16197061.0000
TRIAL_SERIES:single,36000,1,13,37035.0000,17334215.5309,17339789.0000
TRIAL_SERIES:single,36000,1,14,37033.0000,18450278.6134,18442829.0000
TRIAL_SERIES:single,36000,1,15,37045.0000,19583206.8726,19582372.0000
TRIAL_SERIES:single,36000,1,16,37036.0000,20703148.4887,20706907.0000
TRIAL_SERIES:single,36000,1,17,37039.0000,21837699.1370,21847883.0000
TRIAL_SERIES:single,36000,1,18,37036.0000,23006943.9687,23012833.5000
TRIAL_SERIES:single,36000,1,19,37038.0000,24140029.9904,24144887.5000
TRIAL_SERIES:single,36000,1,20,37034.0000,25247427.0099,25255555.5000
TRIAL_SERIES:single,36000,1,21,37039.0000,26301915.9156,26300691.0000
TRIAL_SERIES:single,36000,1,22,37032.0000,27316141.1395,27318623.5000
TRIAL_SERIES:single,36000,1,23,37042.0000,28231239.7137,28232639.0000
TRIAL_SERIES:single,36000,1,24,37038.0000,29086817.1922,29075952.0000
TRIAL_SERIES:single,36000,1,25,37031.0000,30087022.4344,30112113.0000
TRIAL_SERIES:single,36000,1,26,37034.0000,30997694.3769,31001236.0000
TRIAL_SERIES:single,36000,1,27,37045.0000,31784209.3004,31798368.0000
TRIAL_SERIES:single,36000,1,28,37038.0000,32558510.8364,32559837.5000
TRIAL_SERIES:single,36000,1,29,37037.0000,33280666.4361,33272059.0000
TRIAL_SERIES:single,36000,1,30,37030.0000,34153624.7904,34166242.5000
TRIAL_SERIES:single,36000,1,31,37043.0000,34810080.1317,34814230.0000
TRIAL_SERIES:single,36000,1,32,37039.0000,35472076.7622,35479660.0000
TRIAL_SERIES:single,36000,1,33,37036.0000,36111657.3110,36124697.5000
TRIAL_SERIES:single,36000,1,34,37036.0000,36762381.6470,36783936.0000
TRIAL_SERIES:single,36000,1,35,37037.0000,37348671.5552,37346716.0000
TRIAL_SERIES:single,36000,1,36,37035.0000,37945723.1981,37959829.0000
TRIAL_SERIES:single,36000,1,37,37036.0000,38522070.6178,38528212.5000
TRIAL_SERIES:single,36000,1,38,37040.0000,39045292.1732,39040856.5000
TRIAL_SERIES:single,36000,1,39,37038.0000,39604228.0112,39590839.0000
TRIAL_SERIES:single,36000,1,40,37038.0000,40172577.4671,40171934.0000
TRIAL_SERIES:single,36000,1,41,37025.0000,40647180.6213,40637262.0000
TRIAL_SERIES:single,36000,1,42,37048.0000,41144260.1872,41145230.5000
TRIAL_SERIES:single,36000,1,43,37031.0000,41576058.4530,41571665.0000
TRIAL_SERIES:single,36000,1,44,37044.0000,41993115.9962,41989093.5000
TRIAL_SERIES:single,36000,1,45,37036.0000,42781828.9940,42864823.0000
TRIAL_SERIES:single,36000,1,46,37023.0000,43185259.3093,43184993.0000
TRIAL_SERIES:single,36000,1,47,37046.0000,43497666.3247,43496427.5000
TRIAL_SERIES:single,36000,1,48,37042.0000,43782589.3023,43777548.0000
TRIAL_SERIES:single,36000,1,49,37036.0000,44050908.2550,44057720.5000
TRIAL_SERIES:single,36000,1,50,37036.0000,44310798.5647,44308291.5000
TRIAL_SERIES:single,36000,1,51,37040.0000,44570571.8442,44576023.0000
TRIAL_SERIES:single,36000,1,52,37037.0000,44820785.1751,44825854.0000
TRIAL_SERIES:single,36000,1,53,37034.0000,45041100.6083,45038374.5000
TRIAL_SERIES:single,36000,1,54,37034.0000,45289416.1566,45290317.5000
TRIAL_SERIES:single,36000,1,55,37042.0000,45516291.1310,45512807.5000
TRIAL_SERIES:single,36000,1,56,37037.0000,45837052.5306,45847011.0000
TRIAL_SERIES:single,36000,1,57,37037.0000,46076081.1243,46072164.0000
TRIAL_SERIES:single,36000,1,58,37028.0000,46290383.2814,46298208.5000
TRIAL_SERIES:single,36000,1,59,37046.0000,46497959.9561,46493340.0000
TRIAL_SERIES:single,36000,1,60,37038.0000,46703900.7059,46702857.0000
TRIAL_SERIES:single,36000,1,61,15.0000,46794908.9333,46791365.0000
TRIAL_SERIES:single,36000,1,62,0.0000,0.0000,0.0000
TRIAL_SERIES:single,36000,1,63,0.0000,0.0000,0.0000
TRIAL_SERIES:single,36000,1,64,0.0000,0.0000,0.0000
TRIAL_SERIES:single,36000,1,65,0.0000,0.0000,0.0000
TRIAL_SERIES:single,36000,1,66,0.0000,0.0000,0.0000
TRIAL_SERIES:single,36000,1,67,0.0000,0.0000,0.0000
TRIAL_SERIES:single,36000,1,68,0.0000,0.0000,0.0000
TRIAL_SERIES:single,36000,1,69,0.0000,0.0000,0.0000
TRIAL_SERIES:single,36000,1,70,0.0000,0.0000,0.0000
TRIAL_SERIES:single,36000,1,71,0.0000,0.0000,0.0000
TRIAL_SERIES:single,36000,1,72,0.0000,0.0000,0.0000
TRIAL_SERIES:single,36000,1,73,0.0000,0.0000,0.0000
TRIAL_SERIES:single,36000,1,74,0.0000,0.0000,0.0000
TRIAL_SERIES:single,36000,1,75,0.0000,0.0000,0.0000
TRIAL_SERIES:single,36000,1,76,0.0000,0.0000,0.0000
TRIAL_SERIES:single,36000,1,77,0.0000,0.0000,0.0000
TRIAL_SERIES:single,36000,1,78,0.0000,0.0000,0.0000
TRIAL_SERIES:single,36000,1,79,0.0000,0.0000,0.0000
TRIAL_SERIES:single,36000,1,80,0.0000,0.0000,0.0000
TRIAL_SERIES:single,36000,1,81,0.0000,0.0000,0.0000
TRIAL_SERIES:single,36000,1,82,0.0000,0.0000,0.0000
TRIAL_SERIES:single,36000,1,83,0.0000,0.0000,0.0000
TRIAL_SERIES:single,36000,1,84,0.0000,0.0000,0.0000
TRIAL_SERIES:single,36000,1,85,0.0000,0.0000,0.0000
TRIAL_SERIES:single,36000,1,86,0.0000,0.0000,0.0000
TRIAL_SERIES:single,36000,1,87,0.0000,0.0000,0.0000
TRIAL_SERIES:single,36000,1,88,0.0000,0.0000,0.0000
TRIAL_SERIES:single,36000,1,89,0.0000,0.0000,0.0000
TRIAL_SERIES:single,36000,1,90,0.0000,0.0000,0.0000
TRIAL_SERIES:single,36000,1,91,0.0000,0.0000,0.0000
TRIAL_SERIES:single,36000,1,92,0.0000,0.0000,0.0000
TRIAL_SERIES:single,36000,1,93,0.0000,0.0000,0.0000
TRIAL_SERIES:single,36000,1,94,0.0000,0.0000,0.0000
TRIAL_SERIES:single,36000,1,95,0.0000,0.0000,0.0000
TRIAL_SERIES:single,36000,1,96,0.0000,0.0000,0.0000
TRIAL_SERIES:single,36000,1,97,0.0000,0.0000,0.0000
TRIAL_SERIES:single,36000,1,98,0.0000,0.0000,0.0000
TRIAL_SERIES:single,36000,1,99,0.0000,0.0000,0.0000
TRIAL_SERIES:single,36000,1,100,0.0000,0.0000,0.0000
TRIAL_SERIES:single,36000,1,101,0.0000,0.0000,0.0000
TRIAL_SERIES:single,36000,1,102,0.0000,0.0000,0.0000
TRIAL_SERIES:single,36000,1,103,0.0000,0.0000,0.0000
TRIAL_SERIES:single,36000,1,104,0.0000,0.0000,0.0000
TRIAL_SERIES:single,36000,1,105,0.0000,0.0000,0.0000
TRIAL_SERIES:single,36000,1,106,0.0000,0.0000,0.0000
TRIAL_SERIES:single,36000,1,107,0.0000,0.0000,0.0000
TRIAL_RESULT:single,36000,1,36430.1148,34482106.0000,30778401.8842,34482106.0000,46685523.0000
[2026-02-28 21:36:30] Benchmark run: phase=single step=2 target=36000 duration=60s trial=2 attempt=1
TRIAL_SERIES:single,36000,2,1,37027.0000,161253.9690,112547.0000
TRIAL_SERIES:single,36000,2,2,37047.0000,300782.0859,306345.0000
TRIAL_SERIES:single,36000,2,3,37037.0000,191724.8907,184061.0000
TRIAL_SERIES:single,36000,2,4,37036.0000,83618.3433,79256.0000
TRIAL_SERIES:single,36000,2,5,37038.0000,8603.1526,3871.0000
TRIAL_SERIES:single,36000,2,6,37037.0000,4001.7922,1827.0000
TRIAL_SERIES:single,36000,2,7,37038.0000,4344.1839,2197.5000
TRIAL_SERIES:single,36000,2,8,37032.0000,3425.4064,1819.0000
TRIAL_SERIES:single,36000,2,9,37041.0000,3434.2692,1770.0000
TRIAL_SERIES:single,36000,2,10,37032.0000,2526.5180,1676.0000
TRIAL_SERIES:single,36000,2,11,37042.0000,2347.2163,1678.0000
TRIAL_SERIES:single,36000,2,12,37037.0000,2286.5950,1561.0000
TRIAL_SERIES:single,36000,2,13,37037.0000,2929.5806,1797.0000
TRIAL_SERIES:single,36000,2,14,37037.0000,2947.7112,1701.0000
TRIAL_SERIES:single,36000,2,15,37038.0000,2939.1098,1577.0000
TRIAL_SERIES:single,36000,2,16,37036.0000,2774.1242,1613.0000
TRIAL_SERIES:single,36000,2,17,37038.0000,5422.0890,1967.0000
TRIAL_SERIES:single,36000,2,18,37037.0000,3791.4442,1977.0000
TRIAL_SERIES:single,36000,2,19,37035.0000,53775.4379,76473.0000
TRIAL_SERIES:single,36000,2,20,37036.0000,29822.4484,22378.0000
TRIAL_SERIES:single,36000,2,21,37039.0000,5391.6783,2386.0000
TRIAL_SERIES:single,36000,2,22,37037.0000,39147.5287,39778.0000
TRIAL_SERIES:single,36000,2,23,37037.0000,120003.0166,154375.0000
TRIAL_SERIES:single,36000,2,24,37038.0000,67395.0715,71841.0000
TRIAL_SERIES:single,36000,2,25,37035.0000,4130.7406,2023.0000
TRIAL_SERIES:single,36000,2,26,37039.0000,4980.0836,2286.0000
TRIAL_SERIES:single,36000,2,27,37037.0000,3850.4926,2020.0000
TRIAL_SERIES:single,36000,2,28,37036.0000,2966.2249,1894.0000
TRIAL_SERIES:single,36000,2,29,37038.0000,3899.4774,2242.0000
TRIAL_SERIES:single,36000,2,30,37036.0000,2778.1348,1862.0000
TRIAL_SERIES:single,36000,2,31,37038.0000,2684.0741,1790.0000
TRIAL_SERIES:single,36000,2,32,37037.0000,2828.9073,1828.0000
TRIAL_SERIES:single,36000,2,33,37036.0000,203040.0315,281723.0000
TRIAL_SERIES:single,36000,2,34,37037.0000,179721.5919,181407.0000
TRIAL_SERIES:single,36000,2,35,37038.0000,43636.4165,39476.0000
TRIAL_SERIES:single,36000,2,36,37037.0000,3678.7741,2093.0000
TRIAL_SERIES:single,36000,2,37,37037.0000,3174.4123,2125.0000
TRIAL_SERIES:single,36000,2,38,37029.0000,8232.3431,1952.0000
TRIAL_SERIES:single,36000,2,39,37044.0000,92587.2743,102504.5000
TRIAL_SERIES:single,36000,2,40,37038.0000,3170.2522,1934.0000
TRIAL_SERIES:single,36000,2,41,37038.0000,2728.2379,1852.0000
TRIAL_SERIES:single,36000,2,42,37036.0000,2691.4972,1791.0000
TRIAL_SERIES:single,36000,2,43,37038.0000,2700.0588,1853.0000
TRIAL_SERIES:single,36000,2,44,37036.0000,2828.4885,1877.0000
TRIAL_SERIES:single,36000,2,45,37037.0000,2842.7036,1807.0000
TRIAL_SERIES:single,36000,2,46,37038.0000,2793.3164,1844.0000
TRIAL_SERIES:single,36000,2,47,37037.0000,3371.1787,1945.0000
TRIAL_SERIES:single,36000,2,48,37036.0000,2623.0419,1784.0000
TRIAL_SERIES:single,36000,2,49,37038.0000,3641.7405,2099.0000
TRIAL_SERIES:single,36000,2,50,37036.0000,2657.3909,1782.0000
TRIAL_SERIES:single,36000,2,51,37037.0000,2839.6445,1860.0000
TRIAL_SERIES:single,36000,2,52,37036.0000,2568.0058,1814.0000
TRIAL_SERIES:single,36000,2,53,37039.0000,2575.6983,1798.0000
TRIAL_SERIES:single,36000,2,54,37037.0000,38328.2878,26216.0000
TRIAL_SERIES:single,36000,2,55,37037.0000,2515.0972,1705.0000
TRIAL_SERIES:single,36000,2,56,37037.0000,3336.9376,2051.0000
TRIAL_SERIES:single,36000,2,57,37036.0000,3647.1983,2642.0000
TRIAL_SERIES:single,36000,2,58,37038.0000,2703.6111,1765.0000
TRIAL_SERIES:single,36000,2,59,37037.0000,3194.3725,1870.0000
TRIAL_SERIES:single,36000,2,60,37036.0000,2629.9315,1795.0000
TRIAL_SERIES:single,36000,2,61,11.0000,1945.8182,1160.0000
TRIAL_RESULT:single,36000,2,36430.0328,2728.0000,29388.3361,2728.0000,322998.0000
[2026-02-28 21:38:51] Benchmark run: phase=single step=2 target=36000 duration=60s trial=3 attempt=1
TRIAL_SERIES:single,36000,3,1,37033.0000,8655.3385,7338.0000
TRIAL_SERIES:single,36000,3,2,37040.0000,3953.2688,2332.5000
TRIAL_SERIES:single,36000,3,3,37038.0000,3807.2533,2495.0000
TRIAL_SERIES:single,36000,3,4,37037.0000,3224.0887,2207.0000
TRIAL_SERIES:single,36000,3,5,37036.0000,3297.7249,2137.0000
TRIAL_SERIES:single,36000,3,6,37039.0000,3701.5009,2313.0000
TRIAL_SERIES:single,36000,3,7,37036.0000,10938.5663,6077.0000
TRIAL_SERIES:single,36000,3,8,37036.0000,3265.3422,2189.0000
TRIAL_SERIES:single,36000,3,9,37038.0000,5796.3086,2552.0000
TRIAL_SERIES:single,36000,3,10,37037.0000,3992.2555,2283.0000
TRIAL_SERIES:single,36000,3,11,37038.0000,3995.2741,2343.0000
TRIAL_SERIES:single,36000,3,12,37035.0000,4279.3568,2300.0000
TRIAL_SERIES:single,36000,3,13,37038.0000,114278.0938,127370.0000
TRIAL_SERIES:single,36000,3,14,37037.0000,27364.5916,15494.0000
TRIAL_SERIES:single,36000,3,15,37038.0000,2821.6696,2051.0000
TRIAL_SERIES:single,36000,3,16,37037.0000,2561.4359,1986.0000
TRIAL_SERIES:single,36000,3,17,37036.0000,2953.8807,2021.0000
TRIAL_SERIES:single,36000,3,18,37036.0000,2464.5763,1980.0000
TRIAL_SERIES:single,36000,3,19,37038.0000,2643.2089,1974.0000
TRIAL_SERIES:single,36000,3,20,37036.0000,20958.8799,2359.5000
TRIAL_SERIES:single,36000,3,21,37033.0000,85196.7662,51091.0000
TRIAL_SERIES:single,36000,3,22,37042.0000,231273.6368,225910.5000
TRIAL_SERIES:single,36000,3,23,37038.0000,61791.9414,62252.0000
TRIAL_SERIES:single,36000,3,24,37036.0000,2361.9228,2008.0000
TRIAL_SERIES:single,36000,3,25,37038.0000,2745.6983,1880.0000
TRIAL_SERIES:single,36000,3,26,37035.0000,2451.4768,1975.0000
TRIAL_SERIES:single,36000,3,27,37039.0000,2480.6850,1960.0000
TRIAL_SERIES:single,36000,3,28,37037.0000,2327.8146,2007.0000
TRIAL_SERIES:single,36000,3,29,37037.0000,15957.9863,3252.0000
TRIAL_SERIES:single,36000,3,30,37036.0000,4123.4232,1990.0000
TRIAL_SERIES:single,36000,3,31,37036.0000,4320.5085,2234.0000
TRIAL_SERIES:single,36000,3,32,37038.0000,3951.8179,2365.0000
TRIAL_SERIES:single,36000,3,33,37037.0000,2470.0761,2001.0000
TRIAL_SERIES:single,36000,3,34,37038.0000,2371.4961,1958.0000
TRIAL_SERIES:single,36000,3,35,37037.0000,6247.8473,2447.0000
TRIAL_SERIES:single,36000,3,36,37037.0000,2480.1235,1982.0000
TRIAL_SERIES:single,36000,3,37,37037.0000,2773.7613,2071.0000
TRIAL_SERIES:single,36000,3,38,37037.0000,2595.4670,1952.0000
TRIAL_SERIES:single,36000,3,39,37037.0000,3189.1709,2247.0000
TRIAL_SERIES:single,36000,3,40,37038.0000,2371.1231,1979.0000
TRIAL_SERIES:single,36000,3,41,37036.0000,2481.1223,2042.0000
TRIAL_SERIES:single,36000,3,42,37037.0000,3235.7690,2327.0000
TRIAL_SERIES:single,36000,3,43,37037.0000,2640.0704,2117.0000
TRIAL_SERIES:single,36000,3,44,37037.0000,2337.0331,1937.0000
TRIAL_SERIES:single,36000,3,45,37036.0000,2310.7701,1954.0000
TRIAL_SERIES:single,36000,3,46,37038.0000,2524.2393,2073.5000
TRIAL_SERIES:single,36000,3,47,37038.0000,2608.6349,2060.0000
TRIAL_SERIES:single,36000,3,48,37037.0000,2422.3894,2085.0000
TRIAL_SERIES:single,36000,3,49,37037.0000,3132.0257,2289.0000
TRIAL_SERIES:single,36000,3,50,37034.0000,2277.2127,1969.0000
TRIAL_SERIES:single,36000,3,51,37040.0000,31107.7710,14836.0000
TRIAL_SERIES:single,36000,3,52,37034.0000,3287.8067,2017.0000
TRIAL_SERIES:single,36000,3,53,37040.0000,44131.5361,30719.0000
TRIAL_SERIES:single,36000,3,54,37037.0000,2418.2073,1875.0000
TRIAL_SERIES:single,36000,3,55,37037.0000,2603.2549,2054.0000
TRIAL_SERIES:single,36000,3,56,37031.0000,2679.3393,2014.0000
TRIAL_SERIES:single,36000,3,57,37044.0000,2899.6094,2037.0000
TRIAL_SERIES:single,36000,3,58,37036.0000,2575.4023,2001.0000
TRIAL_SERIES:single,36000,3,59,37037.0000,3437.2457,2158.0000
TRIAL_SERIES:single,36000,3,60,37037.0000,2577.4887,2005.0000
TRIAL_SERIES:single,36000,3,61,1.0000,1354.0000,1354.0000
TRIAL_RESULT:single,36000,3,36429.8852,2323.0000,13369.2069,2323.0000,229874.0000
[2026-02-28 21:41:12] Benchmark run: phase=single step=2 target=36000 duration=60s trial=4 attempt=1
TRIAL_SERIES:single,36000,4,1,37037.0000,7372.0161,6425.0000
TRIAL_SERIES:single,36000,4,2,37038.0000,4250.4963,3333.0000
TRIAL_SERIES:single,36000,4,3,37035.0000,3046.9515,2138.0000
TRIAL_SERIES:single,36000,4,4,37034.0000,27488.1336,30348.5000
TRIAL_SERIES:single,36000,4,5,37040.0000,5772.3274,2899.0000
TRIAL_SERIES:single,36000,4,6,37037.0000,3438.5435,2196.0000
TRIAL_SERIES:single,36000,4,7,37036.0000,3809.6962,2356.0000
TRIAL_SERIES:single,36000,4,8,37037.0000,2438.9410,2102.0000
TRIAL_SERIES:single,36000,4,9,37038.0000,2767.0394,2043.0000
TRIAL_SERIES:single,36000,4,10,37039.0000,2319.5237,2009.0000
TRIAL_SERIES:single,36000,4,11,37035.0000,94188.2392,3568.0000
TRIAL_SERIES:single,36000,4,12,37038.0000,72401.2561,68636.5000
TRIAL_SERIES:single,36000,4,13,37036.0000,2136.7961,1869.0000
TRIAL_SERIES:single,36000,4,14,37032.0000,2444.2953,1999.0000
TRIAL_SERIES:single,36000,4,15,37040.0000,2523.7022,2058.0000
TRIAL_SERIES:single,36000,4,16,37040.0000,2536.3982,2075.0000
TRIAL_SERIES:single,36000,4,17,37037.0000,3238.6776,2183.0000
TRIAL_SERIES:single,36000,4,18,37038.0000,54801.8754,47620.5000
TRIAL_SERIES:single,36000,4,19,37025.0000,2349.3245,1921.0000
TRIAL_SERIES:single,36000,4,20,37048.0000,2266.2172,1988.0000
TRIAL_SERIES:single,36000,4,21,37033.0000,2368.4114,1940.0000
TRIAL_SERIES:single,36000,4,22,37039.0000,2377.4794,1959.0000
TRIAL_SERIES:single,36000,4,23,37039.0000,6315.3878,2356.0000
TRIAL_SERIES:single,36000,4,24,37038.0000,2349.4493,1947.0000
TRIAL_SERIES:single,36000,4,25,37037.0000,2619.1768,2257.0000
TRIAL_SERIES:single,36000,4,26,37037.0000,2648.4375,2222.0000
TRIAL_SERIES:single,36000,4,27,37035.0000,63647.9853,61845.0000
TRIAL_SERIES:single,36000,4,28,37039.0000,5790.0915,2360.0000
TRIAL_SERIES:single,36000,4,29,37037.0000,4456.9931,2195.0000
TRIAL_SERIES:single,36000,4,30,37037.0000,2558.8039,2088.0000
TRIAL_SERIES:single,36000,4,31,37038.0000,2517.9550,2006.5000
TRIAL_SERIES:single,36000,4,32,37036.0000,2423.6641,1926.0000
TRIAL_SERIES:single,36000,4,33,37037.0000,2333.4554,1815.0000
TRIAL_SERIES:single,36000,4,34,37034.0000,2373.4598,1958.0000
TRIAL_SERIES:single,36000,4,35,37040.0000,2631.6941,1942.0000
TRIAL_SERIES:single,36000,4,36,37037.0000,2749.9215,1838.0000
TRIAL_SERIES:single,36000,4,37,37037.0000,4647.5775,2357.0000
TRIAL_SERIES:single,36000,4,38,37038.0000,2342.5057,1860.0000
TRIAL_SERIES:single,36000,4,39,37035.0000,2366.2787,1906.0000
TRIAL_SERIES:single,36000,4,40,37038.0000,2390.2088,1980.0000
TRIAL_SERIES:single,36000,4,41,37038.0000,2306.4582,1842.0000
TRIAL_SERIES:single,36000,4,42,37036.0000,2380.6229,1934.0000
TRIAL_SERIES:single,36000,4,43,37037.0000,2467.0994,1842.0000
TRIAL_SERIES:single,36000,4,44,37038.0000,5733.8856,2170.0000
TRIAL_SERIES:single,36000,4,45,37035.0000,2303.8053,1892.0000
TRIAL_SERIES:single,36000,4,46,37038.0000,2587.4818,1882.0000
TRIAL_SERIES:single,36000,4,47,37034.0000,2949.1250,2130.5000
TRIAL_SERIES:single,36000,4,48,37029.0000,16688.4296,2184.0000
TRIAL_SERIES:single,36000,4,49,37049.0000,14939.9808,3516.0000
TRIAL_SERIES:single,36000,4,50,37036.0000,2445.6866,1933.0000
TRIAL_SERIES:single,36000,4,51,37037.0000,2419.3784,1874.0000
TRIAL_SERIES:single,36000,4,52,37037.0000,2512.6568,1959.0000
TRIAL_SERIES:single,36000,4,53,37038.0000,2329.8217,1921.0000
TRIAL_SERIES:single,36000,4,54,37036.0000,2352.1681,1893.0000
TRIAL_SERIES:single,36000,4,55,37037.0000,6671.9742,2251.0000
TRIAL_SERIES:single,36000,4,56,37037.0000,2220.7266,1949.0000
TRIAL_SERIES:single,36000,4,57,37038.0000,2673.9699,2008.0000
TRIAL_SERIES:single,36000,4,58,37037.0000,2207.4048,1878.0000
TRIAL_SERIES:single,36000,4,59,37038.0000,2727.6454,2024.0000
TRIAL_SERIES:single,36000,4,60,37018.0000,2386.3920,1936.0000
TRIAL_SERIES:single,36000,4,61,0.0000,0.0000,0.0000
TRIAL_RESULT:single,36000,4,37036.7333,2169.0000,8446.6908,2169.0000,145344.0000
[2026-02-28 21:43:29] Benchmark run: phase=single step=2 target=36000 duration=60s trial=5 attempt=1
TRIAL_SERIES:single,36000,5,1,37036.0000,254200.9544,369938.5000
TRIAL_SERIES:single,36000,5,2,37038.0000,448082.5060,445761.5000
TRIAL_SERIES:single,36000,5,3,37037.0000,314930.8102,314159.0000
TRIAL_SERIES:single,36000,5,4,37031.0000,174447.0039,176559.0000
TRIAL_SERIES:single,36000,5,5,37044.0000,45445.1181,44875.5000
TRIAL_SERIES:single,36000,5,6,37036.0000,6624.0727,3730.5000
TRIAL_SERIES:single,36000,5,7,37036.0000,5947.5732,3523.0000
TRIAL_SERIES:single,36000,5,8,37038.0000,3070.8966,2046.0000
TRIAL_SERIES:single,36000,5,9,37037.0000,4098.5411,2963.0000
TRIAL_SERIES:single,36000,5,10,37037.0000,2904.5810,2034.0000
TRIAL_SERIES:single,36000,5,11,37038.0000,3198.8862,2124.0000
TRIAL_SERIES:single,36000,5,12,37031.0000,4719.5137,2335.0000
TRIAL_SERIES:single,36000,5,13,37043.0000,3048.0882,2116.0000
TRIAL_SERIES:single,36000,5,14,37036.0000,3467.0317,2357.0000
TRIAL_SERIES:single,36000,5,15,37038.0000,59554.2333,49115.0000
TRIAL_SERIES:single,36000,5,16,37035.0000,21742.0510,7810.0000
TRIAL_SERIES:single,36000,5,17,37039.0000,3428.5170,2112.0000
TRIAL_SERIES:single,36000,5,18,37035.0000,2889.1365,1977.0000
TRIAL_SERIES:single,36000,5,19,37038.0000,3397.4841,2061.0000
TRIAL_SERIES:single,36000,5,20,37037.0000,3288.6364,2215.0000
TRIAL_SERIES:single,36000,5,21,37038.0000,3073.8025,2087.0000
TRIAL_SERIES:single,36000,5,22,37037.0000,3109.8703,2147.0000
TRIAL_SERIES:single,36000,5,23,37035.0000,3375.8997,2432.0000
TRIAL_SERIES:single,36000,5,24,37039.0000,3364.5230,2184.0000
TRIAL_SERIES:single,36000,5,25,37037.0000,3029.4045,2067.0000
TRIAL_SERIES:single,36000,5,26,37036.0000,3275.9587,2090.0000
TRIAL_SERIES:single,36000,5,27,37038.0000,3108.2095,2100.5000
TRIAL_SERIES:single,36000,5,28,37037.0000,3058.8825,2042.0000
TRIAL_SERIES:single,36000,5,29,37030.0000,5369.2100,2948.0000
TRIAL_SERIES:single,36000,5,30,37044.0000,2863.0281,1920.0000
TRIAL_SERIES:single,36000,5,31,37037.0000,3314.9547,2260.0000
TRIAL_SERIES:single,36000,5,32,37036.0000,2957.0032,1970.0000
TRIAL_SERIES:single,36000,5,33,37038.0000,3241.5279,2072.0000
TRIAL_SERIES:single,36000,5,34,37037.0000,3326.3421,2205.0000
TRIAL_SERIES:single,36000,5,35,37037.0000,2902.9857,1894.0000
TRIAL_SERIES:single,36000,5,36,37036.0000,3164.9800,1968.0000
TRIAL_SERIES:single,36000,5,37,37037.0000,3768.3154,2048.0000
TRIAL_SERIES:single,36000,5,38,37037.0000,2978.9852,1987.0000
TRIAL_SERIES:single,36000,5,39,37037.0000,4488.1227,2419.0000
TRIAL_SERIES:single,36000,5,40,37037.0000,3988.0033,2224.0000
TRIAL_SERIES:single,36000,5,41,37037.0000,18605.6715,2676.0000
TRIAL_SERIES:single,36000,5,42,37039.0000,25618.2692,13152.0000
TRIAL_SERIES:single,36000,5,43,37037.0000,3037.1179,2080.0000
TRIAL_SERIES:single,36000,5,44,37036.0000,3613.1990,2288.0000
TRIAL_SERIES:single,36000,5,45,37037.0000,3203.3050,2003.0000
TRIAL_SERIES:single,36000,5,46,37033.0000,29176.0587,4648.0000
TRIAL_SERIES:single,36000,5,47,37040.0000,14004.5391,5150.0000
TRIAL_SERIES:single,36000,5,48,37038.0000,2925.0512,1993.5000
TRIAL_SERIES:single,36000,5,49,37037.0000,3261.4970,1969.0000
TRIAL_SERIES:single,36000,5,50,37037.0000,3138.2804,1898.0000
TRIAL_SERIES:single,36000,5,51,37038.0000,3676.6768,2116.0000
TRIAL_SERIES:single,36000,5,52,37037.0000,2899.8975,1915.0000
TRIAL_SERIES:single,36000,5,53,37037.0000,3155.4257,1999.0000
TRIAL_SERIES:single,36000,5,54,37037.0000,3123.1284,1986.0000
TRIAL_SERIES:single,36000,5,55,37037.0000,3379.2022,1981.0000
TRIAL_SERIES:single,36000,5,56,37037.0000,3661.3345,2313.0000
TRIAL_SERIES:single,36000,5,57,37036.0000,3053.3039,2018.0000
TRIAL_SERIES:single,36000,5,58,37038.0000,85293.6800,7012.5000
TRIAL_SERIES:single,36000,5,59,37037.0000,61376.4135,60471.0000
TRIAL_SERIES:single,36000,5,60,37037.0000,2939.4736,2029.0000
TRIAL_SERIES:single,36000,5,61,15.0000,1835.5333,1308.0000
TRIAL_RESULT:single,36000,5,36430.1148,2593.0000,28589.3595,2593.0000,455022.0000
[2026-02-28 21:45:52] Eval 1 result: target=36000 avg_thr=36551.3762 median_lat_us=2593.0000 mean_lat_us=6171639.0955 p99_lat_us=9567752.2000 pass=true status=ok
[2026-02-28 21:45:52] Single-target complete: slowdown_type=cpu step=2 target=36000 observed_throughput=36551.3762 observed_latency_us=2593.0000
RESULTS:36551.3762,2593.0000
RESULTS_EXT:36551.3762,2593.0000,6171639.0955,2593.0000,9567752.2000
[2026-02-28 21:45:54] Completed step 2c: observed_thr=36551.3762, mean_lat_us=6171639.0955, median_lat_us=2593.0000, p99_lat_us=9567752.2000
[2026-02-28 21:45:54] Starting slowdown-profile step 1c: target throughput 26000 ops/s, trials=5, duration=60s
[2026-02-28 21:45:54] Restoring snapshot 'baseline' before step 1c
[2026-02-28 21:47:45] Running mode=single, slowdown_type=cpu, step=1, client_type=hybrid
[2026-02-28 21:47:47] Warming up cluster with 5 lightweight CQL probe(s) per node
[2026-02-28 21:47:58] Applying CPU limit on ccl1.cyber.lab (cassandra-node-1): 0-0
[2026-02-28 21:47:58] Applying CPU limit on ccl2.cyber.lab (cassandra-node-2): 0-3
[2026-02-28 21:47:58] Applying CPU limit on ccl3.cyber.lab (cassandra-node-3): 0-3
[2026-02-28 21:48:01] Eval 1: phase=single target=26000 trials=5 duration=60s
[2026-02-28 21:48:01] Benchmark run: phase=single step=1 target=26000 duration=60s trial=1 attempt=1
TRIAL_SERIES:single,26000,1,1,26313.0000,2136392.6276,2219706.0000
TRIAL_SERIES:single,26000,1,2,26319.0000,5329526.5919,5370654.0000
TRIAL_SERIES:single,26000,1,3,26315.0000,7576557.2579,7577729.0000
TRIAL_SERIES:single,26000,1,4,26307.0000,9460809.2454,9465007.0000
TRIAL_SERIES:single,26000,1,5,26324.0000,11337877.6900,11331976.0000
TRIAL_SERIES:single,26000,1,6,26317.0000,13190627.5814,13173166.0000
TRIAL_SERIES:single,26000,1,7,26300.0000,15087658.8341,15088154.0000
TRIAL_SERIES:single,26000,1,8,26323.0000,16986013.8066,16988016.0000
TRIAL_SERIES:single,26000,1,9,26324.0000,18853848.9465,18856000.0000
TRIAL_SERIES:single,26000,1,10,26316.0000,20688059.0241,20676728.5000
TRIAL_SERIES:single,26000,1,11,26310.0000,22530106.6022,22536783.5000
TRIAL_SERIES:single,26000,1,12,26315.0000,24351757.4957,24348219.0000
TRIAL_SERIES:single,26000,1,13,26319.0000,26175563.6895,26189275.0000
TRIAL_SERIES:single,26000,1,14,26319.0000,27984364.0005,27980323.0000
TRIAL_SERIES:single,26000,1,15,26316.0000,29772583.8493,29772377.5000
TRIAL_SERIES:single,26000,1,16,26316.0000,31559699.3998,31568415.5000
TRIAL_SERIES:single,26000,1,17,26315.0000,33390882.7563,33383492.0000
TRIAL_SERIES:single,26000,1,18,26316.0000,35227117.6295,35232015.0000
TRIAL_SERIES:single,26000,1,19,26314.0000,37091449.7452,37099935.5000
TRIAL_SERIES:single,26000,1,20,26297.0000,38995575.3223,38983633.0000
TRIAL_SERIES:single,26000,1,21,26321.0000,40861436.4162,40864088.0000
TRIAL_SERIES:single,26000,1,22,26327.0000,42702021.8541,42704307.0000
TRIAL_SERIES:single,26000,1,23,26321.0000,44440219.1016,44442656.0000
TRIAL_SERIES:single,26000,1,24,26312.0000,46114630.8576,46118350.5000
TRIAL_SERIES:single,26000,1,25,26319.0000,47757398.3067,47761910.0000
TRIAL_SERIES:single,26000,1,26,26289.0000,49377018.3278,49355529.0000
TRIAL_SERIES:single,26000,1,27,26342.0000,51165077.9724,51161311.0000
TRIAL_SERIES:single,26000,1,28,26317.0000,52870202.0330,52871639.0000
TRIAL_SERIES:single,26000,1,29,26312.0000,54535359.8907,54519795.5000
TRIAL_SERIES:single,26000,1,30,26309.0000,56260270.7969,56258317.0000
TRIAL_SERIES:single,26000,1,31,26324.0000,58025077.7298,58024205.0000
TRIAL_SERIES:single,26000,1,32,26312.0000,59753414.3547,59760654.5000
TRIAL_SERIES:single,26000,1,33,26318.0000,61494264.3919,61487789.5000
TRIAL_SERIES:single,26000,1,34,26319.0000,63334184.6925,63380469.0000
TRIAL_SERIES:single,26000,1,35,26314.0000,65026730.9762,65039425.5000
TRIAL_SERIES:single,26000,1,36,26313.0000,66569787.3443,66561193.0000
TRIAL_SERIES:single,26000,1,37,26319.0000,67972293.2720,67991120.0000
TRIAL_SERIES:single,26000,1,38,26311.0000,69290983.6484,69291511.0000
TRIAL_SERIES:single,26000,1,39,26322.0000,70655828.0844,70684133.5000
TRIAL_SERIES:single,26000,1,40,26315.0000,71878777.6647,71884360.0000
TRIAL_SERIES:single,26000,1,41,26316.0000,73051328.6015,73037491.0000
TRIAL_SERIES:single,26000,1,42,26309.0000,74373469.3997,74370810.0000
TRIAL_SERIES:single,26000,1,43,26319.0000,75481815.3230,75485088.0000
TRIAL_SERIES:single,26000,1,44,26320.0000,76593774.2003,76584399.0000
TRIAL_SERIES:single,26000,1,45,26315.0000,77735080.3395,77729852.0000
TRIAL_SERIES:single,26000,1,46,26316.0000,78853667.0039,78852898.0000
TRIAL_SERIES:single,26000,1,47,26317.0000,79979754.7030,79973768.0000
TRIAL_SERIES:single,26000,1,48,26308.0000,81133894.2548,81136177.0000
TRIAL_SERIES:single,26000,1,49,26322.0000,82332989.2855,82321250.5000
TRIAL_SERIES:single,26000,1,50,26312.0000,83572006.2966,83567158.5000
TRIAL_SERIES:single,26000,1,51,26306.0000,84755824.1709,84761621.5000
TRIAL_SERIES:single,26000,1,52,26330.0000,85929109.5958,85915506.0000
TRIAL_SERIES:single,26000,1,53,26316.0000,87166795.3801,87177674.0000
TRIAL_SERIES:single,26000,1,54,26315.0000,88362298.7599,88372575.0000
TRIAL_SERIES:single,26000,1,55,26300.0000,89437381.7039,89433768.5000
TRIAL_SERIES:single,26000,1,56,26332.0000,90596472.9422,90638000.5000
TRIAL_SERIES:single,26000,1,57,26300.0000,91723655.5901,91724562.5000
TRIAL_SERIES:single,26000,1,58,26330.0000,92772376.0259,92769639.0000
TRIAL_SERIES:single,26000,1,59,26318.0000,93819564.5616,93827911.0000
TRIAL_SERIES:single,26000,1,60,26311.0000,94881625.7520,94874445.0000
TRIAL_SERIES:single,26000,1,61,11.0000,95429219.6364,95407688.0000
TRIAL_SERIES:single,26000,1,62,0.0000,0.0000,0.0000
TRIAL_SERIES:single,26000,1,63,0.0000,0.0000,0.0000
TRIAL_SERIES:single,26000,1,64,0.0000,0.0000,0.0000
TRIAL_SERIES:single,26000,1,65,0.0000,0.0000,0.0000
TRIAL_SERIES:single,26000,1,66,0.0000,0.0000,0.0000
TRIAL_SERIES:single,26000,1,67,0.0000,0.0000,0.0000
TRIAL_SERIES:single,26000,1,68,0.0000,0.0000,0.0000
TRIAL_SERIES:single,26000,1,69,0.0000,0.0000,0.0000
TRIAL_SERIES:single,26000,1,70,0.0000,0.0000,0.0000
TRIAL_SERIES:single,26000,1,71,0.0000,0.0000,0.0000
TRIAL_SERIES:single,26000,1,72,0.0000,0.0000,0.0000
TRIAL_SERIES:single,26000,1,73,0.0000,0.0000,0.0000
TRIAL_SERIES:single,26000,1,74,0.0000,0.0000,0.0000
TRIAL_SERIES:single,26000,1,75,0.0000,0.0000,0.0000
TRIAL_SERIES:single,26000,1,76,0.0000,0.0000,0.0000
TRIAL_SERIES:single,26000,1,77,0.0000,0.0000,0.0000
TRIAL_SERIES:single,26000,1,78,0.0000,0.0000,0.0000
TRIAL_SERIES:single,26000,1,79,0.0000,0.0000,0.0000
TRIAL_SERIES:single,26000,1,80,0.0000,0.0000,0.0000
TRIAL_SERIES:single,26000,1,81,0.0000,0.0000,0.0000
TRIAL_SERIES:single,26000,1,82,0.0000,0.0000,0.0000
TRIAL_SERIES:single,26000,1,83,0.0000,0.0000,0.0000
TRIAL_SERIES:single,26000,1,84,0.0000,0.0000,0.0000
TRIAL_SERIES:single,26000,1,85,0.0000,0.0000,0.0000
TRIAL_SERIES:single,26000,1,86,0.0000,0.0000,0.0000
TRIAL_SERIES:single,26000,1,87,0.0000,0.0000,0.0000
TRIAL_SERIES:single,26000,1,88,0.0000,0.0000,0.0000
TRIAL_SERIES:single,26000,1,89,0.0000,0.0000,0.0000
TRIAL_SERIES:single,26000,1,90,0.0000,0.0000,0.0000
TRIAL_SERIES:single,26000,1,91,0.0000,0.0000,0.0000
TRIAL_SERIES:single,26000,1,92,0.0000,0.0000,0.0000
TRIAL_SERIES:single,26000,1,93,0.0000,0.0000,0.0000
TRIAL_SERIES:single,26000,1,94,0.0000,0.0000,0.0000
TRIAL_SERIES:single,26000,1,95,0.0000,0.0000,0.0000
TRIAL_SERIES:single,26000,1,96,0.0000,0.0000,0.0000
TRIAL_SERIES:single,26000,1,97,0.0000,0.0000,0.0000
TRIAL_SERIES:single,26000,1,98,0.0000,0.0000,0.0000
TRIAL_SERIES:single,26000,1,99,0.0000,0.0000,0.0000
TRIAL_SERIES:single,26000,1,100,0.0000,0.0000,0.0000
TRIAL_SERIES:single,26000,1,101,0.0000,0.0000,0.0000
TRIAL_SERIES:single,26000,1,102,0.0000,0.0000,0.0000
TRIAL_SERIES:single,26000,1,103,0.0000,0.0000,0.0000
TRIAL_SERIES:single,26000,1,104,0.0000,0.0000,0.0000
TRIAL_SERIES:single,26000,1,105,0.0000,0.0000,0.0000
TRIAL_SERIES:single,26000,1,106,0.0000,0.0000,0.0000
TRIAL_SERIES:single,26000,1,107,0.0000,0.0000,0.0000
TRIAL_SERIES:single,26000,1,108,0.0000,0.0000,0.0000
TRIAL_SERIES:single,26000,1,109,0.0000,0.0000,0.0000
TRIAL_SERIES:single,26000,1,110,0.0000,0.0000,0.0000
TRIAL_SERIES:single,26000,1,111,0.0000,0.0000,0.0000
TRIAL_SERIES:single,26000,1,112,0.0000,0.0000,0.0000
TRIAL_SERIES:single,26000,1,113,0.0000,0.0000,0.0000
TRIAL_SERIES:single,26000,1,114,0.0000,0.0000,0.0000
TRIAL_SERIES:single,26000,1,115,0.0000,0.0000,0.0000
TRIAL_SERIES:single,26000,1,116,0.0000,0.0000,0.0000
TRIAL_SERIES:single,26000,1,117,0.0000,0.0000,0.0000
TRIAL_SERIES:single,26000,1,118,0.0000,0.0000,0.0000
TRIAL_SERIES:single,26000,1,119,0.0000,0.0000,0.0000
TRIAL_SERIES:single,26000,1,120,0.0000,0.0000,0.0000
TRIAL_SERIES:single,26000,1,121,0.0000,0.0000,0.0000
TRIAL_SERIES:single,26000,1,122,0.0000,0.0000,0.0000
TRIAL_SERIES:single,26000,1,123,0.0000,0.0000,0.0000
TRIAL_SERIES:single,26000,1,124,0.0000,0.0000,0.0000
TRIAL_SERIES:single,26000,1,125,0.0000,0.0000,0.0000
TRIAL_SERIES:single,26000,1,126,0.0000,0.0000,0.0000
TRIAL_SERIES:single,26000,1,127,0.0000,0.0000,0.0000
TRIAL_SERIES:single,26000,1,128,0.0000,0.0000,0.0000
TRIAL_SERIES:single,26000,1,129,0.0000,0.0000,0.0000
TRIAL_SERIES:single,26000,1,130,0.0000,0.0000,0.0000
TRIAL_SERIES:single,26000,1,131,0.0000,0.0000,0.0000
TRIAL_SERIES:single,26000,1,132,0.0000,0.0000,0.0000
TRIAL_SERIES:single,26000,1,133,0.0000,0.0000,0.0000
TRIAL_SERIES:single,26000,1,134,0.0000,0.0000,0.0000
TRIAL_SERIES:single,26000,1,135,0.0000,0.0000,0.0000
TRIAL_SERIES:single,26000,1,136,0.0000,0.0000,0.0000
TRIAL_SERIES:single,26000,1,137,0.0000,0.0000,0.0000
TRIAL_SERIES:single,26000,1,138,0.0000,0.0000,0.0000
TRIAL_SERIES:single,26000,1,139,0.0000,0.0000,0.0000
TRIAL_SERIES:single,26000,1,140,0.0000,0.0000,0.0000
TRIAL_SERIES:single,26000,1,141,0.0000,0.0000,0.0000
TRIAL_SERIES:single,26000,1,142,0.0000,0.0000,0.0000
TRIAL_SERIES:single,26000,1,143,0.0000,0.0000,0.0000
TRIAL_SERIES:single,26000,1,144,0.0000,0.0000,0.0000
TRIAL_SERIES:single,26000,1,145,0.0000,0.0000,0.0000
TRIAL_SERIES:single,26000,1,146,0.0000,0.0000,0.0000
TRIAL_SERIES:single,26000,1,147,0.0000,0.0000,0.0000
TRIAL_SERIES:single,26000,1,148,0.0000,0.0000,0.0000
TRIAL_SERIES:single,26000,1,149,0.0000,0.0000,0.0000
TRIAL_SERIES:single,26000,1,150,0.0000,0.0000,0.0000
TRIAL_SERIES:single,26000,1,151,0.0000,0.0000,0.0000
TRIAL_SERIES:single,26000,1,152,0.0000,0.0000,0.0000
TRIAL_SERIES:single,26000,1,153,0.0000,0.0000,0.0000
TRIAL_SERIES:single,26000,1,154,0.0000,0.0000,0.0000
TRIAL_SERIES:single,26000,1,155,0.0000,0.0000,0.0000
TRIAL_SERIES:single,26000,1,156,0.0000,0.0000,0.0000
TRIAL_RESULT:single,26000,1,25884.4918,57128158.0000,54173147.0640,57128158.0000,94773773.0000
[2026-02-28 21:52:04] Benchmark run: phase=single step=1 target=26000 duration=60s trial=2 attempt=1
TRIAL_SERIES:single,26000,2,1,26312.0000,144089.3839,144744.5000
TRIAL_SERIES:single,26000,2,2,26320.0000,226890.2801,225987.5000
TRIAL_SERIES:single,26000,2,3,26315.0000,305656.4008,304302.0000
TRIAL_SERIES:single,26000,2,4,26316.0000,375815.4060,376318.0000
TRIAL_SERIES:single,26000,2,5,26310.0000,434804.6887,430213.0000
TRIAL_SERIES:single,26000,2,6,26321.0000,503922.0005,508740.0000
TRIAL_SERIES:single,26000,2,7,26311.0000,568873.7883,567982.0000
TRIAL_SERIES:single,26000,2,8,26320.0000,641722.5620,637826.0000
TRIAL_SERIES:single,26000,2,9,26318.0000,696224.5490,694010.0000
TRIAL_SERIES:single,26000,2,10,26314.0000,794366.4711,724910.0000
TRIAL_SERIES:single,26000,2,11,26316.0000,955469.4959,953897.5000
TRIAL_SERIES:single,26000,2,12,26317.0000,983606.7305,982703.0000
TRIAL_SERIES:single,26000,2,13,26313.0000,1040983.6941,1041306.0000
TRIAL_SERIES:single,26000,2,14,26318.0000,1082145.8775,1077118.0000
TRIAL_SERIES:single,26000,2,15,26313.0000,1081296.5420,1075796.0000
TRIAL_SERIES:single,26000,2,16,26318.0000,1108307.2742,1108574.5000
TRIAL_SERIES:single,26000,2,17,26313.0000,1135402.3338,1129814.0000
TRIAL_SERIES:single,26000,2,18,26319.0000,1125144.3035,1121593.0000
TRIAL_SERIES:single,26000,2,19,26315.0000,1161258.0757,1149549.0000
TRIAL_SERIES:single,26000,2,20,26316.0000,1214924.8462,1212260.5000
TRIAL_SERIES:single,26000,2,21,26317.0000,1249788.4077,1247311.0000
TRIAL_SERIES:single,26000,2,22,26292.0000,1260591.4270,1255080.5000
TRIAL_SERIES:single,26000,2,23,26339.0000,1260632.6534,1256860.0000
TRIAL_SERIES:single,26000,2,24,26315.0000,1274090.6342,1270905.0000
TRIAL_SERIES:single,26000,2,25,26317.0000,1462268.8643,1486652.0000
TRIAL_SERIES:single,26000,2,26,26313.0000,1497287.4470,1492870.0000
TRIAL_SERIES:single,26000,2,27,26319.0000,1513061.9139,1513023.0000
TRIAL_SERIES:single,26000,2,28,26315.0000,1495227.0817,1495241.0000
TRIAL_SERIES:single,26000,2,29,26316.0000,1469641.4804,1469204.0000
TRIAL_SERIES:single,26000,2,30,26314.0000,1434915.6965,1433107.0000
TRIAL_SERIES:single,26000,2,31,26316.0000,1416687.5137,1414558.0000
TRIAL_SERIES:single,26000,2,32,26315.0000,1428441.9619,1428450.0000
TRIAL_SERIES:single,26000,2,33,26318.0000,1472616.9416,1472530.0000
TRIAL_SERIES:single,26000,2,34,26316.0000,1469821.8369,1468490.5000
TRIAL_SERIES:single,26000,2,35,26316.0000,1406741.9058,1413414.5000
TRIAL_SERIES:single,26000,2,36,26313.0000,1268921.1326,1270515.0000
TRIAL_SERIES:single,26000,2,37,26318.0000,1195977.5827,1197038.5000
TRIAL_SERIES:single,26000,2,38,26316.0000,1100545.1067,1104491.5000
TRIAL_SERIES:single,26000,2,39,26315.0000,1006625.9204,1009003.0000
TRIAL_SERIES:single,26000,2,40,26317.0000,923000.8452,918900.0000
TRIAL_SERIES:single,26000,2,41,26309.0000,895411.3672,889759.0000
TRIAL_SERIES:single,26000,2,42,26321.0000,829502.1706,831874.0000
TRIAL_SERIES:single,26000,2,43,26314.0000,679524.8405,677802.5000
TRIAL_SERIES:single,26000,2,44,26316.0000,510634.8367,512634.0000
TRIAL_SERIES:single,26000,2,45,26316.0000,277019.5891,277616.0000
TRIAL_SERIES:single,26000,2,46,26318.0000,69019.7803,60438.5000
TRIAL_SERIES:single,26000,2,47,26316.0000,53563.4414,20455.5000
TRIAL_SERIES:single,26000,2,48,26315.0000,18588.9289,8213.0000
TRIAL_SERIES:single,26000,2,49,26317.0000,6281.8262,1644.0000
TRIAL_SERIES:single,26000,2,50,26314.0000,4397.0639,1619.0000
TRIAL_SERIES:single,26000,2,51,26317.0000,5323.6741,1484.0000
TRIAL_SERIES:single,26000,2,52,26314.0000,8140.2240,1760.0000
TRIAL_SERIES:single,26000,2,53,26318.0000,47250.8292,9806.5000
TRIAL_SERIES:single,26000,2,54,26316.0000,47026.6477,41075.0000
TRIAL_SERIES:single,26000,2,55,26316.0000,5688.4436,1581.0000
TRIAL_SERIES:single,26000,2,56,26315.0000,5759.2124,1598.0000
TRIAL_SERIES:single,26000,2,57,26313.0000,5386.5330,1637.0000
TRIAL_SERIES:single,26000,2,58,26316.0000,4669.1412,1589.0000
TRIAL_SERIES:single,26000,2,59,26319.0000,3824.8254,1491.0000
TRIAL_SERIES:single,26000,2,60,26303.0000,6442.5918,1602.0000
TRIAL_SERIES:single,26000,2,61,0.0000,0.0000,0.0000
TRIAL_RESULT:single,26000,2,26315.5833,913571.0000,761193.0261,913571.0000,1517332.0000
[2026-02-28 21:54:19] Benchmark run: phase=single step=1 target=26000 duration=60s trial=3 attempt=1
TRIAL_SERIES:single,26000,3,1,26316.0000,65696.0848,69275.5000
TRIAL_SERIES:single,26000,3,2,26315.0000,83479.1252,77820.0000
TRIAL_SERIES:single,26000,3,3,26316.0000,87029.4405,85068.5000
TRIAL_SERIES:single,26000,3,4,26317.0000,46364.8595,45573.0000
TRIAL_SERIES:single,26000,3,5,26307.0000,11141.1471,3886.0000
TRIAL_SERIES:single,26000,3,6,26323.0000,6303.9469,1421.0000
TRIAL_SERIES:single,26000,3,7,26315.0000,6846.1629,1477.0000
TRIAL_SERIES:single,26000,3,8,26317.0000,7283.7426,1493.0000
TRIAL_SERIES:single,26000,3,9,26316.0000,167600.7991,173135.5000
TRIAL_SERIES:single,26000,3,10,26315.0000,137854.6644,137435.0000
TRIAL_SERIES:single,26000,3,11,26315.0000,152064.7255,152977.0000
TRIAL_SERIES:single,26000,3,12,26309.0000,177226.0421,174744.0000
TRIAL_SERIES:single,26000,3,13,26323.0000,175172.9524,173025.0000
TRIAL_SERIES:single,26000,3,14,26317.0000,193338.8333,191491.0000
TRIAL_SERIES:single,26000,3,15,26315.0000,141243.4762,142334.0000
TRIAL_SERIES:single,26000,3,16,26314.0000,79518.0838,74511.5000
TRIAL_SERIES:single,26000,3,17,26318.0000,105358.9602,103181.5000
TRIAL_SERIES:single,26000,3,18,26316.0000,51353.7997,56264.5000
TRIAL_SERIES:single,26000,3,19,26315.0000,41832.7361,39878.0000
TRIAL_SERIES:single,26000,3,20,26317.0000,18082.6472,16447.0000
TRIAL_SERIES:single,26000,3,21,26315.0000,7982.5055,1621.0000
TRIAL_SERIES:single,26000,3,22,26315.0000,6034.3115,1508.0000
TRIAL_SERIES:single,26000,3,23,26317.0000,3948.2374,1475.0000
TRIAL_SERIES:single,26000,3,24,26315.0000,3911.1623,1475.0000
TRIAL_SERIES:single,26000,3,25,26316.0000,4020.7842,1480.0000
TRIAL_SERIES:single,26000,3,26,26317.0000,5753.8664,1558.0000
TRIAL_SERIES:single,26000,3,27,26315.0000,5704.9384,1510.0000
TRIAL_SERIES:single,26000,3,28,26316.0000,6206.4929,1574.0000
TRIAL_SERIES:single,26000,3,29,26316.0000,6863.4665,1575.0000
TRIAL_SERIES:single,26000,3,30,26312.0000,8364.6994,1674.0000
TRIAL_SERIES:single,26000,3,31,26319.0000,187109.5191,213017.0000
TRIAL_SERIES:single,26000,3,32,26316.0000,240173.8739,236026.0000
TRIAL_SERIES:single,26000,3,33,26315.0000,262861.7816,257137.0000
TRIAL_SERIES:single,26000,3,34,26317.0000,275602.9398,272084.0000
TRIAL_SERIES:single,26000,3,35,26310.0000,287186.5090,286203.5000
TRIAL_SERIES:single,26000,3,36,26321.0000,307044.6260,304424.0000
TRIAL_SERIES:single,26000,3,37,26314.0000,249742.3799,247736.0000
TRIAL_SERIES:single,26000,3,38,26317.0000,112943.9831,111837.0000
TRIAL_SERIES:single,26000,3,39,26317.0000,9801.5909,2119.0000
TRIAL_SERIES:single,26000,3,40,26316.0000,5727.4448,1532.0000
TRIAL_SERIES:single,26000,3,41,26315.0000,4575.1364,1526.0000
TRIAL_SERIES:single,26000,3,42,26315.0000,4491.4408,1512.0000
TRIAL_SERIES:single,26000,3,43,26314.0000,5243.0806,1480.0000
TRIAL_SERIES:single,26000,3,44,26318.0000,5578.1854,1470.0000
TRIAL_SERIES:single,26000,3,45,26317.0000,6375.6048,1529.0000
TRIAL_SERIES:single,26000,3,46,26316.0000,4964.2879,1494.0000
TRIAL_SERIES:single,26000,3,47,26315.0000,5807.9896,1550.0000
TRIAL_SERIES:single,26000,3,48,26316.0000,5899.7194,1580.0000
TRIAL_SERIES:single,26000,3,49,26316.0000,5123.0790,1543.0000
TRIAL_SERIES:single,26000,3,50,26315.0000,14370.7462,7435.0000
TRIAL_SERIES:single,26000,3,51,26316.0000,4988.8754,1481.0000
TRIAL_SERIES:single,26000,3,52,26316.0000,5150.1952,1516.0000
TRIAL_SERIES:single,26000,3,53,26315.0000,4500.8727,1475.0000
TRIAL_SERIES:single,26000,3,54,26317.0000,4783.1020,1539.0000
TRIAL_SERIES:single,26000,3,55,26311.0000,6951.3020,1526.0000
TRIAL_SERIES:single,26000,3,56,26321.0000,7073.0097,1529.0000
TRIAL_SERIES:single,26000,3,57,26307.0000,6660.2660,1557.0000
TRIAL_SERIES:single,26000,3,58,26323.0000,9397.1544,4721.0000
TRIAL_SERIES:single,26000,3,59,26317.0000,4419.9332,1534.0000
TRIAL_SERIES:single,26000,3,60,26309.0000,4951.0836,1530.0000
TRIAL_SERIES:single,26000,3,61,0.0000,0.0000,0.0000
TRIAL_RESULT:single,26000,3,26315.6833,13234.0000,64551.8964,13234.0000,306682.0000
[2026-02-28 21:56:20] Benchmark run: phase=single step=1 target=26000 duration=60s trial=4 attempt=1
TRIAL_SERIES:single,26000,4,1,26315.0000,142961.7672,151109.0000
TRIAL_SERIES:single,26000,4,2,26316.0000,398227.5444,401481.0000
TRIAL_SERIES:single,26000,4,3,26315.0000,625158.4314,637520.0000
TRIAL_SERIES:single,26000,4,4,26313.0000,856471.0209,854166.0000
TRIAL_SERIES:single,26000,4,5,26319.0000,1030099.1110,1029153.0000
TRIAL_SERIES:single,26000,4,6,26314.0000,1073466.2295,1072616.0000
TRIAL_SERIES:single,26000,4,7,26318.0000,1742880.6720,1945208.0000
TRIAL_SERIES:single,26000,4,8,26307.0000,1912029.1776,1908356.0000
TRIAL_SERIES:single,26000,4,9,26325.0000,1937598.7943,1940849.0000
TRIAL_SERIES:single,26000,4,10,26315.0000,1794164.2372,1797210.0000
TRIAL_SERIES:single,26000,4,11,26314.0000,1665472.5538,1667636.5000
TRIAL_SERIES:single,26000,4,12,26314.0000,1563012.5317,1563780.0000
TRIAL_SERIES:single,26000,4,13,26320.0000,1518675.6108,1519716.0000
TRIAL_SERIES:single,26000,4,14,26316.0000,1456284.9828,1455459.5000
TRIAL_SERIES:single,26000,4,15,26315.0000,1377197.5231,1379805.0000
TRIAL_SERIES:single,26000,4,16,26316.0000,1251544.0749,1251904.0000
TRIAL_SERIES:single,26000,4,17,26316.0000,1103435.8061,1106500.0000
TRIAL_SERIES:single,26000,4,18,26316.0000,956323.3553,960693.0000
TRIAL_SERIES:single,26000,4,19,26316.0000,821294.8767,824752.5000
TRIAL_SERIES:single,26000,4,20,26314.0000,655446.4697,652893.0000
TRIAL_SERIES:single,26000,4,21,26316.0000,519667.8960,518585.5000
TRIAL_SERIES:single,26000,4,22,26316.0000,379813.0511,381162.0000
TRIAL_SERIES:single,26000,4,23,26317.0000,219924.8389,218171.0000
TRIAL_SERIES:single,26000,4,24,26316.0000,75797.6413,77130.0000
TRIAL_SERIES:single,26000,4,25,26315.0000,4747.5930,1489.0000
TRIAL_SERIES:single,26000,4,26,26315.0000,4109.5505,1432.0000
TRIAL_SERIES:single,26000,4,27,26317.0000,5555.4208,1518.0000
TRIAL_SERIES:single,26000,4,28,26313.0000,4012.8079,1430.0000
TRIAL_SERIES:single,26000,4,29,26318.0000,18769.1276,7064.0000
TRIAL_SERIES:single,26000,4,30,26316.0000,7319.9574,1637.0000
TRIAL_SERIES:single,26000,4,31,26317.0000,4346.7831,1499.0000
TRIAL_SERIES:single,26000,4,32,26314.0000,4707.0334,1432.0000
TRIAL_SERIES:single,26000,4,33,26318.0000,5066.8632,1492.0000
TRIAL_SERIES:single,26000,4,34,26314.0000,6081.6441,1493.0000
TRIAL_SERIES:single,26000,4,35,26316.0000,5744.6935,1476.0000
TRIAL_SERIES:single,26000,4,36,26317.0000,6266.5484,1559.0000
TRIAL_SERIES:single,26000,4,37,26312.0000,5458.9098,1496.0000
TRIAL_SERIES:single,26000,4,38,26319.0000,4252.7595,1488.0000
TRIAL_SERIES:single,26000,4,39,26316.0000,4306.3780,1462.0000
TRIAL_SERIES:single,26000,4,40,26316.0000,4572.7263,1496.0000
TRIAL_SERIES:single,26000,4,41,26315.0000,4369.4176,1452.0000
TRIAL_SERIES:single,26000,4,42,26316.0000,5462.3851,1465.0000
TRIAL_SERIES:single,26000,4,43,26316.0000,4988.3616,1447.0000
TRIAL_SERIES:single,26000,4,44,26315.0000,5141.2673,1492.0000
TRIAL_SERIES:single,26000,4,45,26316.0000,4788.3477,1470.0000
TRIAL_SERIES:single,26000,4,46,26317.0000,4741.6465,1477.0000
TRIAL_SERIES:single,26000,4,47,26314.0000,4049.8573,1443.0000
TRIAL_SERIES:single,26000,4,48,26316.0000,85783.1656,105396.5000
TRIAL_SERIES:single,26000,4,49,26316.0000,23506.6108,14349.5000
TRIAL_SERIES:single,26000,4,50,26316.0000,4409.1743,1423.0000
TRIAL_SERIES:single,26000,4,51,26316.0000,24899.6218,2076.5000
TRIAL_SERIES:single,26000,4,52,26316.0000,30096.0728,17506.5000
TRIAL_SERIES:single,26000,4,53,26315.0000,10311.6684,7848.0000
TRIAL_SERIES:single,26000,4,54,26316.0000,8381.0578,2498.0000
TRIAL_SERIES:single,26000,4,55,26317.0000,7398.0793,1447.0000
TRIAL_SERIES:single,26000,4,56,26315.0000,6446.1960,1450.0000
TRIAL_SERIES:single,26000,4,57,26313.0000,5332.4178,1500.0000
TRIAL_SERIES:single,26000,4,58,26319.0000,5418.6865,1498.0000
TRIAL_SERIES:single,26000,4,59,26316.0000,4007.0581,1487.0000
TRIAL_SERIES:single,26000,4,60,26311.0000,4562.6716,1483.0000
TRIAL_SERIES:single,26000,4,61,0.0000,0.0000,0.0000
TRIAL_RESULT:single,26000,4,26315.7167,13146.0000,423775.1169,13146.0000,1964426.0000
[2026-02-28 21:58:26] Benchmark run: phase=single step=1 target=26000 duration=60s trial=5 attempt=1
TRIAL_SERIES:single,26000,5,1,26315.0000,23862.2610,21853.0000
TRIAL_SERIES:single,26000,5,2,26316.0000,6848.2577,1704.0000
TRIAL_SERIES:single,26000,5,3,26315.0000,4931.3855,1526.0000
TRIAL_SERIES:single,26000,5,4,26311.0000,12884.0200,1842.0000
TRIAL_SERIES:single,26000,5,5,26322.0000,5542.4774,1685.0000
TRIAL_SERIES:single,26000,5,6,26311.0000,5639.0940,1569.0000
TRIAL_SERIES:single,26000,5,7,26320.0000,6664.6418,1572.0000
TRIAL_SERIES:single,26000,5,8,26316.0000,7371.5239,1659.0000
TRIAL_SERIES:single,26000,5,9,26315.0000,6120.3284,1614.0000
TRIAL_SERIES:single,26000,5,10,26316.0000,6853.2749,1575.0000
TRIAL_SERIES:single,26000,5,11,26316.0000,6560.7939,1554.0000
TRIAL_SERIES:single,26000,5,12,26317.0000,6181.6119,1560.0000
TRIAL_SERIES:single,26000,5,13,26307.0000,5977.0649,1533.0000
TRIAL_SERIES:single,26000,5,14,26324.0000,6728.7706,1555.0000
TRIAL_SERIES:single,26000,5,15,26310.0000,6387.9983,1511.0000
TRIAL_SERIES:single,26000,5,16,26321.0000,479075.4450,612982.0000
TRIAL_SERIES:single,26000,5,17,26316.0000,510349.8878,507674.0000
TRIAL_SERIES:single,26000,5,18,26314.0000,380845.8427,381844.5000
TRIAL_SERIES:single,26000,5,19,26314.0000,238696.5443,242353.5000
TRIAL_SERIES:single,26000,5,20,26320.0000,120964.3685,127904.5000
TRIAL_SERIES:single,26000,5,21,26314.0000,14933.8531,7603.0000
TRIAL_SERIES:single,26000,5,22,26316.0000,7536.1192,1630.0000
TRIAL_SERIES:single,26000,5,23,26317.0000,5814.7689,1480.0000
TRIAL_SERIES:single,26000,5,24,26316.0000,5054.3025,1487.0000
TRIAL_SERIES:single,26000,5,25,26316.0000,4988.3504,1522.0000
TRIAL_SERIES:single,26000,5,26,26315.0000,5763.2998,1584.0000
TRIAL_SERIES:single,26000,5,27,26317.0000,4437.3309,1524.0000
TRIAL_SERIES:single,26000,5,28,26316.0000,69654.8836,91780.5000
TRIAL_SERIES:single,26000,5,29,26314.0000,24050.1723,17873.0000
TRIAL_SERIES:single,26000,5,30,26317.0000,6112.4186,1584.0000
TRIAL_SERIES:single,26000,5,31,26316.0000,4508.1043,1525.0000
TRIAL_SERIES:single,26000,5,32,26315.0000,5843.7032,1550.0000
TRIAL_SERIES:single,26000,5,33,26316.0000,4846.2392,1496.0000
TRIAL_SERIES:single,26000,5,34,26315.0000,4629.7011,1500.0000
TRIAL_SERIES:single,26000,5,35,26312.0000,67453.7437,82519.5000
TRIAL_SERIES:single,26000,5,36,26321.0000,22625.0369,11809.0000
TRIAL_SERIES:single,26000,5,37,26314.0000,5534.3024,1548.0000
TRIAL_SERIES:single,26000,5,38,26314.0000,5855.8425,1564.0000
TRIAL_SERIES:single,26000,5,39,26319.0000,5482.7082,1563.0000
TRIAL_SERIES:single,26000,5,40,26315.0000,5922.3395,1540.0000
TRIAL_SERIES:single,26000,5,41,26316.0000,5045.3683,1545.0000
TRIAL_SERIES:single,26000,5,42,26316.0000,5470.8805,1517.0000
TRIAL_SERIES:single,26000,5,43,26316.0000,4947.6010,1521.0000
TRIAL_SERIES:single,26000,5,44,26315.0000,4728.1767,1538.0000
TRIAL_SERIES:single,26000,5,45,26316.0000,4328.9224,1543.0000
TRIAL_SERIES:single,26000,5,46,26316.0000,4808.7333,1497.0000
TRIAL_SERIES:single,26000,5,47,26315.0000,6053.3893,1560.0000
TRIAL_SERIES:single,26000,5,48,26316.0000,16613.1721,10744.5000
TRIAL_SERIES:single,26000,5,49,26317.0000,6565.1733,1601.0000
TRIAL_SERIES:single,26000,5,50,26316.0000,6052.3543,1590.0000
TRIAL_SERIES:single,26000,5,51,26316.0000,6042.8588,1561.0000
TRIAL_SERIES:single,26000,5,52,26312.0000,4868.1079,1525.5000
TRIAL_SERIES:single,26000,5,53,26319.0000,7399.9806,1709.0000
TRIAL_SERIES:single,26000,5,54,26316.0000,6129.0872,1550.0000
TRIAL_SERIES:single,26000,5,55,26315.0000,5616.6808,1497.0000
TRIAL_SERIES:single,26000,5,56,26316.0000,5033.8045,1503.0000
TRIAL_SERIES:single,26000,5,57,26316.0000,5889.0483,1591.0000
TRIAL_SERIES:single,26000,5,58,26315.0000,6340.8549,1562.0000
TRIAL_SERIES:single,26000,5,59,26317.0000,6385.4892,1662.0000
TRIAL_SERIES:single,26000,5,60,26311.0000,5680.6066,1527.0000
TRIAL_SERIES:single,26000,5,61,0.0000,0.0000,0.0000
TRIAL_RESULT:single,26000,5,26315.7167,1785.0000,37560.0863,1785.0000,599788.0000
[2026-02-28 22:00:30] Eval 1 result: target=26000 avg_thr=26229.4384 median_lat_us=13234.0000 mean_lat_us=11092045.4379 p99_lat_us=19832400.2000 pass=true status=ok
[2026-02-28 22:00:30] Single-target complete: slowdown_type=cpu step=1 target=26000 observed_throughput=26229.4384 observed_latency_us=13234.0000
RESULTS:26229.4384,13234.0000
RESULTS_EXT:26229.4384,13234.0000,11092045.4379,13234.0000,19832400.2000
[2026-02-28 22:00:32] Completed step 1c: observed_thr=26229.4384, mean_lat_us=11092045.4379, median_lat_us=13234.0000, p99_lat_us=19832400.2000
[2026-02-28 22:00:34] Built slowdown-profile plots: /home/egp1042/Documents/CodingProjects/unh-bench-scripts/out/max_latency_target_25/cpu_slowdown_profile_throughput.png, /home/egp1042/Documents/CodingProjects/unh-bench-scripts/out/max_latency_target_25/cpu_slowdown_profile_latency.png
[2026-02-28 22:00:34] Done. Summary: /home/egp1042/Documents/CodingProjects/unh-bench-scripts/out/max_latency_target_25/cpu_slowdown_profile.csv; trials: /home/egp1042/Documents/CodingProjects/unh-bench-scripts/out/max_latency_target_25/cpu_slowdown_profile_trials.csv
