[2026-02-25 11:00:49] Search mode=network_bandwidth, latency_target=25ms, steps=500 100 50 25, find=30s, validate=90s x 5
[2026-02-25 11:00:49] Starting step 500Mbps for latency target 25ms
[2026-02-25 11:00:49] Restoring snapshot 'baseline' before step 500Mbps
[2026-02-25 11:02:42] Running mode=search, slowdown_type=network, step=500, client_type=hybrid
[2026-02-25 11:02:44] Warming up cluster with 5 lightweight CQL probe(s) per node
[2026-02-25 11:02:55] Applying bandwidth limit on ccl1.cyber.lab (cassandra-node-1): 500mbit egress+ingress via ens18/ifbccl1
Error: Change operation not supported by specified qdisc.
[2026-02-25 11:02:57] Experiment failed for step 500Mbps
[2026-02-25 11:02:57] Starting step 100Mbps for latency target 25ms
[2026-02-25 11:02:57] Restoring snapshot 'baseline' before step 100Mbps
[2026-02-25 11:04:50] Running mode=search, slowdown_type=network, step=100, client_type=hybrid
[2026-02-25 11:04:52] Warming up cluster with 5 lightweight CQL probe(s) per node
[2026-02-25 11:05:02] Applying bandwidth limit on ccl1.cyber.lab (cassandra-node-1): 100mbit egress+ingress via ens18/ifbccl1
Warning: sch_htb: quantum of class 10010 is big. Consider r2q change.
Warning: sch_htb: quantum of class 20010 is big. Consider r2q change.
[2026-02-25 11:05:03] Applying bandwidth limit on ccl2.cyber.lab (cassandra-node-2): 10000mbit egress+ingress via ens18/ifbccl2
Warning: sch_htb: quantum of class 10010 is big. Consider r2q change.
Warning: sch_htb: quantum of class 20010 is big. Consider r2q change.
[2026-02-25 11:05:04] Applying bandwidth limit on ccl3.cyber.lab (cassandra-node-3): 10000mbit egress+ingress via ens18/ifbccl3
Warning: sch_htb: quantum of class 10010 is big. Consider r2q change.
Warning: sch_htb: quantum of class 20010 is big. Consider r2q change.
[2026-02-25 11:05:06] Max-throughput binary search: step=100 latency_target_ms=25 (latency_target_us=25000.0000) bounds=[2000,512000]
[2026-02-25 11:05:06] Eval 1: phase=find target=32000 trials=3 duration=30s
[2026-02-25 11:05:06] Benchmark run: phase=find step=100 target=32000 duration=30s trial=1 attempt=1
[2026-02-25 11:06:26] Benchmark run: phase=find step=100 target=32000 duration=30s trial=2 attempt=1
[2026-02-25 11:07:42] Benchmark run: phase=find step=100 target=32000 duration=30s trial=3 attempt=1
[2026-02-25 11:09:00] Eval 1 result: target=32000 avg_thr=31564.3717 median_lat_us=4162517.5768 pass=false status=ok
[2026-02-25 11:09:00] Eval 2: phase=find target=16500 trials=3 duration=30s
[2026-02-25 11:09:00] Benchmark run: phase=find step=100 target=16500 duration=30s trial=1 attempt=1
[2026-02-25 11:10:01] Benchmark run: phase=find step=100 target=16500 duration=30s trial=2 attempt=1
[2026-02-25 11:11:01] Benchmark run: phase=find step=100 target=16500 duration=30s trial=3 attempt=1
[2026-02-25 11:12:04] Eval 2 result: target=16500 avg_thr=16487.2882 median_lat_us=2140.9673 pass=true status=ok
[2026-02-25 11:12:04] Eval 3: phase=find target=24000 trials=3 duration=30s
[2026-02-25 11:12:04] Benchmark run: phase=find step=100 target=24000 duration=30s trial=1 attempt=1
[2026-02-25 11:13:10] Benchmark run: phase=find step=100 target=24000 duration=30s trial=2 attempt=1
[2026-02-25 11:14:16] Benchmark run: phase=find step=100 target=24000 duration=30s trial=3 attempt=1
[2026-02-25 11:15:23] Eval 3 result: target=24000 avg_thr=23865.6448 median_lat_us=15862.5931 pass=true status=ok
[2026-02-25 11:15:23] Eval 4: phase=find target=28000 trials=3 duration=30s
[2026-02-25 11:15:23] Benchmark run: phase=find step=100 target=28000 duration=30s trial=1 attempt=1
[2026-02-25 11:16:35] Benchmark run: phase=find step=100 target=28000 duration=30s trial=2 attempt=1
[2026-02-25 11:17:46] Benchmark run: phase=find step=100 target=28000 duration=30s trial=3 attempt=1
[2026-02-25 11:18:55] Eval 4 result: target=28000 avg_thr=28570.9556 median_lat_us=1945654.2502 pass=false status=ok
[2026-02-25 11:18:55] Eval 5: phase=find target=26000 trials=3 duration=30s
[2026-02-25 11:18:55] Benchmark run: phase=find step=100 target=26000 duration=30s trial=1 attempt=1
[2026-02-25 11:20:05] Benchmark run: phase=find step=100 target=26000 duration=30s trial=2 attempt=1
[2026-02-25 11:21:13] Benchmark run: phase=find step=100 target=26000 duration=30s trial=3 attempt=1
[2026-02-25 11:22:21] Eval 5 result: target=26000 avg_thr=26032.8520 median_lat_us=824551.3619 pass=false status=ok
[2026-02-25 11:22:21] Eval 6: phase=find target=25000 trials=3 duration=30s
[2026-02-25 11:22:21] Benchmark run: phase=find step=100 target=25000 duration=30s trial=1 attempt=1
[2026-02-25 11:23:30] Benchmark run: phase=find step=100 target=25000 duration=30s trial=2 attempt=1
[2026-02-25 11:24:39] Benchmark run: phase=find step=100 target=25000 duration=30s trial=3 attempt=1
[2026-02-25 11:25:49] Eval 6 result: target=25000 avg_thr=24462.3950 median_lat_us=84566.9989 pass=false status=ok
[2026-02-25 11:25:49] Eval 7: phase=find target=24500 trials=3 duration=30s
[2026-02-25 11:25:49] Benchmark run: phase=find step=100 target=24500 duration=30s trial=1 attempt=1
[2026-02-25 11:26:56] Benchmark run: phase=find step=100 target=24500 duration=30s trial=2 attempt=1
[2026-02-25 11:28:04] Benchmark run: phase=find step=100 target=24500 duration=30s trial=3 attempt=1
[2026-02-25 11:29:12] Eval 7 result: target=24500 avg_thr=24999.6556 median_lat_us=68488.6070 pass=false status=ok
[2026-02-25 11:29:12] Refining search upward: best_median_latency_us=15862.5931 is farther than 250us from target
[2026-02-25 11:29:12] Validating candidate throughput=24000 with 5 trial(s)
[2026-02-25 11:29:12] Eval 8: phase=validate target=24000 trials=5 duration=90s
[2026-02-25 11:29:12] Benchmark run: phase=validate step=100 target=24000 duration=90s trial=1 attempt=1
[2026-02-25 11:31:30] Benchmark run: phase=validate step=100 target=24000 duration=90s trial=2 attempt=1
[2026-02-25 11:33:43] Benchmark run: phase=validate step=100 target=24000 duration=90s trial=3 attempt=1
[2026-02-25 11:36:05] Benchmark run: phase=validate step=100 target=24000 duration=90s trial=4 attempt=1
[2026-02-25 11:38:22] Benchmark run: phase=validate step=100 target=24000 duration=90s trial=5 attempt=1
