[2026-02-25 17:56:55] Search mode=network_bandwidth, latency_target=25ms, steps=500 100 50 25 10, find=30s, validate=90s x 5
[2026-02-25 17:56:55] Starting step 500Mbps for latency target 25ms
[2026-02-25 17:56:55] Restoring snapshot 'baseline' before step 500Mbps
[2026-02-25 17:58:47] Running mode=search, slowdown_type=network, step=500, client_type=hybrid
[2026-02-25 17:58:49] Warming up cluster with 5 lightweight CQL probe(s) per node
[2026-02-25 17:59:00] Applying bandwidth limit on ccl1.cyber.lab (cassandra-node-1): 500mbit egress+ingress via ens18/ifbccl1
Warning: sch_htb: quantum of class 10010 is big. Consider r2q change.
Warning: sch_htb: quantum of class 20010 is big. Consider r2q change.
[2026-02-25 17:59:01] Applying bandwidth limit on ccl2.cyber.lab (cassandra-node-2): 10000mbit egress+ingress via ens18/ifbccl2
Warning: sch_htb: quantum of class 10010 is big. Consider r2q change.
Warning: sch_htb: quantum of class 20010 is big. Consider r2q change.
[2026-02-25 17:59:01] Applying bandwidth limit on ccl3.cyber.lab (cassandra-node-3): 10000mbit egress+ingress via ens18/ifbccl3
Warning: sch_htb: quantum of class 10010 is big. Consider r2q change.
Warning: sch_htb: quantum of class 20010 is big. Consider r2q change.
[2026-02-25 17:59:04] Max-throughput binary search: step=500 latency_target_ms=25 (latency_target_us=25000.0000) bounds=[1,512000]
[2026-02-25 17:59:04] Eval 1: phase=find target=32000 trials=3 duration=30s
[2026-02-25 17:59:04] Benchmark run: phase=find step=500 target=32000 duration=30s trial=1 attempt=1
[2026-02-25 18:00:11] Benchmark run: phase=find step=500 target=32000 duration=30s trial=2 attempt=1
[2026-02-25 18:01:13] Benchmark run: phase=find step=500 target=32000 duration=30s trial=3 attempt=1
[2026-02-25 18:02:13] Eval 1 result: target=32000 avg_thr=31564.1516 median_lat_us=9734.6459 pass=true status=ok
[2026-02-25 18:02:13] Eval 2: phase=find target=272000 trials=3 duration=30s
[2026-02-25 18:02:13] Benchmark run: phase=find step=500 target=272000 duration=30s trial=1 attempt=1
[2026-02-25 18:03:42] Benchmark run: phase=find step=500 target=272000 duration=30s trial=2 attempt=1
[2026-02-25 18:05:13] Benchmark run: phase=find step=500 target=272000 duration=30s trial=3 attempt=1
[2026-02-25 18:06:43] Eval 2 result: target=272000 avg_thr=285714.2857 median_lat_us=17805285.9087 pass=false status=ok
[2026-02-25 18:06:43] Eval 3: phase=find target=152000 trials=3 duration=30s
[2026-02-25 18:06:43] Benchmark run: phase=find step=500 target=152000 duration=30s trial=1 attempt=1
[2026-02-25 18:08:14] Benchmark run: phase=find step=500 target=152000 duration=30s trial=2 attempt=1
[2026-02-25 18:09:39] Benchmark run: phase=find step=500 target=152000 duration=30s trial=3 attempt=1
[2026-02-25 18:11:10] Eval 3 result: target=152000 avg_thr=153846.1538 median_lat_us=13702323.1238 pass=false status=ok
[2026-02-25 18:11:10] Eval 4: phase=find target=92000 trials=3 duration=30s
[2026-02-25 18:11:10] Benchmark run: phase=find step=500 target=92000 duration=30s trial=1 attempt=1
[2026-02-25 18:12:39] Benchmark run: phase=find step=500 target=92000 duration=30s trial=2 attempt=1
[2026-02-25 18:14:04] Benchmark run: phase=find step=500 target=92000 duration=30s trial=3 attempt=1
[2026-02-25 18:15:44] Eval 4 result: target=92000 avg_thr=95238.0952 median_lat_us=9202173.6630 pass=false status=ok
[2026-02-25 18:15:44] Eval 5: phase=find target=62000 trials=3 duration=30s
[2026-02-25 18:15:44] Benchmark run: phase=find step=500 target=62000 duration=30s trial=1 attempt=1
[2026-02-25 18:17:06] Benchmark run: phase=find step=500 target=62000 duration=30s trial=2 attempt=1
[2026-02-25 18:18:30] Benchmark run: phase=find step=500 target=62000 duration=30s trial=3 attempt=1
[2026-02-25 18:19:51] Eval 5 result: target=62000 avg_thr=61155.9996 median_lat_us=3920938.0155 pass=false status=ok
[2026-02-25 18:19:51] Eval 6: phase=find target=47000 trials=3 duration=30s
[2026-02-25 18:19:51] Benchmark run: phase=find step=500 target=47000 duration=30s trial=1 attempt=1
[2026-02-25 18:20:59] Benchmark run: phase=find step=500 target=47000 duration=30s trial=2 attempt=1
[2026-02-25 18:22:11] Benchmark run: phase=find step=500 target=47000 duration=30s trial=3 attempt=1
[2026-02-25 18:23:22] Eval 6 result: target=47000 avg_thr=46595.2785 median_lat_us=18977.7995 pass=true status=ok
[2026-02-25 18:23:22] Eval 7: phase=find target=54500 trials=3 duration=30s
[2026-02-25 18:23:22] Benchmark run: phase=find step=500 target=54500 duration=30s trial=1 attempt=1
[2026-02-25 18:24:39] Benchmark run: phase=find step=500 target=54500 duration=30s trial=2 attempt=1
[2026-02-25 18:25:57] Benchmark run: phase=find step=500 target=54500 duration=30s trial=3 attempt=1
[2026-02-25 18:27:13] Eval 7 result: target=54500 avg_thr=54958.1717 median_lat_us=2141090.0944 pass=false status=ok
[2026-02-25 18:27:13] Eval 8: phase=find target=50500 trials=3 duration=30s
[2026-02-25 18:27:13] Benchmark run: phase=find step=500 target=50500 duration=30s trial=1 attempt=1
[2026-02-25 18:28:25] Benchmark run: phase=find step=500 target=50500 duration=30s trial=2 attempt=1
[2026-02-25 18:29:38] Benchmark run: phase=find step=500 target=50500 duration=30s trial=3 attempt=1
[2026-02-25 18:30:57] Eval 8 result: target=50500 avg_thr=50934.6237 median_lat_us=812543.6000 pass=false status=ok
[2026-02-25 18:30:57] Eval 9: phase=find target=48500 trials=3 duration=30s
[2026-02-25 18:30:57] Benchmark run: phase=find step=500 target=48500 duration=30s trial=1 attempt=1
[2026-02-25 18:32:08] Benchmark run: phase=find step=500 target=48500 duration=30s trial=2 attempt=1
[2026-02-25 18:33:20] Benchmark run: phase=find step=500 target=48500 duration=30s trial=3 attempt=1
[2026-02-25 18:34:32] Eval 9 result: target=48500 avg_thr=49462.0204 median_lat_us=70399.2762 pass=false status=ok
[2026-02-25 18:34:32] Eval 10: phase=find target=47500 trials=3 duration=30s
[2026-02-25 18:34:32] Benchmark run: phase=find step=500 target=47500 duration=30s trial=1 attempt=1
[2026-02-25 18:35:43] Benchmark run: phase=find step=500 target=47500 duration=30s trial=2 attempt=1
[2026-02-25 18:36:53] Benchmark run: phase=find step=500 target=47500 duration=30s trial=3 attempt=1
[2026-02-25 18:38:03] Eval 10 result: target=47500 avg_thr=46595.1276 median_lat_us=14843.5246 pass=true status=ok
[2026-02-25 18:38:03] Eval 11: phase=find target=48000 trials=3 duration=30s
[2026-02-25 18:38:03] Benchmark run: phase=find step=500 target=48000 duration=30s trial=1 attempt=1
[2026-02-25 18:39:13] Benchmark run: phase=find step=500 target=48000 duration=30s trial=2 attempt=1
[2026-02-25 18:40:24] Benchmark run: phase=find step=500 target=48000 duration=30s trial=3 attempt=1
[2026-02-25 18:41:36] Eval 11 result: target=48000 avg_thr=49999.2889 median_lat_us=34410.8553 pass=false status=ok
[2026-02-25 18:41:36] Refining search upward: best_median_latency_us=14843.5246 is farther than 250us from target
[2026-02-25 18:41:36] Validating candidate throughput=47500 with 5 trial(s)
[2026-02-25 18:41:36] Eval 12: phase=validate target=47500 trials=5 duration=90s
[2026-02-25 18:41:36] Benchmark run: phase=validate step=500 target=47500 duration=90s trial=1 attempt=1
[2026-02-25 18:43:08] Benchmark run: phase=validate step=500 target=47500 duration=90s trial=2 attempt=1
[2026-02-25 18:44:37] Benchmark run: phase=validate step=500 target=47500 duration=90s trial=3 attempt=1
[2026-02-25 18:46:13] Benchmark run: phase=validate step=500 target=47500 duration=90s trial=4 attempt=1
[2026-02-25 18:47:43] Benchmark run: phase=validate step=500 target=47500 duration=90s trial=5 attempt=1
[2026-02-25 18:49:15] Eval 12 result: target=47500 avg_thr=46733.1118 median_lat_us=31886.2678 pass=false status=ok
[2026-02-25 18:49:15] Candidate failed validation, probing lower targets (max 6)
[2026-02-25 18:49:15] Eval 13: phase=validate_backoff target=47000 trials=5 duration=90s
[2026-02-25 18:49:15] Benchmark run: phase=validate_backoff step=500 target=47000 duration=90s trial=1 attempt=1
[2026-02-25 18:50:47] Benchmark run: phase=validate_backoff step=500 target=47000 duration=90s trial=2 attempt=1
[2026-02-25 18:52:17] Benchmark run: phase=validate_backoff step=500 target=47000 duration=90s trial=3 attempt=1
[2026-02-25 18:53:48] Benchmark run: phase=validate_backoff step=500 target=47000 duration=90s trial=4 attempt=1
[2026-02-25 18:55:20] Benchmark run: phase=validate_backoff step=500 target=47000 duration=90s trial=5 attempt=1
[2026-02-25 18:56:51] Eval 13 result: target=47000 avg_thr=46733.1165 median_lat_us=22310.5358 pass=true status=ok
[2026-02-25 18:56:51] Validated median latency is still far below target, probing higher targets (max 6)
[2026-02-25 18:56:51] Eval 14: phase=validate_climb target=47500 trials=5 duration=90s
[2026-02-25 18:56:51] Benchmark run: phase=validate_climb step=500 target=47500 duration=90s trial=1 attempt=1
[2026-02-25 18:58:23] Benchmark run: phase=validate_climb step=500 target=47500 duration=90s trial=2 attempt=1
[2026-02-25 18:59:53] Benchmark run: phase=validate_climb step=500 target=47500 duration=90s trial=3 attempt=1
[2026-02-25 19:01:27] Benchmark run: phase=validate_climb step=500 target=47500 duration=90s trial=4 attempt=1
[2026-02-25 19:02:55] Benchmark run: phase=validate_climb step=500 target=47500 duration=90s trial=5 attempt=1
[2026-02-25 19:04:30] Eval 14 result: target=47500 avg_thr=46511.6419 median_lat_us=64495.2645 pass=false status=ok
[2026-02-25 19:04:30] Search complete: slowdown_type=network step=500 max_target=47000 observed_throughput=46733.1165 observed_latency_us=22310.5358 validated=true
MAX_RESULT:47000,46733.1165,22310.5358,true
RESULTS:46733.1165,22310.5358
[2026-02-25 19:04:32] Completed step 500Mbps: max_target=47000, observed_thr=46733.1165, observed_lat_us=22310.5358, validated=true
[2026-02-25 19:04:32] Starting step 100Mbps for latency target 25ms
[2026-02-25 19:04:32] Restoring snapshot 'baseline' before step 100Mbps
[2026-02-25 19:06:22] Running mode=search, slowdown_type=network, step=100, client_type=hybrid
[2026-02-25 19:06:24] Warming up cluster with 5 lightweight CQL probe(s) per node
[2026-02-25 19:06:35] Applying bandwidth limit on ccl1.cyber.lab (cassandra-node-1): 100mbit egress+ingress via ens18/ifbccl1
Warning: sch_htb: quantum of class 10010 is big. Consider r2q change.
Warning: sch_htb: quantum of class 20010 is big. Consider r2q change.
[2026-02-25 19:06:36] Applying bandwidth limit on ccl2.cyber.lab (cassandra-node-2): 10000mbit egress+ingress via ens18/ifbccl2
Warning: sch_htb: quantum of class 10010 is big. Consider r2q change.
Warning: sch_htb: quantum of class 20010 is big. Consider r2q change.
[2026-02-25 19:06:36] Applying bandwidth limit on ccl3.cyber.lab (cassandra-node-3): 10000mbit egress+ingress via ens18/ifbccl3
Warning: sch_htb: quantum of class 10010 is big. Consider r2q change.
Warning: sch_htb: quantum of class 20010 is big. Consider r2q change.
[2026-02-25 19:06:40] Max-throughput binary search: step=100 latency_target_ms=25 (latency_target_us=25000.0000) bounds=[1,512000]
[2026-02-25 19:06:40] Eval 1: phase=find target=32000 trials=3 duration=30s
[2026-02-25 19:06:40] Benchmark run: phase=find step=100 target=32000 duration=30s trial=1 attempt=1
[2026-02-25 19:08:02] Benchmark run: phase=find step=100 target=32000 duration=30s trial=2 attempt=1
[2026-02-25 19:09:18] Benchmark run: phase=find step=100 target=32000 duration=30s trial=3 attempt=1
[2026-02-25 19:10:37] Eval 1 result: target=32000 avg_thr=31911.1315 median_lat_us=3733701.7635 pass=false status=ok
[2026-02-25 19:10:37] Eval 2: phase=find target=15500 trials=3 duration=30s
[2026-02-25 19:10:37] Benchmark run: phase=find step=100 target=15500 duration=30s trial=1 attempt=1
[2026-02-25 19:11:38] Benchmark run: phase=find step=100 target=15500 duration=30s trial=2 attempt=1
[2026-02-25 19:12:39] Benchmark run: phase=find step=100 target=15500 duration=30s trial=3 attempt=1
[2026-02-25 19:13:41] Eval 2 result: target=15500 avg_thr=15456.8892 median_lat_us=1336.4752 pass=true status=ok
[2026-02-25 19:13:41] Eval 3: phase=find target=23500 trials=3 duration=30s
[2026-02-25 19:13:41] Benchmark run: phase=find step=100 target=23500 duration=30s trial=1 attempt=1
[2026-02-25 19:14:44] Benchmark run: phase=find step=100 target=23500 duration=30s trial=2 attempt=1
[2026-02-25 19:15:51] Benchmark run: phase=find step=100 target=23500 duration=30s trial=3 attempt=1
[2026-02-25 19:16:55] Eval 3 result: target=23500 avg_thr=23553.4312 median_lat_us=7060.4146 pass=true status=ok
[2026-02-25 19:16:55] Eval 4: phase=find target=27500 trials=3 duration=30s
[2026-02-25 19:16:55] Benchmark run: phase=find step=100 target=27500 duration=30s trial=1 attempt=1
[2026-02-25 19:18:04] Benchmark run: phase=find step=100 target=27500 duration=30s trial=2 attempt=1
[2026-02-25 19:19:14] Benchmark run: phase=find step=100 target=27500 duration=30s trial=3 attempt=1
[2026-02-25 19:20:25] Eval 4 result: target=27500 avg_thr=27479.2473 median_lat_us=1242033.9852 pass=false status=ok
[2026-02-25 19:20:25] Eval 5: phase=find target=25500 trials=3 duration=30s
[2026-02-25 19:20:25] Benchmark run: phase=find step=100 target=25500 duration=30s trial=1 attempt=1
[2026-02-25 19:21:33] Benchmark run: phase=find step=100 target=25500 duration=30s trial=2 attempt=1
[2026-02-25 19:22:39] Benchmark run: phase=find step=100 target=25500 duration=30s trial=3 attempt=1
[2026-02-25 19:23:48] Eval 5 result: target=25500 avg_thr=25640.6222 median_lat_us=618773.0553 pass=false status=ok
[2026-02-25 19:23:48] Eval 6: phase=find target=24500 trials=3 duration=30s
[2026-02-25 19:23:48] Benchmark run: phase=find step=100 target=24500 duration=30s trial=1 attempt=1
[2026-02-25 19:24:57] Benchmark run: phase=find step=100 target=24500 duration=30s trial=2 attempt=1
[2026-02-25 19:26:05] Benchmark run: phase=find step=100 target=24500 duration=30s trial=3 attempt=1
[2026-02-25 19:27:12] Eval 6 result: target=24500 avg_thr=24462.3040 median_lat_us=137904.7695 pass=false status=ok
[2026-02-25 19:27:12] Eval 7: phase=find target=24000 trials=3 duration=30s
[2026-02-25 19:27:12] Benchmark run: phase=find step=100 target=24000 duration=30s trial=1 attempt=1
[2026-02-25 19:28:20] Benchmark run: phase=find step=100 target=24000 duration=30s trial=2 attempt=1
[2026-02-25 19:29:28] Benchmark run: phase=find step=100 target=24000 duration=30s trial=3 attempt=1
[2026-02-25 19:30:36] Eval 7 result: target=24000 avg_thr=23865.8172 median_lat_us=15490.4733 pass=true status=ok
[2026-02-25 19:30:36] Refining search upward: best_median_latency_us=15490.4733 is farther than 250us from target
[2026-02-25 19:30:36] Validating candidate throughput=24000 with 5 trial(s)
[2026-02-25 19:30:36] Eval 8: phase=validate target=24000 trials=5 duration=90s
[2026-02-25 19:30:36] Benchmark run: phase=validate step=100 target=24000 duration=90s trial=1 attempt=1
[2026-02-25 19:32:55] Benchmark run: phase=validate step=100 target=24000 duration=90s trial=2 attempt=1
[2026-02-25 19:35:10] Benchmark run: phase=validate step=100 target=24000 duration=90s trial=3 attempt=1
[2026-02-25 19:37:25] Benchmark run: phase=validate step=100 target=24000 duration=90s trial=4 attempt=1
[2026-02-25 19:39:42] Benchmark run: phase=validate step=100 target=24000 duration=90s trial=5 attempt=1
[2026-02-25 19:42:02] Eval 8 result: target=24000 avg_thr=24213.9337 median_lat_us=15055.8703 pass=true status=ok
[2026-02-25 19:42:02] Validated median latency is still far below target, probing higher targets (max 6)
[2026-02-25 19:42:02] Eval 9: phase=validate_climb target=24500 trials=5 duration=90s
[2026-02-25 19:42:02] Benchmark run: phase=validate_climb step=100 target=24500 duration=90s trial=1 attempt=1
[2026-02-25 19:44:21] Benchmark run: phase=validate_climb step=100 target=24500 duration=90s trial=2 attempt=1
[2026-02-25 19:46:36] Benchmark run: phase=validate_climb step=100 target=24500 duration=90s trial=3 attempt=1
[2026-02-25 19:48:55] Benchmark run: phase=validate_climb step=100 target=24500 duration=90s trial=4 attempt=1
[2026-02-25 19:51:12] Benchmark run: phase=validate_climb step=100 target=24500 duration=90s trial=5 attempt=1
[2026-02-25 19:53:27] Eval 9 result: target=24500 avg_thr=24814.8173 median_lat_us=27072.1852 pass=false status=ok
[2026-02-25 19:53:27] Search complete: slowdown_type=network step=100 max_target=24000 observed_throughput=24213.9337 observed_latency_us=15055.8703 validated=true
MAX_RESULT:24000,24213.9337,15055.8703,true
RESULTS:24213.9337,15055.8703
[2026-02-25 19:53:29] Completed step 100Mbps: max_target=24000, observed_thr=24213.9337, observed_lat_us=15055.8703, validated=true
[2026-02-25 19:53:29] Starting step 50Mbps for latency target 25ms
[2026-02-25 19:53:29] Restoring snapshot 'baseline' before step 50Mbps
[2026-02-25 19:55:17] Running mode=search, slowdown_type=network, step=50, client_type=hybrid
[2026-02-25 19:55:20] Warming up cluster with 5 lightweight CQL probe(s) per node
[2026-02-25 19:55:30] Applying bandwidth limit on ccl1.cyber.lab (cassandra-node-1): 50mbit egress+ingress via ens18/ifbccl1
Warning: sch_htb: quantum of class 10010 is big. Consider r2q change.
Warning: sch_htb: quantum of class 20010 is big. Consider r2q change.
[2026-02-25 19:55:31] Applying bandwidth limit on ccl2.cyber.lab (cassandra-node-2): 10000mbit egress+ingress via ens18/ifbccl2
Warning: sch_htb: quantum of class 10010 is big. Consider r2q change.
Warning: sch_htb: quantum of class 20010 is big. Consider r2q change.
[2026-02-25 19:55:32] Applying bandwidth limit on ccl3.cyber.lab (cassandra-node-3): 10000mbit egress+ingress via ens18/ifbccl3
Warning: sch_htb: quantum of class 10010 is big. Consider r2q change.
Warning: sch_htb: quantum of class 20010 is big. Consider r2q change.
[2026-02-25 19:55:34] Max-throughput binary search: step=50 latency_target_ms=25 (latency_target_us=25000.0000) bounds=[1,512000]
[2026-02-25 19:55:34] Eval 1: phase=find target=32000 trials=3 duration=30s
[2026-02-25 19:55:34] Benchmark run: phase=find step=50 target=32000 duration=30s trial=1 attempt=1
[2026-02-25 19:57:50] Benchmark run: phase=find step=50 target=32000 duration=30s trial=2 attempt=1
[2026-02-25 20:00:06] Benchmark run: phase=find step=50 target=32000 duration=30s trial=3 attempt=1
[2026-02-25 20:02:23] Eval 1 result: target=32000 avg_thr=31217.7849 median_lat_us=26406990.3474 pass=false status=ok
[2026-02-25 20:02:23] Eval 2: phase=find target=15500 trials=3 duration=30s
[2026-02-25 20:02:23] Benchmark run: phase=find step=50 target=15500 duration=30s trial=1 attempt=1
[2026-02-25 20:03:50] Benchmark run: phase=find step=50 target=15500 duration=30s trial=2 attempt=1
[2026-02-25 20:05:19] Benchmark run: phase=find step=50 target=15500 duration=30s trial=3 attempt=1
[2026-02-25 20:06:48] Eval 2 result: target=15500 avg_thr=15289.0957 median_lat_us=5208241.6278 pass=false status=ok
[2026-02-25 20:06:48] Eval 3: phase=find target=7500 trials=3 duration=30s
[2026-02-25 20:06:48] Benchmark run: phase=find step=50 target=7500 duration=30s trial=1 attempt=1
[2026-02-25 20:07:59] Benchmark run: phase=find step=50 target=7500 duration=30s trial=2 attempt=1
[2026-02-25 20:09:11] Benchmark run: phase=find step=50 target=7500 duration=30s trial=3 attempt=1
[2026-02-25 20:10:25] Eval 3 result: target=7500 avg_thr=7357.0939 median_lat_us=2633.0250 pass=true status=ok
[2026-02-25 20:10:25] Eval 4: phase=find target=11500 trials=3 duration=30s
[2026-02-25 20:10:25] Benchmark run: phase=find step=50 target=11500 duration=30s trial=1 attempt=1
[2026-02-25 20:11:40] Benchmark run: phase=find step=50 target=11500 duration=30s trial=2 attempt=1
[2026-02-25 20:12:57] Benchmark run: phase=find step=50 target=11500 duration=30s trial=3 attempt=1
[2026-02-25 20:14:13] Eval 4 result: target=11500 avg_thr=11377.8477 median_lat_us=109778.9902 pass=false status=ok
[2026-02-25 20:14:13] Eval 5: phase=find target=9500 trials=3 duration=30s
[2026-02-25 20:14:13] Benchmark run: phase=find step=50 target=9500 duration=30s trial=1 attempt=1
[2026-02-25 20:15:27] Benchmark run: phase=find step=50 target=9500 duration=30s trial=2 attempt=1
[2026-02-25 20:16:41] Benchmark run: phase=find step=50 target=9500 duration=30s trial=3 attempt=1
[2026-02-25 20:17:54] Eval 5 result: target=9500 avg_thr=9523.6889 median_lat_us=10330.8732 pass=true status=ok
[2026-02-25 20:17:54] Eval 6: phase=find target=10500 trials=3 duration=30s
[2026-02-25 20:17:54] Benchmark run: phase=find step=50 target=10500 duration=30s trial=1 attempt=1
[2026-02-25 20:19:10] Benchmark run: phase=find step=50 target=10500 duration=30s trial=2 attempt=1
[2026-02-25 20:20:26] Benchmark run: phase=find step=50 target=10500 duration=30s trial=3 attempt=1
[2026-02-25 20:21:40] Eval 6 result: target=10500 avg_thr=10300.0656 median_lat_us=15925.2959 pass=true status=ok
[2026-02-25 20:21:40] Eval 7: phase=find target=11000 trials=3 duration=30s
[2026-02-25 20:21:40] Benchmark run: phase=find step=50 target=11000 duration=30s trial=1 attempt=1
[2026-02-25 20:22:54] Benchmark run: phase=find step=50 target=11000 duration=30s trial=2 attempt=1
[2026-02-25 20:24:15] Benchmark run: phase=find step=50 target=11000 duration=30s trial=3 attempt=1
[2026-02-25 20:25:31] Eval 7 result: target=11000 avg_thr=10872.2688 median_lat_us=9603.9683 pass=true status=ok
[2026-02-25 20:25:31] Refining search upward: best_median_latency_us=9603.9683 is farther than 250us from target
[2026-02-25 20:25:31] Validating candidate throughput=11000 with 5 trial(s)
[2026-02-25 20:25:31] Eval 8: phase=validate target=11000 trials=5 duration=90s
[2026-02-25 20:25:31] Benchmark run: phase=validate step=50 target=11000 duration=90s trial=1 attempt=1
[2026-02-25 20:27:57] Benchmark run: phase=validate step=50 target=11000 duration=90s trial=2 attempt=1
[2026-02-25 20:30:24] Benchmark run: phase=validate step=50 target=11000 duration=90s trial=3 attempt=1
[2026-02-25 20:32:49] Benchmark run: phase=validate step=50 target=11000 duration=90s trial=4 attempt=1
[2026-02-25 20:35:17] Benchmark run: phase=validate step=50 target=11000 duration=90s trial=5 attempt=1
[2026-02-25 20:37:50] Eval 8 result: target=11000 avg_thr=11037.8684 median_lat_us=14854.7027 pass=true status=ok
[2026-02-25 20:37:50] Validated median latency is still far below target, probing higher targets (max 6)
[2026-02-25 20:37:50] Eval 9: phase=validate_climb target=11500 trials=5 duration=90s
[2026-02-25 20:37:50] Benchmark run: phase=validate_climb step=50 target=11500 duration=90s trial=1 attempt=1
[2026-02-25 20:40:17] Benchmark run: phase=validate_climb step=50 target=11500 duration=90s trial=2 attempt=1
[2026-02-25 20:42:45] Benchmark run: phase=validate_climb step=50 target=11500 duration=90s trial=3 attempt=1
[2026-02-25 20:45:13] Benchmark run: phase=validate_climb step=50 target=11500 duration=90s trial=4 attempt=1
[2026-02-25 20:47:41] Benchmark run: phase=validate_climb step=50 target=11500 duration=90s trial=5 attempt=1
[2026-02-25 20:50:07] Eval 9 result: target=11500 avg_thr=11576.8235 median_lat_us=108445.0344 pass=false status=ok
[2026-02-25 20:50:07] Search complete: slowdown_type=network step=50 max_target=11000 observed_throughput=11037.8684 observed_latency_us=14854.7027 validated=true
MAX_RESULT:11000,11037.8684,14854.7027,true
RESULTS:11037.8684,14854.7027
[2026-02-25 20:50:09] Completed step 50Mbps: max_target=11000, observed_thr=11037.8684, observed_lat_us=14854.7027, validated=true
[2026-02-25 20:50:09] Starting step 25Mbps for latency target 25ms
[2026-02-25 20:50:09] Restoring snapshot 'baseline' before step 25Mbps
[2026-02-25 20:52:00] Running mode=search, slowdown_type=network, step=25, client_type=hybrid
[2026-02-25 20:52:02] Warming up cluster with 5 lightweight CQL probe(s) per node
[2026-02-25 20:52:12] Applying bandwidth limit on ccl1.cyber.lab (cassandra-node-1): 25mbit egress+ingress via ens18/ifbccl1
Warning: sch_htb: quantum of class 10010 is big. Consider r2q change.
Warning: sch_htb: quantum of class 20010 is big. Consider r2q change.
[2026-02-25 20:52:13] Applying bandwidth limit on ccl2.cyber.lab (cassandra-node-2): 10000mbit egress+ingress via ens18/ifbccl2
Warning: sch_htb: quantum of class 10010 is big. Consider r2q change.
Warning: sch_htb: quantum of class 20010 is big. Consider r2q change.
[2026-02-25 20:52:14] Applying bandwidth limit on ccl3.cyber.lab (cassandra-node-3): 10000mbit egress+ingress via ens18/ifbccl3
Warning: sch_htb: quantum of class 10010 is big. Consider r2q change.
Warning: sch_htb: quantum of class 20010 is big. Consider r2q change.
[2026-02-25 20:52:17] Max-throughput binary search: step=25 latency_target_ms=25 (latency_target_us=25000.0000) bounds=[1,512000]
[2026-02-25 20:52:17] Eval 1: phase=find target=32000 trials=3 duration=30s
[2026-02-25 20:52:17] Benchmark run: phase=find step=25 target=32000 duration=30s trial=1 attempt=1
[2026-02-25 20:56:49] Benchmark run: phase=find step=25 target=32000 duration=30s trial=2 attempt=1
[2026-02-25 21:01:19] Benchmark run: phase=find step=25 target=32000 duration=30s trial=3 attempt=1
[2026-02-25 21:05:48] Eval 1 result: target=32000 avg_thr=31564.2857 median_lat_us=81176593.6735 pass=false status=ok
[2026-02-25 21:05:48] Eval 2: phase=find target=15500 trials=3 duration=30s
[2026-02-25 21:05:48] Benchmark run: phase=find step=25 target=15500 duration=30s trial=1 attempt=1
[2026-02-25 21:08:44] Benchmark run: phase=find step=25 target=15500 duration=30s trial=2 attempt=1
[2026-02-25 21:11:41] Benchmark run: phase=find step=25 target=15500 duration=30s trial=3 attempt=1
[2026-02-25 21:14:41] Eval 2 result: target=15500 avg_thr=15456.9219 median_lat_us=32905959.1692 pass=false status=ok
[2026-02-25 21:14:41] Eval 3: phase=find target=7500 trials=3 duration=30s
[2026-02-25 21:14:41] Benchmark run: phase=find step=25 target=7500 duration=30s trial=1 attempt=1
[2026-02-25 21:16:47] Benchmark run: phase=find step=25 target=7500 duration=30s trial=2 attempt=1
[2026-02-25 21:18:53] Benchmark run: phase=find step=25 target=7500 duration=30s trial=3 attempt=1
[2026-02-25 21:21:00] Eval 3 result: target=7500 avg_thr=7437.7631 median_lat_us=8002949.6560 pass=false status=ok
[2026-02-25 21:21:00] Eval 4: phase=find target=3500 trials=3 duration=30s
[2026-02-25 21:21:00] Benchmark run: phase=find step=25 target=3500 duration=30s trial=1 attempt=1
[2026-02-25 21:22:12] Benchmark run: phase=find step=25 target=3500 duration=30s trial=2 attempt=1
[2026-02-25 21:23:24] Benchmark run: phase=find step=25 target=3500 duration=30s trial=3 attempt=1
[2026-02-25 21:24:38] Eval 4 result: target=3500 avg_thr=3433.3412 median_lat_us=2123.7873 pass=true status=ok
[2026-02-25 21:24:38] Eval 5: phase=find target=5500 trials=3 duration=30s
[2026-02-25 21:24:38] Benchmark run: phase=find step=25 target=5500 duration=30s trial=1 attempt=1
[2026-02-25 21:26:17] Benchmark run: phase=find step=25 target=5500 duration=30s trial=2 attempt=1
[2026-02-25 21:27:54] Benchmark run: phase=find step=25 target=5500 duration=30s trial=3 attempt=1
[2026-02-25 21:29:33] Eval 5 result: target=5500 avg_thr=5346.7849 median_lat_us=1517541.8085 pass=false status=ok
[2026-02-25 21:29:33] Eval 6: phase=find target=4500 trials=3 duration=30s
[2026-02-25 21:29:33] Benchmark run: phase=find step=25 target=4500 duration=30s trial=1 attempt=1
[2026-02-25 21:30:57] Benchmark run: phase=find step=25 target=4500 duration=30s trial=2 attempt=1
[2026-02-25 21:32:22] Benchmark run: phase=find step=25 target=4500 duration=30s trial=3 attempt=1
[2026-02-25 21:33:46] Eval 6 result: target=4500 avg_thr=4504.4667 median_lat_us=9670.4753 pass=true status=ok
[2026-02-25 21:33:46] Eval 7: phase=find target=5000 trials=3 duration=30s
[2026-02-25 21:33:46] Benchmark run: phase=find step=25 target=5000 duration=30s trial=1 attempt=1
[2026-02-25 21:35:17] Benchmark run: phase=find step=25 target=5000 duration=30s trial=2 attempt=1
[2026-02-25 21:36:48] Benchmark run: phase=find step=25 target=5000 duration=30s trial=3 attempt=1
[2026-02-25 21:38:17] Eval 7 result: target=5000 avg_thr=4892.4717 median_lat_us=550241.0884 pass=false status=ok
[2026-02-25 21:38:17] Refining search upward: best_median_latency_us=9670.4753 is farther than 250us from target
[2026-02-25 21:38:17] Validating candidate throughput=4500 with 5 trial(s)
[2026-02-25 21:38:17] Eval 8: phase=validate target=4500 trials=5 duration=90s
[2026-02-25 21:38:17] Benchmark run: phase=validate step=25 target=4500 duration=90s trial=1 attempt=1
[2026-02-25 21:41:09] Benchmark run: phase=validate step=25 target=4500 duration=90s trial=2 attempt=1
[2026-02-25 21:44:00] Benchmark run: phase=validate step=25 target=4500 duration=90s trial=3 attempt=1
[2026-02-25 21:46:52] Benchmark run: phase=validate step=25 target=4500 duration=90s trial=4 attempt=1
[2026-02-25 21:49:43] Benchmark run: phase=validate step=25 target=4500 duration=90s trial=5 attempt=1
[2026-02-25 21:52:32] Eval 8 result: target=4500 avg_thr=4474.8066 median_lat_us=7872.0208 pass=true status=ok
[2026-02-25 21:52:32] Validated median latency is still far below target, probing higher targets (max 6)
[2026-02-25 21:52:32] Eval 9: phase=validate_climb target=5000 trials=5 duration=90s
[2026-02-25 21:52:32] Benchmark run: phase=validate_climb step=25 target=5000 duration=90s trial=1 attempt=1
[2026-02-25 21:55:27] Benchmark run: phase=validate_climb step=25 target=5000 duration=90s trial=2 attempt=1
[2026-02-25 21:58:22] Benchmark run: phase=validate_climb step=25 target=5000 duration=90s trial=3 attempt=1
[2026-02-25 22:01:15] Benchmark run: phase=validate_climb step=25 target=5000 duration=90s trial=4 attempt=1
[2026-02-25 22:04:08] Benchmark run: phase=validate_climb step=25 target=5000 duration=90s trial=5 attempt=1
[2026-02-25 22:07:03] Eval 9 result: target=5000 avg_thr=4967.0350 median_lat_us=1756848.7059 pass=false status=ok
[2026-02-25 22:07:03] Search complete: slowdown_type=network step=25 max_target=4500 observed_throughput=4474.8066 observed_latency_us=7872.0208 validated=true
MAX_RESULT:4500,4474.8066,7872.0208,true
RESULTS:4474.8066,7872.0208
[2026-02-25 22:07:05] Completed step 25Mbps: max_target=4500, observed_thr=4474.8066, observed_lat_us=7872.0208, validated=true
[2026-02-25 22:07:05] Starting step 10Mbps for latency target 25ms
[2026-02-25 22:07:05] Restoring snapshot 'baseline' before step 10Mbps
[2026-02-25 22:08:58] Running mode=search, slowdown_type=network, step=10, client_type=hybrid
[2026-02-25 22:09:00] Warming up cluster with 5 lightweight CQL probe(s) per node
[2026-02-25 22:09:11] Applying bandwidth limit on ccl1.cyber.lab (cassandra-node-1): 10mbit egress+ingress via ens18/ifbccl1
[2026-02-25 22:09:12] Applying bandwidth limit on ccl2.cyber.lab (cassandra-node-2): 10000mbit egress+ingress via ens18/ifbccl2
Warning: sch_htb: quantum of class 10010 is big. Consider r2q change.
Warning: sch_htb: quantum of class 20010 is big. Consider r2q change.
[2026-02-25 22:09:13] Applying bandwidth limit on ccl3.cyber.lab (cassandra-node-3): 10000mbit egress+ingress via ens18/ifbccl3
Warning: sch_htb: quantum of class 10010 is big. Consider r2q change.
Warning: sch_htb: quantum of class 20010 is big. Consider r2q change.
[2026-02-25 22:09:15] Max-throughput binary search: step=10 latency_target_ms=25 (latency_target_us=25000.0000) bounds=[1,512000]
[2026-02-25 22:09:15] Eval 1: phase=find target=32000 trials=3 duration=30s
[2026-02-25 22:09:15] Benchmark run: phase=find step=10 target=32000 duration=30s trial=1 attempt=1
[2026-02-25 22:20:37] Benchmark run: phase=find step=10 target=32000 duration=30s trial=2 attempt=1
[2026-02-25 22:31:11] Benchmark run: phase=find step=10 target=32000 duration=30s trial=3 attempt=1
[2026-02-25 22:44:12] Eval 1 result: target=32000 avg_thr=31911.1613 median_lat_us=246844566.5463 pass=false status=ok
[2026-02-25 22:44:12] Eval 2: phase=find target=15500 trials=3 duration=30s
[2026-02-25 22:44:12] Benchmark run: phase=find step=10 target=15500 duration=30s trial=1 attempt=1
[2026-02-25 22:51:16] Benchmark run: phase=find step=10 target=15500 duration=30s trial=2 attempt=1
[2026-02-25 23:00:00] Benchmark run: phase=find step=10 target=15500 duration=30s trial=3 attempt=1
[2026-02-25 23:06:48] Eval 2 result: target=15500 avg_thr=15289.1821 median_lat_us=107874124.4240 pass=false status=ok
[2026-02-25 23:06:48] Eval 3: phase=find target=7500 trials=3 duration=30s
[2026-02-25 23:06:48] Benchmark run: phase=find step=10 target=7500 duration=30s trial=1 attempt=1
[2026-02-25 23:12:41] Benchmark run: phase=find step=10 target=7500 duration=30s trial=2 attempt=1
[2026-02-25 23:19:57] Benchmark run: phase=find step=10 target=7500 duration=30s trial=3 attempt=1
[2026-02-25 23:27:33] Eval 3 result: target=7500 avg_thr=7357.1476 median_lat_us=69952638.2307 pass=false status=ok
[2026-02-25 23:27:33] Eval 4: phase=find target=3500 trials=3 duration=30s
[2026-02-25 23:27:33] Benchmark run: phase=find step=10 target=3500 duration=30s trial=1 attempt=1
[2026-02-25 23:30:01] Benchmark run: phase=find step=10 target=3500 duration=30s trial=2 attempt=1
[2026-02-25 23:33:13] Benchmark run: phase=find step=10 target=3500 duration=30s trial=3 attempt=1
[2026-02-25 23:36:23] Eval 4 result: target=3500 avg_thr=3433.3086 median_lat_us=26436886.1581 pass=false status=ok
[2026-02-25 23:36:23] Eval 5: phase=find target=1500 trials=3 duration=30s
[2026-02-25 23:36:23] Benchmark run: phase=find step=10 target=1500 duration=30s trial=1 attempt=1
[2026-02-25 23:37:44] Benchmark run: phase=find step=10 target=1500 duration=30s trial=2 attempt=1
[2026-02-25 23:39:11] Benchmark run: phase=find step=10 target=1500 duration=30s trial=3 attempt=1
[2026-02-25 23:40:37] Eval 5 result: target=1500 avg_thr=1469.1982 median_lat_us=2451410.6693 pass=false status=ok
[2026-02-25 23:40:37] Eval 6: phase=find target=500 trials=3 duration=30s
[2026-02-25 23:40:37] Benchmark run: phase=find step=10 target=500 duration=30s trial=1 attempt=1
[2026-02-25 23:41:39] Benchmark run: phase=find step=10 target=500 duration=30s trial=2 attempt=1
[2026-02-25 23:42:40] Benchmark run: phase=find step=10 target=500 duration=30s trial=3 attempt=1
[2026-02-25 23:43:42] Eval 6 result: target=500 avg_thr=500.0000 median_lat_us=4218.2029 pass=true status=ok
[2026-02-25 23:43:42] Eval 7: phase=find target=1000 trials=3 duration=30s
[2026-02-25 23:43:42] Benchmark run: phase=find step=10 target=1000 duration=30s trial=1 attempt=1
[2026-02-25 23:44:44] Benchmark run: phase=find step=10 target=1000 duration=30s trial=2 attempt=1
[2026-02-25 23:45:46] Benchmark run: phase=find step=10 target=1000 duration=30s trial=3 attempt=1
[2026-02-25 23:46:48] Eval 7 result: target=1000 avg_thr=999.9889 median_lat_us=4258.1502 pass=true status=ok
[2026-02-25 23:46:48] Refining search upward: best_median_latency_us=4258.1502 is farther than 250us from target
[2026-02-25 23:46:48] Validating candidate throughput=1000 with 5 trial(s)
[2026-02-25 23:46:48] Eval 8: phase=validate target=1000 trials=5 duration=90s
[2026-02-25 23:46:48] Benchmark run: phase=validate step=10 target=1000 duration=90s trial=1 attempt=1
[2026-02-25 23:49:52] Benchmark run: phase=validate step=10 target=1000 duration=90s trial=2 attempt=1
[2026-02-25 23:52:55] Benchmark run: phase=validate step=10 target=1000 duration=90s trial=3 attempt=1
[2026-02-25 23:55:59] Benchmark run: phase=validate step=10 target=1000 duration=90s trial=4 attempt=1
[2026-02-25 23:59:02] Benchmark run: phase=validate step=10 target=1000 duration=90s trial=5 attempt=1
[2026-02-26 00:02:06] Eval 8 result: target=1000 avg_thr=993.4110 median_lat_us=51724.2069 pass=false status=ok
[2026-02-26 00:02:06] Candidate failed validation, probing lower targets (max 6)
[2026-02-26 00:02:06] Eval 9: phase=validate_backoff target=500 trials=5 duration=90s
[2026-02-26 00:02:06] Benchmark run: phase=validate_backoff step=10 target=500 duration=90s trial=1 attempt=1
[2026-02-26 00:05:08] Benchmark run: phase=validate_backoff step=10 target=500 duration=90s trial=2 attempt=1
[2026-02-26 00:08:09] Benchmark run: phase=validate_backoff step=10 target=500 duration=90s trial=3 attempt=1
[2026-02-26 00:11:11] Benchmark run: phase=validate_backoff step=10 target=500 duration=90s trial=4 attempt=1
[2026-02-26 00:14:13] Benchmark run: phase=validate_backoff step=10 target=500 duration=90s trial=5 attempt=1
[2026-02-26 00:17:15] Eval 9 result: target=500 avg_thr=497.8044 median_lat_us=3130.3758 pass=true status=ok
[2026-02-26 00:17:15] Validated median latency is still far below target, probing higher targets (max 6)
[2026-02-26 00:17:15] Eval 10: phase=validate_climb target=1000 trials=5 duration=90s
[2026-02-26 00:17:15] Benchmark run: phase=validate_climb step=10 target=1000 duration=90s trial=1 attempt=1
[2026-02-26 00:20:19] Benchmark run: phase=validate_climb step=10 target=1000 duration=90s trial=2 attempt=1
[2026-02-26 00:23:23] Benchmark run: phase=validate_climb step=10 target=1000 duration=90s trial=3 attempt=1
[2026-02-26 00:26:27] Benchmark run: phase=validate_climb step=10 target=1000 duration=90s trial=4 attempt=1
[2026-02-26 00:29:30] Benchmark run: phase=validate_climb step=10 target=1000 duration=90s trial=5 attempt=1
[2026-02-26 00:32:33] Eval 10 result: target=1000 avg_thr=997.8022 median_lat_us=48608.2877 pass=false status=ok
[2026-02-26 00:32:33] Search complete: slowdown_type=network step=10 max_target=500 observed_throughput=497.8044 observed_latency_us=3130.3758 validated=true
MAX_RESULT:500,497.8044,3130.3758,true
RESULTS:497.8044,3130.3758
[2026-02-26 00:32:36] Completed step 10Mbps: max_target=500, observed_thr=497.8044, observed_lat_us=3130.3758, validated=true
[2026-02-26 00:32:36] Done. Summary: /home/egp1042/Documents/CodingProjects/unh-bench-scripts/out/max_latency_target_25/network_bandwidth_summary.csv
