[2026-02-25 03:21:34] Search mode=network_latency, latency_target=25ms, steps=0.25ms 0.5ms 1ms 5ms, find=15s, validate=90s x 3
[2026-02-25 03:21:34] Starting step 0.25ms for latency target 25ms
[2026-02-25 03:21:34] Restoring snapshot 'baseline' before step 0.25ms
[2026-02-25 03:23:25] Running mode=search, slowdown_type=latency, step=0.25ms, client_type=hybrid
[2026-02-25 03:23:27] Warming up cluster with 5 lightweight CQL probe(s) per node
[2026-02-25 03:23:37] Applying latency limit on ccl1.cyber.lab (cassandra-node-1): 0.25ms via ens18
[2026-02-25 03:23:41] Max-throughput binary search: step=0.25ms latency_target_ms=25 (latency_target_us=25000.0000) bounds=[2000,512000]
[2026-02-25 03:23:41] Eval 1: phase=find target=32000 trials=3 duration=15s
[2026-02-25 03:23:41] Benchmark run: phase=find step=0.25ms target=32000 duration=15s trial=1 attempt=1
[2026-02-25 03:24:25] Benchmark run: phase=find step=0.25ms target=32000 duration=15s trial=2 attempt=1
[2026-02-25 03:25:01] Benchmark run: phase=find step=0.25ms target=32000 duration=15s trial=3 attempt=1
[2026-02-25 03:25:36] Eval 1 result: target=32000 avg_thr=30914.2611 median_lat_us=11859.9683 pass=true status=ok
[2026-02-25 03:25:36] Eval 2: phase=find target=272000 trials=3 duration=15s
[2026-02-25 03:25:36] Benchmark run: phase=find step=0.25ms target=272000 duration=15s trial=1 attempt=1
[2026-02-25 03:27:06] Benchmark run: phase=find step=0.25ms target=272000 duration=15s trial=2 attempt=1
[2026-02-25 03:28:32] Benchmark run: phase=find step=0.25ms target=272000 duration=15s trial=3 attempt=1
[2026-02-25 03:30:00] Eval 2 result: target=272000 avg_thr=285714.3810 median_lat_us=16899285.4842 pass=false status=ok
[2026-02-25 03:30:00] Eval 3: phase=find target=152000 trials=3 duration=15s
[2026-02-25 03:30:00] Benchmark run: phase=find step=0.25ms target=152000 duration=15s trial=1 attempt=1
[2026-02-25 03:31:26] Benchmark run: phase=find step=0.25ms target=152000 duration=15s trial=2 attempt=1
[2026-02-25 03:32:52] Benchmark run: phase=find step=0.25ms target=152000 duration=15s trial=3 attempt=1
[2026-02-25 03:34:22] Eval 3 result: target=152000 avg_thr=153846.1538 median_lat_us=13460690.1415 pass=false status=ok
[2026-02-25 03:34:22] Eval 4: phase=find target=92000 trials=3 duration=15s
[2026-02-25 03:34:22] Benchmark run: phase=find step=0.25ms target=92000 duration=15s trial=1 attempt=1
[2026-02-25 03:35:31] Benchmark run: phase=find step=0.25ms target=92000 duration=15s trial=2 attempt=1
[2026-02-25 03:36:41] Benchmark run: phase=find step=0.25ms target=92000 duration=15s trial=3 attempt=1
[2026-02-25 03:37:59] Eval 4 result: target=92000 avg_thr=97916.4167 median_lat_us=6984252.0471 pass=false status=ok
[2026-02-25 03:37:59] Eval 5: phase=find target=62000 trials=3 duration=15s
[2026-02-25 03:37:59] Benchmark run: phase=find step=0.25ms target=62000 duration=15s trial=1 attempt=1
[2026-02-25 03:38:51] Benchmark run: phase=find step=0.25ms target=62000 duration=15s trial=2 attempt=1
[2026-02-25 03:39:42] Benchmark run: phase=find step=0.25ms target=62000 duration=15s trial=3 attempt=1
[2026-02-25 03:40:32] Eval 5 result: target=62000 avg_thr=58595.2917 median_lat_us=2266869.8152 pass=false status=ok
[2026-02-25 03:40:32] Eval 6: phase=find target=47000 trials=3 duration=15s
[2026-02-25 03:40:32] Benchmark run: phase=find step=0.25ms target=47000 duration=15s trial=1 attempt=1
[2026-02-25 03:41:13] Benchmark run: phase=find step=0.25ms target=47000 duration=15s trial=2 attempt=1
[2026-02-25 03:41:55] Benchmark run: phase=find step=0.25ms target=47000 duration=15s trial=3 attempt=1
[2026-02-25 03:42:36] Eval 6 result: target=47000 avg_thr=46627.2944 median_lat_us=12884.5591 pass=true status=ok
[2026-02-25 03:42:36] Eval 7: phase=find target=54500 trials=3 duration=15s
[2026-02-25 03:42:36] Benchmark run: phase=find step=0.25ms target=54500 duration=15s trial=1 attempt=1
[2026-02-25 03:43:21] Benchmark run: phase=find step=0.25ms target=54500 duration=15s trial=2 attempt=1
[2026-02-25 03:44:06] Benchmark run: phase=find step=0.25ms target=54500 duration=15s trial=3 attempt=1
[2026-02-25 03:44:51] Eval 7 result: target=54500 avg_thr=54398.3569 median_lat_us=778029.8025 pass=false status=ok
[2026-02-25 03:44:51] Eval 8: phase=find target=50500 trials=3 duration=15s
[2026-02-25 03:44:51] Benchmark run: phase=find step=0.25ms target=50500 duration=15s trial=1 attempt=1
[2026-02-25 03:45:36] Benchmark run: phase=find step=0.25ms target=50500 duration=15s trial=2 attempt=1
[2026-02-25 03:46:19] Benchmark run: phase=find step=0.25ms target=50500 duration=15s trial=3 attempt=1
[2026-02-25 03:47:03] Eval 8 result: target=50500 avg_thr=51534.9111 median_lat_us=467075.0293 pass=false status=ok
[2026-02-25 03:47:03] Eval 9: phase=find target=48500 trials=3 duration=15s
[2026-02-25 03:47:03] Benchmark run: phase=find step=0.25ms target=48500 duration=15s trial=1 attempt=1
[2026-02-25 03:47:47] Benchmark run: phase=find step=0.25ms target=48500 duration=15s trial=2 attempt=1
[2026-02-25 03:48:30] Benchmark run: phase=find step=0.25ms target=48500 duration=15s trial=3 attempt=1
[2026-02-25 03:49:12] Eval 9 result: target=48500 avg_thr=48958.3583 median_lat_us=175103.7177 pass=false status=ok
[2026-02-25 03:49:12] Eval 10: phase=find target=47500 trials=3 duration=15s
[2026-02-25 03:49:12] Benchmark run: phase=find step=0.25ms target=47500 duration=15s trial=1 attempt=1
[2026-02-25 03:49:53] Benchmark run: phase=find step=0.25ms target=47500 duration=15s trial=2 attempt=1
[2026-02-25 03:50:34] Benchmark run: phase=find step=0.25ms target=47500 duration=15s trial=3 attempt=1
[2026-02-25 03:51:15] Eval 10 result: target=47500 avg_thr=46625.7347 median_lat_us=20655.9245 pass=true status=ok
[2026-02-25 03:51:15] Eval 11: phase=find target=48000 trials=3 duration=15s
[2026-02-25 03:51:15] Benchmark run: phase=find step=0.25ms target=48000 duration=15s trial=1 attempt=1
[2026-02-25 03:51:58] Benchmark run: phase=find step=0.25ms target=48000 duration=15s trial=2 attempt=1
[2026-02-25 03:52:40] Benchmark run: phase=find step=0.25ms target=48000 duration=15s trial=3 attempt=1
[2026-02-25 03:53:23] Eval 11 result: target=48000 avg_thr=48957.9222 median_lat_us=36422.9148 pass=false status=ok
[2026-02-25 03:53:23] Refining search upward: best_median_latency_us=20655.9245 is farther than 250us from target
[2026-02-25 03:53:23] Validating candidate throughput=47500 with 3 trial(s)
[2026-02-25 03:53:23] Eval 12: phase=validate target=47500 trials=3 duration=90s
[2026-02-25 03:53:23] Benchmark run: phase=validate step=0.25ms target=47500 duration=90s trial=1 attempt=1
[2026-02-25 03:54:51] Benchmark run: phase=validate step=0.25ms target=47500 duration=90s trial=2 attempt=1
[2026-02-25 03:56:19] Benchmark run: phase=validate step=0.25ms target=47500 duration=90s trial=3 attempt=1
[2026-02-25 03:57:47] Eval 12 result: target=47500 avg_thr=46880.7678 median_lat_us=17892.6467 pass=true status=ok
[2026-02-25 03:57:47] Validated median latency is still far below target, probing higher targets (max 6)
[2026-02-25 03:57:47] Eval 13: phase=validate_climb target=48000 trials=3 duration=90s
[2026-02-25 03:57:47] Benchmark run: phase=validate_climb step=0.25ms target=48000 duration=90s trial=1 attempt=1
[2026-02-25 03:59:21] Benchmark run: phase=validate_climb step=0.25ms target=48000 duration=90s trial=2 attempt=1
[2026-02-25 04:00:50] Benchmark run: phase=validate_climb step=0.25ms target=48000 duration=90s trial=3 attempt=1
[2026-02-25 04:02:19] Eval 13 result: target=48000 avg_thr=48780.4878 median_lat_us=894714.7853 pass=false status=ok
[2026-02-25 04:02:19] Search complete: slowdown_type=latency step=0.25ms max_target=47500 observed_throughput=46880.7678 observed_latency_us=17892.6467 validated=true
MAX_RESULT:47500,46880.7678,17892.6467,true
RESULTS:46880.7678,17892.6467
[2026-02-25 04:02:21] Completed step 0.25ms: max_target=47500, observed_thr=46880.7678, observed_lat_us=17892.6467, validated=true
[2026-02-25 04:02:21] Starting step 0.5ms for latency target 25ms
[2026-02-25 04:02:21] Restoring snapshot 'baseline' before step 0.5ms
[2026-02-25 04:04:11] Running mode=search, slowdown_type=latency, step=0.5ms, client_type=hybrid
[2026-02-25 04:04:13] Warming up cluster with 5 lightweight CQL probe(s) per node
[2026-02-25 04:04:24] Applying latency limit on ccl1.cyber.lab (cassandra-node-1): 0.5ms via ens18
[2026-02-25 04:04:27] Max-throughput binary search: step=0.5ms latency_target_ms=25 (latency_target_us=25000.0000) bounds=[2000,512000]
[2026-02-25 04:04:27] Eval 1: phase=find target=32000 trials=3 duration=15s
[2026-02-25 04:04:27] Benchmark run: phase=find step=0.5ms target=32000 duration=15s trial=1 attempt=1
[2026-02-25 04:05:13] Benchmark run: phase=find step=0.5ms target=32000 duration=15s trial=2 attempt=1
[2026-02-25 04:05:48] Benchmark run: phase=find step=0.5ms target=32000 duration=15s trial=3 attempt=1
[2026-02-25 04:06:24] Eval 1 result: target=32000 avg_thr=31585.3764 median_lat_us=9535.7533 pass=true status=ok
[2026-02-25 04:06:24] Eval 2: phase=find target=272000 trials=3 duration=15s
[2026-02-25 04:06:24] Benchmark run: phase=find step=0.5ms target=272000 duration=15s trial=1 attempt=1
[2026-02-25 04:07:51] Benchmark run: phase=find step=0.5ms target=272000 duration=15s trial=2 attempt=1
[2026-02-25 04:09:20] Benchmark run: phase=find step=0.5ms target=272000 duration=15s trial=3 attempt=1
[2026-02-25 04:10:52] Eval 2 result: target=272000 avg_thr=285714.2857 median_lat_us=17562508.7642 pass=false status=ok
[2026-02-25 04:10:52] Eval 3: phase=find target=152000 trials=3 duration=15s
[2026-02-25 04:10:52] Benchmark run: phase=find step=0.5ms target=152000 duration=15s trial=1 attempt=1
[2026-02-25 04:12:20] Benchmark run: phase=find step=0.5ms target=152000 duration=15s trial=2 attempt=1
[2026-02-25 04:13:53] Benchmark run: phase=find step=0.5ms target=152000 duration=15s trial=3 attempt=1
[2026-02-25 04:15:20] Eval 3 result: target=152000 avg_thr=153846.1795 median_lat_us=14052196.0825 pass=false status=ok
[2026-02-25 04:15:20] Eval 4: phase=find target=92000 trials=3 duration=15s
[2026-02-25 04:15:20] Benchmark run: phase=find step=0.5ms target=92000 duration=15s trial=1 attempt=1
[2026-02-25 04:16:30] Benchmark run: phase=find step=0.5ms target=92000 duration=15s trial=2 attempt=1
[2026-02-25 04:17:41] Benchmark run: phase=find step=0.5ms target=92000 duration=15s trial=3 attempt=1
[2026-02-25 04:19:00] Eval 4 result: target=92000 avg_thr=97914.7958 median_lat_us=8048504.0065 pass=false status=ok
[2026-02-25 04:19:00] Eval 5: phase=find target=62000 trials=3 duration=15s
[2026-02-25 04:19:00] Benchmark run: phase=find step=0.5ms target=62000 duration=15s trial=1 attempt=1
[2026-02-25 04:19:50] Benchmark run: phase=find step=0.5ms target=62000 duration=15s trial=2 attempt=1
[2026-02-25 04:20:42] Benchmark run: phase=find step=0.5ms target=62000 duration=15s trial=3 attempt=1
[2026-02-25 04:21:33] Eval 5 result: target=62000 avg_thr=59895.7056 median_lat_us=2495084.4773 pass=false status=ok
[2026-02-25 04:21:33] Eval 6: phase=find target=47000 trials=3 duration=15s
[2026-02-25 04:21:33] Benchmark run: phase=find step=0.5ms target=47000 duration=15s trial=1 attempt=1
[2026-02-25 04:22:15] Benchmark run: phase=find step=0.5ms target=47000 duration=15s trial=2 attempt=1
[2026-02-25 04:22:58] Benchmark run: phase=find step=0.5ms target=47000 duration=15s trial=3 attempt=1
[2026-02-25 04:23:40] Eval 6 result: target=47000 avg_thr=45634.9722 median_lat_us=723532.9638 pass=false status=ok
[2026-02-25 04:23:40] Eval 7: phase=find target=39500 trials=3 duration=15s
[2026-02-25 04:23:40] Benchmark run: phase=find step=0.5ms target=39500 duration=15s trial=1 attempt=1
[2026-02-25 04:24:18] Benchmark run: phase=find step=0.5ms target=39500 duration=15s trial=2 attempt=1
[2026-02-25 04:24:56] Benchmark run: phase=find step=0.5ms target=39500 duration=15s trial=3 attempt=1
[2026-02-25 04:25:34] Eval 7 result: target=39500 avg_thr=38333.4028 median_lat_us=12405.5454 pass=true status=ok
[2026-02-25 04:25:34] Eval 8: phase=find target=43000 trials=3 duration=15s
[2026-02-25 04:25:34] Benchmark run: phase=find step=0.5ms target=43000 duration=15s trial=1 attempt=1
[2026-02-25 04:26:13] Benchmark run: phase=find step=0.5ms target=43000 duration=15s trial=2 attempt=1
[2026-02-25 04:26:54] Benchmark run: phase=find step=0.5ms target=43000 duration=15s trial=3 attempt=1
[2026-02-25 04:27:33] Eval 8 result: target=43000 avg_thr=42571.4125 median_lat_us=3347.0876 pass=true status=ok
[2026-02-25 04:27:33] Eval 9: phase=find target=45000 trials=3 duration=15s
[2026-02-25 04:27:33] Benchmark run: phase=find step=0.5ms target=45000 duration=15s trial=1 attempt=1
[2026-02-25 04:28:14] Benchmark run: phase=find step=0.5ms target=45000 duration=15s trial=2 attempt=1
[2026-02-25 04:28:54] Benchmark run: phase=find step=0.5ms target=45000 duration=15s trial=3 attempt=1
[2026-02-25 04:29:34] Eval 9 result: target=45000 avg_thr=43561.1625 median_lat_us=108323.7125 pass=false status=ok
[2026-02-25 04:29:34] Eval 10: phase=find target=44000 trials=3 duration=15s
[2026-02-25 04:29:34] Benchmark run: phase=find step=0.5ms target=44000 duration=15s trial=1 attempt=1
[2026-02-25 04:30:14] Benchmark run: phase=find step=0.5ms target=44000 duration=15s trial=2 attempt=1
[2026-02-25 04:30:55] Benchmark run: phase=find step=0.5ms target=44000 duration=15s trial=3 attempt=1
[2026-02-25 04:31:36] Eval 10 result: target=44000 avg_thr=44506.9611 median_lat_us=51039.2992 pass=false status=ok
[2026-02-25 04:31:36] Eval 11: phase=find target=43500 trials=3 duration=15s
[2026-02-25 04:31:36] Benchmark run: phase=find step=0.5ms target=43500 duration=15s trial=1 attempt=1
[2026-02-25 04:32:17] Benchmark run: phase=find step=0.5ms target=43500 duration=15s trial=2 attempt=1
[2026-02-25 04:32:56] Benchmark run: phase=find step=0.5ms target=43500 duration=15s trial=3 attempt=1
[2026-02-25 04:33:37] Eval 11 result: target=43500 avg_thr=42614.3958 median_lat_us=22997.9826 pass=true status=ok
[2026-02-25 04:33:37] Refining search upward: best_median_latency_us=22997.9826 is farther than 250us from target
[2026-02-25 04:33:37] Validating candidate throughput=43500 with 3 trial(s)
[2026-02-25 04:33:37] Eval 12: phase=validate target=43500 trials=3 duration=90s
[2026-02-25 04:33:37] Benchmark run: phase=validate step=0.5ms target=43500 duration=90s trial=1 attempt=1
[2026-02-25 04:35:11] Benchmark run: phase=validate step=0.5ms target=43500 duration=90s trial=2 attempt=1
[2026-02-25 04:36:40] Benchmark run: phase=validate step=0.5ms target=43500 duration=90s trial=3 attempt=1
[2026-02-25 04:38:15] Eval 12 result: target=43500 avg_thr=45117.8451 median_lat_us=14128.5263 pass=true status=ok
[2026-02-25 04:38:15] Validated median latency is still far below target, probing higher targets (max 6)
[2026-02-25 04:38:15] Eval 13: phase=validate_climb target=44000 trials=3 duration=90s
[2026-02-25 04:38:15] Benchmark run: phase=validate_climb step=0.5ms target=44000 duration=90s trial=1 attempt=1
[2026-02-25 04:39:47] Benchmark run: phase=validate_climb step=0.5ms target=44000 duration=90s trial=2 attempt=1
[2026-02-25 04:41:22] Benchmark run: phase=validate_climb step=0.5ms target=44000 duration=90s trial=3 attempt=1
[2026-02-25 04:42:56] Eval 13 result: target=44000 avg_thr=44444.4518 median_lat_us=20260.0881 pass=true status=ok
[2026-02-25 04:42:56] Eval 14: phase=validate_climb target=44500 trials=3 duration=90s
[2026-02-25 04:42:56] Benchmark run: phase=validate_climb step=0.5ms target=44500 duration=90s trial=1 attempt=1
[2026-02-25 04:44:33] Benchmark run: phase=validate_climb step=0.5ms target=44500 duration=90s trial=2 attempt=1
[2026-02-25 04:46:05] Benchmark run: phase=validate_climb step=0.5ms target=44500 duration=90s trial=3 attempt=1
[2026-02-25 04:47:38] Eval 14 result: target=44500 avg_thr=44444.4518 median_lat_us=1985799.0808 pass=false status=ok
[2026-02-25 04:47:38] Search complete: slowdown_type=latency step=0.5ms max_target=44000 observed_throughput=44444.4518 observed_latency_us=20260.0881 validated=true
MAX_RESULT:44000,44444.4518,20260.0881,true
RESULTS:44444.4518,20260.0881
[2026-02-25 04:47:40] Completed step 0.5ms: max_target=44000, observed_thr=44444.4518, observed_lat_us=20260.0881, validated=true
[2026-02-25 04:47:40] Starting step 1ms for latency target 25ms
[2026-02-25 04:47:40] Restoring snapshot 'baseline' before step 1ms
[2026-02-25 04:49:30] Running mode=search, slowdown_type=latency, step=1ms, client_type=hybrid
[2026-02-25 04:49:32] Warming up cluster with 5 lightweight CQL probe(s) per node
[2026-02-25 04:49:42] Applying latency limit on ccl1.cyber.lab (cassandra-node-1): 1ms via ens18
[2026-02-25 04:49:46] Max-throughput binary search: step=1ms latency_target_ms=25 (latency_target_us=25000.0000) bounds=[2000,512000]
[2026-02-25 04:49:46] Eval 1: phase=find target=32000 trials=3 duration=15s
[2026-02-25 04:49:46] Benchmark run: phase=find step=1ms target=32000 duration=15s trial=1 attempt=1
[2026-02-25 04:50:30] Benchmark run: phase=find step=1ms target=32000 duration=15s trial=2 attempt=1
[2026-02-25 04:51:06] Benchmark run: phase=find step=1ms target=32000 duration=15s trial=3 attempt=1
[2026-02-25 04:51:41] Eval 1 result: target=32000 avg_thr=30914.4347 median_lat_us=10615.1184 pass=true status=ok
[2026-02-25 04:51:41] Eval 2: phase=find target=272000 trials=3 duration=15s
[2026-02-25 04:51:41] Benchmark run: phase=find step=1ms target=272000 duration=15s trial=1 attempt=1
[2026-02-25 04:53:16] Benchmark run: phase=find step=1ms target=272000 duration=15s trial=2 attempt=1
[2026-02-25 04:54:49] Benchmark run: phase=find step=1ms target=272000 duration=15s trial=3 attempt=1
[2026-02-25 04:56:16] Eval 2 result: target=272000 avg_thr=285714.2857 median_lat_us=19001201.0905 pass=false status=ok
[2026-02-25 04:56:16] Eval 3: phase=find target=152000 trials=3 duration=15s
[2026-02-25 04:56:16] Benchmark run: phase=find step=1ms target=152000 duration=15s trial=1 attempt=1
[2026-02-25 04:57:47] Benchmark run: phase=find step=1ms target=152000 duration=15s trial=2 attempt=1
[2026-02-25 04:59:15] Benchmark run: phase=find step=1ms target=152000 duration=15s trial=3 attempt=1
[2026-02-25 05:00:48] Eval 3 result: target=152000 avg_thr=153846.1538 median_lat_us=14907876.9865 pass=false status=ok
[2026-02-25 05:00:48] Eval 4: phase=find target=92000 trials=3 duration=15s
[2026-02-25 05:00:48] Benchmark run: phase=find step=1ms target=92000 duration=15s trial=1 attempt=1
[2026-02-25 05:02:02] Benchmark run: phase=find step=1ms target=92000 duration=15s trial=2 attempt=1
[2026-02-25 05:03:15] Benchmark run: phase=find step=1ms target=92000 duration=15s trial=3 attempt=1
[2026-02-25 05:04:37] Eval 4 result: target=92000 avg_thr=95833.6111 median_lat_us=10335978.4627 pass=false status=ok
[2026-02-25 05:04:37] Eval 5: phase=find target=62000 trials=3 duration=15s
[2026-02-25 05:04:37] Benchmark run: phase=find step=1ms target=62000 duration=15s trial=1 attempt=1
[2026-02-25 05:05:28] Benchmark run: phase=find step=1ms target=62000 duration=15s trial=2 attempt=1
[2026-02-25 05:06:19] Benchmark run: phase=find step=1ms target=62000 duration=15s trial=3 attempt=1
[2026-02-25 05:07:10] Eval 5 result: target=62000 avg_thr=61197.2611 median_lat_us=2580444.3044 pass=false status=ok
[2026-02-25 05:07:10] Eval 6: phase=find target=47000 trials=3 duration=15s
[2026-02-25 05:07:10] Benchmark run: phase=find step=1ms target=47000 duration=15s trial=1 attempt=1
[2026-02-25 05:07:51] Benchmark run: phase=find step=1ms target=47000 duration=15s trial=2 attempt=1
[2026-02-25 05:08:32] Benchmark run: phase=find step=1ms target=47000 duration=15s trial=3 attempt=1
[2026-02-25 05:09:15] Eval 6 result: target=47000 avg_thr=46626.6861 median_lat_us=156496.0149 pass=false status=ok
[2026-02-25 05:09:15] Eval 7: phase=find target=39500 trials=3 duration=15s
[2026-02-25 05:09:15] Benchmark run: phase=find step=1ms target=39500 duration=15s trial=1 attempt=1
[2026-02-25 05:09:53] Benchmark run: phase=find step=1ms target=39500 duration=15s trial=2 attempt=1
[2026-02-25 05:10:30] Benchmark run: phase=find step=1ms target=39500 duration=15s trial=3 attempt=1
[2026-02-25 05:11:08] Eval 7 result: target=39500 avg_thr=38333.9681 median_lat_us=14117.6262 pass=true status=ok
[2026-02-25 05:11:08] Eval 8: phase=find target=43000 trials=3 duration=15s
[2026-02-25 05:11:08] Benchmark run: phase=find step=1ms target=43000 duration=15s trial=1 attempt=1
[2026-02-25 05:11:48] Benchmark run: phase=find step=1ms target=43000 duration=15s trial=2 attempt=1
[2026-02-25 05:12:29] Benchmark run: phase=find step=1ms target=43000 duration=15s trial=3 attempt=1
[2026-02-25 05:13:09] Eval 8 result: target=43000 avg_thr=42571.7347 median_lat_us=17001.6636 pass=true status=ok
[2026-02-25 05:13:09] Eval 9: phase=find target=45000 trials=3 duration=15s
[2026-02-25 05:13:09] Benchmark run: phase=find step=1ms target=45000 duration=15s trial=1 attempt=1
[2026-02-25 05:13:51] Benchmark run: phase=find step=1ms target=45000 duration=15s trial=2 attempt=1
[2026-02-25 05:14:32] Benchmark run: phase=find step=1ms target=45000 duration=15s trial=3 attempt=1
[2026-02-25 05:15:12] Eval 9 result: target=45000 avg_thr=43560.5000 median_lat_us=335844.6202 pass=false status=ok
[2026-02-25 05:15:12] Eval 10: phase=find target=44000 trials=3 duration=15s
[2026-02-25 05:15:12] Benchmark run: phase=find step=1ms target=44000 duration=15s trial=1 attempt=1
[2026-02-25 05:15:52] Benchmark run: phase=find step=1ms target=44000 duration=15s trial=2 attempt=1
[2026-02-25 05:16:33] Benchmark run: phase=find step=1ms target=44000 duration=15s trial=3 attempt=1
[2026-02-25 05:17:13] Eval 10 result: target=44000 avg_thr=44506.4583 median_lat_us=151801.4061 pass=false status=ok
[2026-02-25 05:17:13] Eval 11: phase=find target=43500 trials=3 duration=15s
[2026-02-25 05:17:13] Benchmark run: phase=find step=1ms target=43500 duration=15s trial=1 attempt=1
[2026-02-25 05:17:54] Benchmark run: phase=find step=1ms target=43500 duration=15s trial=2 attempt=1
[2026-02-25 05:18:35] Benchmark run: phase=find step=1ms target=43500 duration=15s trial=3 attempt=1
[2026-02-25 05:19:15] Eval 11 result: target=43500 avg_thr=43561.0236 median_lat_us=74539.9798 pass=false status=ok
[2026-02-25 05:19:15] Refining search upward: best_median_latency_us=17001.6636 is farther than 250us from target
[2026-02-25 05:19:15] Validating candidate throughput=43000 with 3 trial(s)
[2026-02-25 05:19:15] Eval 12: phase=validate target=43000 trials=3 duration=90s
[2026-02-25 05:19:15] Benchmark run: phase=validate step=1ms target=43000 duration=90s trial=1 attempt=1
[2026-02-25 05:20:47] Benchmark run: phase=validate step=1ms target=43000 duration=90s trial=2 attempt=1
[2026-02-25 05:22:17] Benchmark run: phase=validate step=1ms target=43000 duration=90s trial=3 attempt=1
[2026-02-25 05:23:48] Eval 12 result: target=43000 avg_thr=42553.1986 median_lat_us=15297.8062 pass=true status=ok
[2026-02-25 05:23:48] Validated median latency is still far below target, probing higher targets (max 6)
[2026-02-25 05:23:48] Eval 13: phase=validate_climb target=43500 trials=3 duration=90s
[2026-02-25 05:23:48] Benchmark run: phase=validate_climb step=1ms target=43500 duration=90s trial=1 attempt=1
[2026-02-25 05:25:21] Benchmark run: phase=validate_climb step=1ms target=43500 duration=90s trial=2 attempt=1
[2026-02-25 05:26:51] Benchmark run: phase=validate_climb step=1ms target=43500 duration=90s trial=3 attempt=1
[2026-02-25 05:28:26] Eval 13 result: target=43500 avg_thr=44444.4518 median_lat_us=2026270.9395 pass=false status=ok
[2026-02-25 05:28:26] Search complete: slowdown_type=latency step=1ms max_target=43000 observed_throughput=42553.1986 observed_latency_us=15297.8062 validated=true
MAX_RESULT:43000,42553.1986,15297.8062,true
RESULTS:42553.1986,15297.8062
[2026-02-25 05:28:28] Completed step 1ms: max_target=43000, observed_thr=42553.1986, observed_lat_us=15297.8062, validated=true
[2026-02-25 05:28:28] Starting step 5ms for latency target 25ms
[2026-02-25 05:28:28] Restoring snapshot 'baseline' before step 5ms
[2026-02-25 05:30:21] Running mode=search, slowdown_type=latency, step=5ms, client_type=hybrid
[2026-02-25 05:30:23] Warming up cluster with 5 lightweight CQL probe(s) per node
[2026-02-25 05:30:33] Applying latency limit on ccl1.cyber.lab (cassandra-node-1): 5ms via ens18
[2026-02-25 05:30:37] Max-throughput binary search: step=5ms latency_target_ms=25 (latency_target_us=25000.0000) bounds=[2000,512000]
[2026-02-25 05:30:37] Eval 1: phase=find target=32000 trials=3 duration=15s
[2026-02-25 05:30:37] Benchmark run: phase=find step=5ms target=32000 duration=15s trial=1 attempt=1
[2026-02-25 05:31:23] Benchmark run: phase=find step=5ms target=32000 duration=15s trial=2 attempt=1
[2026-02-25 05:31:59] Benchmark run: phase=find step=5ms target=32000 duration=15s trial=3 attempt=1
[2026-02-25 05:32:34] Eval 1 result: target=32000 avg_thr=30913.8389 median_lat_us=21251.7185 pass=true status=ok
[2026-02-25 05:32:34] Eval 2: phase=find target=272000 trials=3 duration=15s
[2026-02-25 05:32:34] Benchmark run: phase=find step=5ms target=272000 duration=15s trial=1 attempt=1
[2026-02-25 05:34:09] Benchmark run: phase=find step=5ms target=272000 duration=15s trial=2 attempt=1
[2026-02-25 05:35:41] Benchmark run: phase=find step=5ms target=272000 duration=15s trial=3 attempt=1
[2026-02-25 05:37:19] Eval 2 result: target=272000 avg_thr=285714.2857 median_lat_us=21420394.8850 pass=false status=ok
[2026-02-25 05:37:19] Eval 3: phase=find target=152000 trials=3 duration=15s
[2026-02-25 05:37:19] Benchmark run: phase=find step=5ms target=152000 duration=15s trial=1 attempt=1
[2026-02-25 05:39:00] Benchmark run: phase=find step=5ms target=152000 duration=15s trial=2 attempt=1
[2026-02-25 05:40:37] Benchmark run: phase=find step=5ms target=152000 duration=15s trial=3 attempt=1
[2026-02-25 05:42:18] Eval 3 result: target=152000 avg_thr=153846.1538 median_lat_us=19192537.5463 pass=false status=ok
[2026-02-25 05:42:18] Eval 4: phase=find target=92000 trials=3 duration=15s
[2026-02-25 05:42:18] Benchmark run: phase=find step=5ms target=92000 duration=15s trial=1 attempt=1
[2026-02-25 05:43:34] Benchmark run: phase=find step=5ms target=92000 duration=15s trial=2 attempt=1
[2026-02-25 05:44:49] Benchmark run: phase=find step=5ms target=92000 duration=15s trial=3 attempt=1
[2026-02-25 05:46:13] Eval 4 result: target=92000 avg_thr=95834.0833 median_lat_us=10790604.6033 pass=false status=ok
[2026-02-25 05:46:13] Eval 5: phase=find target=62000 trials=3 duration=15s
[2026-02-25 05:46:13] Benchmark run: phase=find step=5ms target=62000 duration=15s trial=1 attempt=1
[2026-02-25 05:47:05] Benchmark run: phase=find step=5ms target=62000 duration=15s trial=2 attempt=1
[2026-02-25 05:47:57] Benchmark run: phase=find step=5ms target=62000 duration=15s trial=3 attempt=1
[2026-02-25 05:48:49] Eval 5 result: target=62000 avg_thr=58595.0833 median_lat_us=4461997.0410 pass=false status=ok
[2026-02-25 05:48:49] Eval 6: phase=find target=47000 trials=3 duration=15s
[2026-02-25 05:48:49] Benchmark run: phase=find step=5ms target=47000 duration=15s trial=1 attempt=1
[2026-02-25 05:49:35] Benchmark run: phase=find step=5ms target=47000 duration=15s trial=2 attempt=1
[2026-02-25 05:50:20] Benchmark run: phase=find step=5ms target=47000 duration=15s trial=3 attempt=1
[2026-02-25 05:51:03] Eval 6 result: target=47000 avg_thr=47617.9778 median_lat_us=1464809.3834 pass=false status=ok
[2026-02-25 05:51:03] Eval 7: phase=find target=39500 trials=3 duration=15s
[2026-02-25 05:51:03] Benchmark run: phase=find step=5ms target=39500 duration=15s trial=1 attempt=1
[2026-02-25 05:51:43] Benchmark run: phase=find step=5ms target=39500 duration=15s trial=2 attempt=1
[2026-02-25 05:52:22] Benchmark run: phase=find step=5ms target=39500 duration=15s trial=3 attempt=1
[2026-02-25 05:53:00] Eval 7 result: target=39500 avg_thr=39998.3778 median_lat_us=53699.5047 pass=false status=ok
[2026-02-25 05:53:00] Eval 8: phase=find target=35500 trials=3 duration=15s
[2026-02-25 05:53:00] Benchmark run: phase=find step=5ms target=35500 duration=15s trial=1 attempt=1
[2026-02-25 05:53:37] Benchmark run: phase=find step=5ms target=35500 duration=15s trial=2 attempt=1
[2026-02-25 05:54:13] Benchmark run: phase=find step=5ms target=35500 duration=15s trial=3 attempt=1
[2026-02-25 05:54:50] Eval 8 result: target=35500 avg_thr=35712.4889 median_lat_us=9086.1464 pass=true status=ok
[2026-02-25 05:54:50] Eval 9: phase=find target=37500 trials=3 duration=15s
[2026-02-25 05:54:50] Benchmark run: phase=find step=5ms target=37500 duration=15s trial=1 attempt=1
[2026-02-25 05:55:29] Benchmark run: phase=find step=5ms target=37500 duration=15s trial=2 attempt=1
[2026-02-25 05:56:07] Benchmark run: phase=find step=5ms target=37500 duration=15s trial=3 attempt=1
[2026-02-25 05:56:45] Eval 9 result: target=37500 avg_thr=36859.6514 median_lat_us=131110.7259 pass=false status=ok
[2026-02-25 05:56:45] Eval 10: phase=find target=36500 trials=3 duration=15s
[2026-02-25 05:56:45] Benchmark run: phase=find step=5ms target=36500 duration=15s trial=1 attempt=1
[2026-02-25 05:57:23] Benchmark run: phase=find step=5ms target=36500 duration=15s trial=2 attempt=1
[2026-02-25 05:58:01] Benchmark run: phase=find step=5ms target=36500 duration=15s trial=3 attempt=1
[2026-02-25 05:58:38] Eval 10 result: target=36500 avg_thr=35494.0306 median_lat_us=14715.9157 pass=true status=ok
[2026-02-25 05:58:38] Eval 11: phase=find target=37000 trials=3 duration=15s
[2026-02-25 05:58:38] Benchmark run: phase=find step=5ms target=37000 duration=15s trial=1 attempt=1
[2026-02-25 05:59:15] Benchmark run: phase=find step=5ms target=37000 duration=15s trial=2 attempt=1
[2026-02-25 05:59:52] Benchmark run: phase=find step=5ms target=37000 duration=15s trial=3 attempt=1
[2026-02-25 06:00:29] Eval 11 result: target=37000 avg_thr=36264.4403 median_lat_us=27642.7593 pass=false status=ok
[2026-02-25 06:00:29] Refining search upward: best_median_latency_us=14715.9157 is farther than 250us from target
[2026-02-25 06:00:29] Validating candidate throughput=36500 with 3 trial(s)
[2026-02-25 06:00:29] Eval 12: phase=validate target=36500 trials=3 duration=90s
[2026-02-25 06:00:29] Benchmark run: phase=validate step=5ms target=36500 duration=90s trial=1 attempt=1
[2026-02-25 06:02:12] Benchmark run: phase=validate step=5ms target=36500 duration=90s trial=2 attempt=1
[2026-02-25 06:03:52] Benchmark run: phase=validate step=5ms target=36500 duration=90s trial=3 attempt=1
[2026-02-25 06:05:32] Eval 12 result: target=36500 avg_thr=37037.0370 median_lat_us=9885.7673 pass=true status=ok
[2026-02-25 06:05:32] Validated median latency is still far below target, probing higher targets (max 6)
[2026-02-25 06:05:32] Eval 13: phase=validate_climb target=37000 trials=3 duration=90s
[2026-02-25 06:05:32] Benchmark run: phase=validate_climb step=5ms target=37000 duration=90s trial=1 attempt=1
[2026-02-25 06:07:14] Benchmark run: phase=validate_climb step=5ms target=37000 duration=90s trial=2 attempt=1
[2026-02-25 06:08:52] Benchmark run: phase=validate_climb step=5ms target=37000 duration=90s trial=3 attempt=1
[2026-02-25 06:10:35] Eval 13 result: target=37000 avg_thr=36812.5701 median_lat_us=33167.6567 pass=false status=ok
[2026-02-25 06:10:35] Search complete: slowdown_type=latency step=5ms max_target=36500 observed_throughput=37037.0370 observed_latency_us=9885.7673 validated=true
MAX_RESULT:36500,37037.0370,9885.7673,true
RESULTS:37037.0370,9885.7673
[2026-02-25 06:10:37] Completed step 5ms: max_target=36500, observed_thr=37037.0370, observed_lat_us=9885.7673, validated=true
[2026-02-25 06:10:37] Done. Summary: /home/egp1042/Documents/CodingProjects/unh-bench-scripts/out/max_latency_target_25/network_latency_summary.csv
