[2026-02-28 18:22:02] Slowdown-profile using per-step throughput targets (0.25ms=48000,0.5ms=44000,1ms=42000,5ms=38000); skipping baseline find/validate
[2026-02-28 18:22:02] Slowdown-profile mode=network_latency, latency_target=25ms, baseline_target=skipped, fixed_target=per-step, factor=0.8, trials=5, duration=60s, steps=0.25ms 0.5ms 1ms 5ms
[2026-02-28 18:22:02] Starting slowdown-profile step 0.25ms: target throughput 48000 ops/s, trials=5, duration=60s
[2026-02-28 18:22:02] Restoring snapshot 'baseline' before step 0.25ms
[2026-02-28 18:23:51] Running mode=single, slowdown_type=latency, step=0.25ms, client_type=hybrid
[2026-02-28 18:23:53] Warming up cluster with 5 lightweight CQL probe(s) per node
[2026-02-28 18:24:04] Applying latency limit on ccl1.cyber.lab (cassandra-node-1): 0.25ms via ens18
[2026-02-28 18:24:07] Eval 1: phase=single target=48000 trials=5 duration=60s
[2026-02-28 18:24:07] Benchmark run: phase=single step=0.25ms target=48000 duration=60s trial=1 attempt=1
TRIAL_SERIES:single,48000,1,1,49986.0000,1336898.4369,1396218.5000
TRIAL_SERIES:single,48000,1,2,50013.0000,3353722.0546,3367146.0000
TRIAL_SERIES:single,48000,1,3,49993.0000,5179938.4499,5183663.0000
TRIAL_SERIES:single,48000,1,4,50007.0000,6854036.0894,6860769.0000
TRIAL_SERIES:single,48000,1,5,49999.0000,8569891.2495,8569773.0000
TRIAL_SERIES:single,48000,1,6,50001.0000,10193686.3461,10226303.0000
TRIAL_SERIES:single,48000,1,7,49994.0000,11418738.5287,11416952.5000
TRIAL_SERIES:single,48000,1,8,49998.0000,12468140.2932,12489366.5000
TRIAL_SERIES:single,48000,1,9,50009.0000,13357985.2565,13356008.0000
TRIAL_SERIES:single,48000,1,10,49998.0000,14141513.2692,14146681.5000
TRIAL_SERIES:single,48000,1,11,50000.0000,14808133.2076,14804074.0000
TRIAL_SERIES:single,48000,1,12,50000.0000,15395654.1106,15402542.0000
TRIAL_SERIES:single,48000,1,13,49985.0000,15945237.6974,15956224.0000
TRIAL_SERIES:single,48000,1,14,49975.0000,16429338.5626,16426679.0000
TRIAL_SERIES:single,48000,1,15,50040.0000,16887458.2432,16885187.0000
TRIAL_SERIES:single,48000,1,16,50001.0000,17315194.6649,17326074.0000
TRIAL_SERIES:single,48000,1,17,50000.0000,17688915.7039,17678742.0000
TRIAL_SERIES:single,48000,1,18,50000.0000,18077215.5244,18075473.0000
TRIAL_SERIES:single,48000,1,19,50001.0000,18574733.0809,18633104.0000
TRIAL_SERIES:single,48000,1,20,49982.0000,18865159.9482,18859116.5000
TRIAL_SERIES:single,48000,1,21,50017.0000,19058769.3334,19058355.0000
TRIAL_SERIES:single,48000,1,22,49999.0000,19229033.5060,19231611.0000
TRIAL_SERIES:single,48000,1,23,50002.0000,19397465.4707,19407889.5000
TRIAL_SERIES:single,48000,1,24,49994.0000,19531657.9671,19539661.0000
TRIAL_SERIES:single,48000,1,25,50005.0000,19659217.0219,19663911.0000
TRIAL_SERIES:single,48000,1,26,50000.0000,19766995.4485,19767822.5000
TRIAL_SERIES:single,48000,1,27,50001.0000,19898102.2889,19879750.0000
TRIAL_SERIES:single,48000,1,28,49991.0000,20181668.3209,20186768.0000
TRIAL_SERIES:single,48000,1,29,50008.0000,20262669.7018,20195107.5000
TRIAL_SERIES:single,48000,1,30,49996.0000,20398082.6776,20403910.0000
TRIAL_SERIES:single,48000,1,31,49994.0000,20339390.4969,20335547.0000
TRIAL_SERIES:single,48000,1,32,50010.0000,20305425.7173,20307518.5000
TRIAL_SERIES:single,48000,1,33,49999.0000,20262399.2632,20260317.0000
TRIAL_SERIES:single,48000,1,34,50002.0000,20206388.4005,20203657.0000
TRIAL_SERIES:single,48000,1,35,49995.0000,20136626.2442,20136411.0000
TRIAL_SERIES:single,48000,1,36,50003.0000,20023952.2868,20021850.0000
TRIAL_SERIES:single,48000,1,37,50001.0000,19903169.1610,19896408.0000
TRIAL_SERIES:single,48000,1,38,50001.0000,19863276.1613,19862502.0000
TRIAL_SERIES:single,48000,1,39,49998.0000,19788440.9788,19791514.5000
TRIAL_SERIES:single,48000,1,40,50001.0000,19681897.5428,19683045.0000
TRIAL_SERIES:single,48000,1,41,49998.0000,19584191.9590,19583906.5000
TRIAL_SERIES:single,48000,1,42,50002.0000,19591058.2136,19601661.5000
TRIAL_SERIES:single,48000,1,43,50001.0000,19511434.8358,19509871.0000
TRIAL_SERIES:single,48000,1,44,49999.0000,19468778.5094,19469060.0000
TRIAL_SERIES:single,48000,1,45,50000.0000,19453748.3279,19452958.5000
TRIAL_SERIES:single,48000,1,46,50001.0000,19374766.2125,19379923.0000
TRIAL_SERIES:single,48000,1,47,49995.0000,19273106.6645,19270464.0000
TRIAL_SERIES:single,48000,1,48,50003.0000,19173951.0841,19173931.0000
TRIAL_SERIES:single,48000,1,49,49982.0000,19072353.6439,19070140.0000
TRIAL_SERIES:single,48000,1,50,50019.0000,18969581.3125,18971074.0000
TRIAL_SERIES:single,48000,1,51,50001.0000,18886940.1238,18885412.0000
TRIAL_SERIES:single,48000,1,52,50000.0000,18825379.7035,18828483.0000
TRIAL_SERIES:single,48000,1,53,49999.0000,18742148.7478,18744279.0000
TRIAL_SERIES:single,48000,1,54,49999.0000,18662217.4265,18662696.0000
TRIAL_SERIES:single,48000,1,55,50002.0000,18581941.1581,18584932.5000
TRIAL_SERIES:single,48000,1,56,50000.0000,18508794.1860,18519526.5000
TRIAL_SERIES:single,48000,1,57,49996.0000,18402615.3452,18402717.0000
TRIAL_SERIES:single,48000,1,58,50002.0000,18317294.5576,18320081.0000
TRIAL_SERIES:single,48000,1,59,50000.0000,18270678.9908,18262255.0000
TRIAL_SERIES:single,48000,1,60,49997.0000,18292213.5307,18290832.0000
TRIAL_SERIES:single,48000,1,61,17.0000,18254284.7059,18254149.0000
TRIAL_SERIES:single,48000,1,62,0.0000,0.0000,0.0000
TRIAL_SERIES:single,48000,1,63,0.0000,0.0000,0.0000
TRIAL_SERIES:single,48000,1,64,0.0000,0.0000,0.0000
TRIAL_SERIES:single,48000,1,65,0.0000,0.0000,0.0000
TRIAL_SERIES:single,48000,1,66,0.0000,0.0000,0.0000
TRIAL_SERIES:single,48000,1,67,0.0000,0.0000,0.0000
TRIAL_SERIES:single,48000,1,68,0.0000,0.0000,0.0000
TRIAL_SERIES:single,48000,1,69,0.0000,0.0000,0.0000
TRIAL_SERIES:single,48000,1,70,0.0000,0.0000,0.0000
TRIAL_SERIES:single,48000,1,71,0.0000,0.0000,0.0000
TRIAL_SERIES:single,48000,1,72,0.0000,0.0000,0.0000
TRIAL_SERIES:single,48000,1,73,0.0000,0.0000,0.0000
TRIAL_SERIES:single,48000,1,74,0.0000,0.0000,0.0000
TRIAL_SERIES:single,48000,1,75,0.0000,0.0000,0.0000
TRIAL_SERIES:single,48000,1,76,0.0000,0.0000,0.0000
TRIAL_SERIES:single,48000,1,77,0.0000,0.0000,0.0000
TRIAL_SERIES:single,48000,1,78,0.0000,0.0000,0.0000
TRIAL_SERIES:single,48000,1,79,0.0000,0.0000,0.0000
TRIAL_RESULT:single,48000,1,49180.5246,18938845.0000,17228693.7437,18938845.0000,20403204.0000
[2026-02-28 18:27:10] Benchmark run: phase=single step=0.25ms target=48000 duration=60s trial=2 attempt=1
TRIAL_SERIES:single,48000,2,1,49998.0000,42438.3534,49957.5000
TRIAL_SERIES:single,48000,2,2,50001.0000,211923.5891,252408.0000
TRIAL_SERIES:single,48000,2,3,49990.0000,227167.9722,225509.0000
TRIAL_SERIES:single,48000,2,4,50009.0000,196355.6421,197735.0000
TRIAL_SERIES:single,48000,2,5,50002.0000,168907.7818,168947.0000
TRIAL_SERIES:single,48000,2,6,49997.0000,136657.4211,138345.0000
TRIAL_SERIES:single,48000,2,7,50001.0000,129124.1304,129679.0000
TRIAL_SERIES:single,48000,2,8,49998.0000,105079.3789,104551.0000
TRIAL_SERIES:single,48000,2,9,50004.0000,78714.7205,76354.0000
TRIAL_SERIES:single,48000,2,10,50000.0000,135241.3095,129151.5000
TRIAL_SERIES:single,48000,2,11,49999.0000,183598.1608,182042.0000
TRIAL_SERIES:single,48000,2,12,49999.0000,169552.2830,168551.0000
TRIAL_SERIES:single,48000,2,13,50002.0000,159950.1449,163826.0000
TRIAL_SERIES:single,48000,2,14,49999.0000,141683.9699,138139.0000
TRIAL_SERIES:single,48000,2,15,50001.0000,159450.6917,155761.0000
TRIAL_SERIES:single,48000,2,16,49998.0000,140582.0794,141099.0000
TRIAL_SERIES:single,48000,2,17,50002.0000,133283.8307,135070.5000
TRIAL_SERIES:single,48000,2,18,50000.0000,101145.7191,102225.5000
TRIAL_SERIES:single,48000,2,19,49999.0000,65265.9559,64727.0000
TRIAL_SERIES:single,48000,2,20,49998.0000,32648.8422,32817.5000
TRIAL_SERIES:single,48000,2,21,50002.0000,11469.0691,8707.0000
TRIAL_SERIES:single,48000,2,22,50000.0000,6254.2947,4198.5000
TRIAL_SERIES:single,48000,2,23,50001.0000,3800.4915,3343.0000
TRIAL_SERIES:single,48000,2,24,50000.0000,3029.8383,2761.0000
TRIAL_SERIES:single,48000,2,25,50000.0000,53367.3632,7331.5000
TRIAL_SERIES:single,48000,2,26,49996.0000,91428.9803,91817.0000
TRIAL_SERIES:single,48000,2,27,50002.0000,75116.5254,76537.5000
TRIAL_SERIES:single,48000,2,28,50001.0000,31220.8074,28332.0000
TRIAL_SERIES:single,48000,2,29,49997.0000,42768.9076,14342.0000
TRIAL_SERIES:single,48000,2,30,50003.0000,172985.3462,173109.0000
TRIAL_SERIES:single,48000,2,31,49998.0000,148831.7981,150956.0000
TRIAL_SERIES:single,48000,2,32,50003.0000,107840.9261,106952.0000
TRIAL_SERIES:single,48000,2,33,49996.0000,56313.2855,56488.5000
TRIAL_SERIES:single,48000,2,34,50003.0000,32562.6258,34208.0000
TRIAL_SERIES:single,48000,2,35,50000.0000,5251.4774,3992.0000
TRIAL_SERIES:single,48000,2,36,50001.0000,3623.3996,3246.0000
TRIAL_SERIES:single,48000,2,37,50000.0000,151051.3700,214274.5000
TRIAL_SERIES:single,48000,2,38,49999.0000,202966.5183,202556.0000
TRIAL_SERIES:single,48000,2,39,50000.0000,170186.5927,170568.0000
TRIAL_SERIES:single,48000,2,40,50000.0000,137220.2445,138128.0000
TRIAL_SERIES:single,48000,2,41,49992.0000,139558.2117,139531.0000
TRIAL_SERIES:single,48000,2,42,50007.0000,109031.6440,110995.0000
TRIAL_SERIES:single,48000,2,43,50001.0000,67140.6520,67107.0000
TRIAL_SERIES:single,48000,2,44,50001.0000,28395.9602,31244.0000
TRIAL_SERIES:single,48000,2,45,50000.0000,3901.8100,2926.0000
TRIAL_SERIES:single,48000,2,46,50000.0000,3870.9564,3487.0000
TRIAL_SERIES:single,48000,2,47,50000.0000,7877.1628,5358.0000
TRIAL_SERIES:single,48000,2,48,49998.0000,22454.1636,3549.0000
TRIAL_SERIES:single,48000,2,49,50002.0000,99619.6712,104619.5000
TRIAL_SERIES:single,48000,2,50,50000.0000,70752.0778,71906.0000
TRIAL_SERIES:single,48000,2,51,49998.0000,62375.5709,62234.5000
TRIAL_SERIES:single,48000,2,52,50002.0000,72912.2915,71881.0000
TRIAL_SERIES:single,48000,2,53,50000.0000,73005.0280,73671.5000
TRIAL_SERIES:single,48000,2,54,49995.0000,45693.9211,46659.0000
TRIAL_SERIES:single,48000,2,55,50005.0000,13652.9782,13386.0000
TRIAL_SERIES:single,48000,2,56,49999.0000,4281.9190,3611.0000
TRIAL_SERIES:single,48000,2,57,50000.0000,6327.0501,5208.0000
TRIAL_SERIES:single,48000,2,58,49997.0000,6374.8365,4376.0000
TRIAL_SERIES:single,48000,2,59,50002.0000,19072.4285,4723.0000
TRIAL_SERIES:single,48000,2,60,50002.0000,123974.4391,117924.0000
TRIAL_SERIES:single,48000,2,61,2.0000,145208.5000,145208.5000
TRIAL_RESULT:single,48000,2,49180.3607,77947.0000,86772.1411,77947.0000,249981.0000
[2026-02-28 18:29:50] Benchmark run: phase=single step=0.25ms target=48000 duration=60s trial=3 attempt=1
TRIAL_SERIES:single,48000,3,1,50000.0000,156969.0248,160919.5000
TRIAL_SERIES:single,48000,3,2,49999.0000,365591.7259,364719.0000
TRIAL_SERIES:single,48000,3,3,50000.0000,480720.2395,483109.0000
TRIAL_SERIES:single,48000,3,4,49998.0000,584186.9256,583962.5000
TRIAL_SERIES:single,48000,3,5,50002.0000,681832.7921,683004.0000
TRIAL_SERIES:single,48000,3,6,50001.0000,754575.7884,754713.0000
TRIAL_SERIES:single,48000,3,7,49996.0000,839414.5210,841956.0000
TRIAL_SERIES:single,48000,3,8,50003.0000,935223.5877,929686.0000
TRIAL_SERIES:single,48000,3,9,49995.0000,1088501.6536,1038524.0000
TRIAL_SERIES:single,48000,3,10,50005.0000,1277728.9116,1277844.0000
TRIAL_SERIES:single,48000,3,11,49999.0000,1355757.1364,1353531.0000
TRIAL_SERIES:single,48000,3,12,50002.0000,1449292.6903,1455554.5000
TRIAL_SERIES:single,48000,3,13,49999.0000,1591788.8444,1559152.0000
TRIAL_SERIES:single,48000,3,14,50001.0000,1842808.8523,1807966.0000
TRIAL_SERIES:single,48000,3,15,49999.0000,2062291.1953,2054313.0000
TRIAL_SERIES:single,48000,3,16,50000.0000,2209814.5552,2211789.0000
TRIAL_SERIES:single,48000,3,17,49999.0000,2247920.3077,2247272.0000
TRIAL_SERIES:single,48000,3,18,50002.0000,2220255.5369,2218667.0000
TRIAL_SERIES:single,48000,3,19,49996.0000,2184154.4816,2184458.5000
TRIAL_SERIES:single,48000,3,20,50001.0000,2126083.6496,2128503.0000
TRIAL_SERIES:single,48000,3,21,50002.0000,2076258.3254,2078292.0000
TRIAL_SERIES:single,48000,3,22,50001.0000,2028691.3420,2027801.0000
TRIAL_SERIES:single,48000,3,23,49998.0000,1970084.1028,1966757.5000
TRIAL_SERIES:single,48000,3,24,50002.0000,1913368.3181,1912156.5000
TRIAL_SERIES:single,48000,3,25,50000.0000,1870233.0408,1870019.5000
TRIAL_SERIES:single,48000,3,26,49994.0000,1953091.1838,1964084.5000
TRIAL_SERIES:single,48000,3,27,49965.0000,1917926.9774,1918615.0000
TRIAL_SERIES:single,48000,3,28,50038.0000,1876802.4597,1879807.0000
TRIAL_SERIES:single,48000,3,29,50002.0000,1827653.4571,1824970.5000
TRIAL_SERIES:single,48000,3,30,49999.0000,1812871.8436,1813014.0000
TRIAL_SERIES:single,48000,3,31,50001.0000,1800461.8066,1800059.0000
TRIAL_SERIES:single,48000,3,32,50001.0000,1768490.0213,1769544.0000
TRIAL_SERIES:single,48000,3,33,50000.0000,1799921.5064,1811779.5000
TRIAL_SERIES:single,48000,3,34,49999.0000,1771009.0546,1768489.0000
TRIAL_SERIES:single,48000,3,35,49993.0000,1719750.6133,1723185.0000
TRIAL_SERIES:single,48000,3,36,50007.0000,1678141.7672,1680063.0000
TRIAL_SERIES:single,48000,3,37,50001.0000,1628308.7662,1626162.0000
TRIAL_SERIES:single,48000,3,38,49999.0000,1562441.5490,1560212.0000
TRIAL_SERIES:single,48000,3,39,50000.0000,1519467.8247,1517638.0000
TRIAL_SERIES:single,48000,3,40,50000.0000,1467248.9463,1465402.0000
TRIAL_SERIES:single,48000,3,41,50000.0000,1409012.5029,1408968.5000
TRIAL_SERIES:single,48000,3,42,50000.0000,1350894.5729,1346576.0000
TRIAL_SERIES:single,48000,3,43,49999.0000,1312078.5313,1311014.0000
TRIAL_SERIES:single,48000,3,44,50002.0000,1293901.9834,1294755.5000
TRIAL_SERIES:single,48000,3,45,50000.0000,1270282.9332,1269064.0000
TRIAL_SERIES:single,48000,3,46,49995.0000,1222575.6042,1220252.0000
TRIAL_SERIES:single,48000,3,47,50005.0000,1206248.5900,1205352.0000
TRIAL_SERIES:single,48000,3,48,49997.0000,1161243.5010,1159671.0000
TRIAL_SERIES:single,48000,3,49,50002.0000,1321361.9376,1354618.0000
TRIAL_SERIES:single,48000,3,50,50001.0000,1314415.2596,1315387.0000
TRIAL_SERIES:single,48000,3,51,49999.0000,1262158.5015,1258391.0000
TRIAL_SERIES:single,48000,3,52,50001.0000,1212230.6985,1209835.0000
TRIAL_SERIES:single,48000,3,53,49950.0000,1185271.0672,1180056.5000
TRIAL_SERIES:single,48000,3,54,50050.0000,1175215.8133,1176082.5000
TRIAL_SERIES:single,48000,3,55,49989.0000,1140148.8170,1141993.0000
TRIAL_SERIES:single,48000,3,56,50011.0000,1327681.7003,1347041.0000
TRIAL_SERIES:single,48000,3,57,49998.0000,1428198.9835,1432013.0000
TRIAL_SERIES:single,48000,3,58,50002.0000,1381800.1918,1381936.5000
TRIAL_SERIES:single,48000,3,59,49999.0000,1365395.0583,1364789.0000
TRIAL_SERIES:single,48000,3,60,49995.0000,1332887.3896,1330872.0000
TRIAL_SERIES:single,48000,3,61,26.0000,1318525.5769,1318461.0000
TRIAL_SERIES:single,48000,3,62,0.0000,0.0000,0.0000
TRIAL_RESULT:single,48000,3,49180.6557,1417821.0000,1468168.3896,1417821.0000,2249621.0000
[2026-02-28 18:32:35] Benchmark run: phase=single step=0.25ms target=48000 duration=60s trial=4 attempt=1
TRIAL_SERIES:single,48000,4,1,50000.0000,32643.9391,29166.5000
TRIAL_SERIES:single,48000,4,2,50000.0000,35428.4040,35292.5000
TRIAL_SERIES:single,48000,4,3,50000.0000,14541.0044,11144.0000
TRIAL_SERIES:single,48000,4,4,49998.0000,4644.6466,3552.0000
TRIAL_SERIES:single,48000,4,5,50002.0000,5576.4995,4477.0000
TRIAL_SERIES:single,48000,4,6,50000.0000,5253.9483,4314.5000
TRIAL_SERIES:single,48000,4,7,49988.0000,7781.4647,5597.5000
TRIAL_SERIES:single,48000,4,8,50011.0000,6967.9173,4670.0000
TRIAL_SERIES:single,48000,4,9,50001.0000,3985.8730,3470.0000
TRIAL_SERIES:single,48000,4,10,49999.0000,7827.5380,3641.0000
TRIAL_SERIES:single,48000,4,11,50000.0000,17563.2069,22434.5000
TRIAL_SERIES:single,48000,4,12,50001.0000,5231.3586,3501.0000
TRIAL_SERIES:single,48000,4,13,50000.0000,4048.6166,3390.0000
TRIAL_SERIES:single,48000,4,14,49999.0000,4164.7042,3213.0000
TRIAL_SERIES:single,48000,4,15,49998.0000,3951.9961,3081.0000
TRIAL_SERIES:single,48000,4,16,50003.0000,4863.6168,3848.0000
TRIAL_SERIES:single,48000,4,17,49997.0000,6388.8621,4889.0000
TRIAL_SERIES:single,48000,4,18,50000.0000,87517.5104,16791.5000
TRIAL_SERIES:single,48000,4,19,50002.0000,176593.7969,178056.0000
TRIAL_SERIES:single,48000,4,20,49996.0000,216422.9629,164692.5000
TRIAL_SERIES:single,48000,4,21,50004.0000,288947.7891,289954.0000
TRIAL_SERIES:single,48000,4,22,50001.0000,248314.8085,250203.0000
TRIAL_SERIES:single,48000,4,23,50000.0000,201530.1895,200108.0000
TRIAL_SERIES:single,48000,4,24,50000.0000,161929.2240,162163.5000
TRIAL_SERIES:single,48000,4,25,49996.0000,122680.1777,119701.5000
TRIAL_SERIES:single,48000,4,26,50002.0000,86619.6193,83113.0000
TRIAL_SERIES:single,48000,4,27,49999.0000,51957.4798,51070.0000
TRIAL_SERIES:single,48000,4,28,50003.0000,18876.2365,18252.0000
TRIAL_SERIES:single,48000,4,29,49997.0000,4044.1758,3726.0000
TRIAL_SERIES:single,48000,4,30,50003.0000,9556.3697,7213.0000
TRIAL_SERIES:single,48000,4,31,49995.0000,7003.4139,6348.0000
TRIAL_SERIES:single,48000,4,32,50004.0000,4281.8758,3753.0000
TRIAL_SERIES:single,48000,4,33,50000.0000,121551.8936,159336.0000
TRIAL_SERIES:single,48000,4,34,49999.0000,213027.4336,214048.0000
TRIAL_SERIES:single,48000,4,35,50000.0000,299436.0023,294525.0000
TRIAL_SERIES:single,48000,4,36,50001.0000,369500.8846,371134.0000
TRIAL_SERIES:single,48000,4,37,50001.0000,292872.4318,293111.0000
TRIAL_SERIES:single,48000,4,38,49999.0000,202515.0011,198839.0000
TRIAL_SERIES:single,48000,4,39,50001.0000,127630.5430,129347.0000
TRIAL_SERIES:single,48000,4,40,50000.0000,43721.7744,39966.5000
TRIAL_SERIES:single,48000,4,41,49997.0000,7384.2516,4351.0000
TRIAL_SERIES:single,48000,4,42,50001.0000,4898.2411,3239.0000
TRIAL_SERIES:single,48000,4,43,49998.0000,104628.2904,106838.0000
TRIAL_SERIES:single,48000,4,44,50003.0000,53082.9056,55893.0000
TRIAL_SERIES:single,48000,4,45,50001.0000,3815.3826,2995.0000
TRIAL_SERIES:single,48000,4,46,49999.0000,2804.4813,2640.0000
TRIAL_SERIES:single,48000,4,47,49997.0000,4019.6833,2783.0000
TRIAL_SERIES:single,48000,4,48,50002.0000,7844.9418,2945.0000
TRIAL_SERIES:single,48000,4,49,50002.0000,5371.0493,4048.0000
TRIAL_SERIES:single,48000,4,50,50000.0000,8814.3050,4020.0000
TRIAL_SERIES:single,48000,4,51,49995.0000,114504.3577,114393.0000
TRIAL_SERIES:single,48000,4,52,50004.0000,51740.3796,52546.0000
TRIAL_SERIES:single,48000,4,53,49982.0000,21035.4758,16833.5000
TRIAL_SERIES:single,48000,4,54,50017.0000,75344.2971,78555.0000
TRIAL_SERIES:single,48000,4,55,49991.0000,96880.7358,99319.0000
TRIAL_SERIES:single,48000,4,56,50011.0000,29778.5306,26382.0000
TRIAL_SERIES:single,48000,4,57,49999.0000,5709.5292,3848.0000
TRIAL_SERIES:single,48000,4,58,50000.0000,10586.8472,5587.0000
TRIAL_SERIES:single,48000,4,59,50001.0000,48190.3593,49884.0000
TRIAL_SERIES:single,48000,4,60,49997.0000,52576.9523,51316.0000
TRIAL_SERIES:single,48000,4,61,30.0000,54579.6000,54614.0000
TRIAL_RESULT:single,48000,4,49180.7705,19178.0000,70606.9291,19178.0000,367732.0000
[2026-02-28 18:35:16] Benchmark run: phase=single step=0.25ms target=48000 duration=60s trial=5 attempt=1
TRIAL_SERIES:single,48000,5,1,50000.0000,14159.3428,14541.0000
TRIAL_SERIES:single,48000,5,2,49999.0000,118870.5043,142183.0000
TRIAL_SERIES:single,48000,5,3,50001.0000,121959.2755,124448.0000
TRIAL_SERIES:single,48000,5,4,50000.0000,63243.3392,62790.0000
TRIAL_SERIES:single,48000,5,5,50000.0000,18652.9745,16185.0000
TRIAL_SERIES:single,48000,5,6,49996.0000,66247.7775,90065.5000
TRIAL_SERIES:single,48000,5,7,50003.0000,72453.7291,76274.0000
TRIAL_SERIES:single,48000,5,8,49995.0000,37555.2071,10120.0000
TRIAL_SERIES:single,48000,5,9,50006.0000,76567.3746,77504.0000
TRIAL_SERIES:single,48000,5,10,50000.0000,109436.0248,41422.5000
TRIAL_SERIES:single,48000,5,11,49998.0000,218012.6052,212461.5000
TRIAL_SERIES:single,48000,5,12,50002.0000,153292.1344,150646.0000
TRIAL_SERIES:single,48000,5,13,49986.0000,86760.6569,84241.5000
TRIAL_SERIES:single,48000,5,14,50013.0000,21657.8260,12952.0000
TRIAL_SERIES:single,48000,5,15,50000.0000,2835.1410,2628.0000
TRIAL_SERIES:single,48000,5,16,49997.0000,3756.7075,2736.0000
TRIAL_SERIES:single,48000,5,17,50003.0000,4175.2652,3624.0000
TRIAL_SERIES:single,48000,5,18,50001.0000,152750.7635,164427.0000
TRIAL_SERIES:single,48000,5,19,49989.0000,96765.5329,95590.0000
TRIAL_SERIES:single,48000,5,20,50011.0000,13786.4742,11098.0000
TRIAL_SERIES:single,48000,5,21,49999.0000,2868.6459,2653.0000
TRIAL_SERIES:single,48000,5,22,50001.0000,6087.3165,3054.0000
TRIAL_SERIES:single,48000,5,23,50000.0000,2991.8482,2713.0000
TRIAL_SERIES:single,48000,5,24,50000.0000,4114.9994,3169.0000
TRIAL_SERIES:single,48000,5,25,50000.0000,3540.3864,3027.0000
TRIAL_SERIES:single,48000,5,26,49999.0000,3271.4100,3026.0000
TRIAL_SERIES:single,48000,5,27,49999.0000,4126.2058,3063.0000
TRIAL_SERIES:single,48000,5,28,50001.0000,5320.5256,3187.0000
TRIAL_SERIES:single,48000,5,29,50000.0000,3153.7340,2918.0000
TRIAL_SERIES:single,48000,5,30,49993.0000,88423.7780,3160.0000
TRIAL_SERIES:single,48000,5,31,50007.0000,199930.6780,197464.0000
TRIAL_SERIES:single,48000,5,32,50000.0000,116120.3510,118088.0000
TRIAL_SERIES:single,48000,5,33,49999.0000,117200.3811,131971.0000
TRIAL_SERIES:single,48000,5,34,50002.0000,73260.5114,67948.5000
TRIAL_SERIES:single,48000,5,35,50000.0000,30481.3488,20553.0000
TRIAL_SERIES:single,48000,5,36,49998.0000,71416.8726,67677.5000
TRIAL_SERIES:single,48000,5,37,50002.0000,22985.8554,19446.0000
TRIAL_SERIES:single,48000,5,38,49998.0000,6910.2855,4167.5000
TRIAL_SERIES:single,48000,5,39,50002.0000,3680.8532,3471.0000
TRIAL_SERIES:single,48000,5,40,50000.0000,6955.6345,3890.0000
TRIAL_SERIES:single,48000,5,41,50000.0000,3064.7249,2917.0000
TRIAL_SERIES:single,48000,5,42,50000.0000,3250.0894,3038.0000
TRIAL_SERIES:single,48000,5,43,50000.0000,3938.8143,3220.0000
TRIAL_SERIES:single,48000,5,44,49998.0000,5831.7390,4122.0000
TRIAL_SERIES:single,48000,5,45,50002.0000,3618.2937,3150.0000
TRIAL_SERIES:single,48000,5,46,50000.0000,3172.6177,3033.0000
TRIAL_SERIES:single,48000,5,47,49955.0000,16805.6866,3610.0000
TRIAL_SERIES:single,48000,5,48,50041.0000,79378.6717,76399.0000
TRIAL_SERIES:single,48000,5,49,50004.0000,22979.1499,21332.0000
TRIAL_SERIES:single,48000,5,50,50000.0000,3888.2904,3070.0000
TRIAL_SERIES:single,48000,5,51,50000.0000,3479.4795,3032.0000
TRIAL_SERIES:single,48000,5,52,49999.0000,8239.3371,4713.0000
TRIAL_SERIES:single,48000,5,53,50000.0000,3299.7351,3025.0000
TRIAL_SERIES:single,48000,5,54,50000.0000,32718.8071,33635.0000
TRIAL_SERIES:single,48000,5,55,49134.0000,8002.0073,3436.0000
TRIAL_SERIES:single,48000,5,56,50866.0000,39902.6212,41913.0000
TRIAL_SERIES:single,48000,5,57,50000.0000,3334.2481,2981.0000
TRIAL_SERIES:single,48000,5,58,50000.0000,6205.4641,3248.0000
TRIAL_SERIES:single,48000,5,59,49999.0000,3279.3318,3065.0000
TRIAL_SERIES:single,48000,5,60,50001.0000,9900.6996,3372.0000
TRIAL_SERIES:single,48000,5,61,22.0000,11976.1364,12345.0000
TRIAL_RESULT:single,48000,5,49180.6721,6200.0000,41510.7399,6200.0000,254824.0000
[2026-02-28 18:38:07] Eval 1 result: target=48000 avg_thr=49180.5967 median_lat_us=77947.0000 mean_lat_us=3779150.3887 p99_lat_us=4705072.4000 pass=false status=ok
[2026-02-28 18:38:08] Single-target complete: slowdown_type=latency step=0.25ms target=48000 observed_throughput=49180.5967 observed_latency_us=77947.0000
RESULTS:49180.5967,77947.0000
RESULTS_EXT:49180.5967,77947.0000,3779150.3887,77947.0000,4705072.4000
[2026-02-28 18:38:10] Completed step 0.25ms: observed_thr=49180.5967, mean_lat_us=3779150.3887, median_lat_us=77947.0000, p99_lat_us=4705072.4000
[2026-02-28 18:38:10] Starting slowdown-profile step 0.5ms: target throughput 44000 ops/s, trials=5, duration=60s
[2026-02-28 18:38:10] Restoring snapshot 'baseline' before step 0.5ms
[2026-02-28 18:40:00] Running mode=single, slowdown_type=latency, step=0.5ms, client_type=hybrid
[2026-02-28 18:40:02] Warming up cluster with 5 lightweight CQL probe(s) per node
[2026-02-28 18:40:13] Applying latency limit on ccl1.cyber.lab (cassandra-node-1): 0.5ms via ens18
[2026-02-28 18:40:16] Eval 1: phase=single target=44000 trials=5 duration=60s
[2026-02-28 18:40:16] Benchmark run: phase=single step=0.5ms target=44000 duration=60s trial=1 attempt=1
TRIAL_SERIES:single,44000,1,1,45453.0000,1307710.8749,1366348.0000
TRIAL_SERIES:single,44000,1,2,45456.0000,2906680.1413,2919924.0000
TRIAL_SERIES:single,44000,1,3,45453.0000,4092091.8704,4101424.0000
TRIAL_SERIES:single,44000,1,4,45446.0000,5197274.9153,5203724.5000
TRIAL_SERIES:single,44000,1,5,45464.0000,6199147.7748,6208477.0000
TRIAL_SERIES:single,44000,1,6,45455.0000,7053662.7173,7057510.0000
TRIAL_SERIES:single,44000,1,7,45453.0000,7842882.6294,7850487.0000
TRIAL_SERIES:single,44000,1,8,45452.0000,8541280.5119,8538820.5000
TRIAL_SERIES:single,44000,1,9,45456.0000,9175240.6322,9193071.0000
TRIAL_SERIES:single,44000,1,10,45458.0000,9717175.6511,9678212.0000
TRIAL_SERIES:single,44000,1,11,45445.0000,10183089.9521,10187894.0000
TRIAL_SERIES:single,44000,1,12,45461.0000,10542724.6278,10541130.0000
TRIAL_SERIES:single,44000,1,13,45453.0000,10874394.9465,10881718.0000
TRIAL_SERIES:single,44000,1,14,45449.0000,11116568.5108,11118703.0000
TRIAL_SERIES:single,44000,1,15,45462.0000,11354740.7860,11363331.0000
TRIAL_SERIES:single,44000,1,16,45455.0000,11577578.0910,11584726.0000
TRIAL_SERIES:single,44000,1,17,45456.0000,11784228.9463,11779620.5000
TRIAL_SERIES:single,44000,1,18,45452.0000,11952071.9180,11958847.0000
TRIAL_SERIES:single,44000,1,19,45457.0000,12060103.4357,12057262.0000
TRIAL_SERIES:single,44000,1,20,45455.0000,12143504.5256,12143962.0000
TRIAL_SERIES:single,44000,1,21,45455.0000,12202576.0305,12187748.0000
TRIAL_SERIES:single,44000,1,22,45453.0000,12293187.0950,12294674.0000
TRIAL_SERIES:single,44000,1,23,45454.0000,12419768.7226,12500768.0000
TRIAL_SERIES:single,44000,1,24,45450.0000,12463559.0757,12462187.5000
TRIAL_SERIES:single,44000,1,25,45460.0000,12389922.9534,12386751.0000
TRIAL_SERIES:single,44000,1,26,45455.0000,12356233.5797,12365987.0000
TRIAL_SERIES:single,44000,1,27,45455.0000,12282019.6776,12282370.0000
TRIAL_SERIES:single,44000,1,28,45454.0000,12191376.8376,12193378.0000
TRIAL_SERIES:single,44000,1,29,45453.0000,12229757.2658,12274177.0000
TRIAL_SERIES:single,44000,1,30,45455.0000,12196481.1312,12194003.0000
TRIAL_SERIES:single,44000,1,31,45456.0000,12232368.4278,12285763.0000
TRIAL_SERIES:single,44000,1,32,45454.0000,12214108.0988,12219769.0000
TRIAL_SERIES:single,44000,1,33,45005.0000,12084887.2093,12089841.0000
TRIAL_SERIES:single,44000,1,34,45904.0000,11926568.5749,11931063.0000
TRIAL_SERIES:single,44000,1,35,45455.0000,11769597.0428,11770843.0000
TRIAL_SERIES:single,44000,1,36,45454.0000,11622218.8093,11631063.5000
TRIAL_SERIES:single,44000,1,37,45455.0000,11458012.7357,11464002.0000
TRIAL_SERIES:single,44000,1,38,45454.0000,11317594.3885,11320186.0000
TRIAL_SERIES:single,44000,1,39,45454.0000,11197538.6612,11195919.0000
TRIAL_SERIES:single,44000,1,40,45454.0000,11129910.9396,11136193.5000
TRIAL_SERIES:single,44000,1,41,45455.0000,10998692.3620,10997124.0000
TRIAL_SERIES:single,44000,1,42,45456.0000,10844407.0514,10841364.0000
TRIAL_SERIES:single,44000,1,43,45454.0000,10673586.9799,10669869.0000
TRIAL_SERIES:single,44000,1,44,45455.0000,10530702.4115,10533101.0000
TRIAL_SERIES:single,44000,1,45,45452.0000,10381961.2811,10385111.0000
TRIAL_SERIES:single,44000,1,46,45455.0000,10226089.1585,10220302.0000
TRIAL_SERIES:single,44000,1,47,45455.0000,10060823.5754,10061230.0000
TRIAL_SERIES:single,44000,1,48,45456.0000,9916075.3509,9926299.5000
TRIAL_SERIES:single,44000,1,49,45453.0000,9756751.5928,9762052.0000
TRIAL_SERIES:single,44000,1,50,45449.0000,9637553.5012,9646839.0000
TRIAL_SERIES:single,44000,1,51,45453.0000,9575979.3470,9568113.0000
TRIAL_SERIES:single,44000,1,52,45460.0000,9499831.0117,9497673.5000
TRIAL_SERIES:single,44000,1,53,45445.0000,9353359.4930,9350154.0000
TRIAL_SERIES:single,44000,1,54,45468.0000,9201224.1399,9203805.0000
TRIAL_SERIES:single,44000,1,55,45453.0000,9047490.8101,9043310.0000
TRIAL_SERIES:single,44000,1,56,45455.0000,8884442.3512,8882101.0000
TRIAL_SERIES:single,44000,1,57,45454.0000,8722370.5317,8722047.5000
TRIAL_SERIES:single,44000,1,58,45456.0000,8555569.3906,8554616.5000
TRIAL_SERIES:single,44000,1,59,45453.0000,8392033.3780,8384094.0000
TRIAL_SERIES:single,44000,1,60,45451.0000,8243352.0184,8243017.0000
TRIAL_SERIES:single,44000,1,61,5.0000,8149005.4000,8149064.0000
TRIAL_SERIES:single,44000,1,62,0.0000,0.0000,0.0000
TRIAL_SERIES:single,44000,1,63,0.0000,0.0000,0.0000
TRIAL_SERIES:single,44000,1,64,0.0000,0.0000,0.0000
TRIAL_SERIES:single,44000,1,65,0.0000,0.0000,0.0000
TRIAL_SERIES:single,44000,1,66,0.0000,0.0000,0.0000
TRIAL_SERIES:single,44000,1,67,0.0000,0.0000,0.0000
TRIAL_SERIES:single,44000,1,68,0.0000,0.0000,0.0000
TRIAL_SERIES:single,44000,1,69,0.0000,0.0000,0.0000
TRIAL_RESULT:single,44000,1,44709.3934,10742163.0000,10135017.4975,10742163.0000,12497862.0000
[2026-02-28 18:43:00] Benchmark run: phase=single step=0.5ms target=44000 duration=60s trial=2 attempt=1
TRIAL_SERIES:single,44000,2,1,45452.0000,6196.5841,4366.0000
TRIAL_SERIES:single,44000,2,2,45456.0000,5325.7893,4600.0000
TRIAL_SERIES:single,44000,2,3,45455.0000,3314.0528,2869.0000
TRIAL_SERIES:single,44000,2,4,45452.0000,123647.7428,139701.0000
TRIAL_SERIES:single,44000,2,5,45447.0000,46021.1597,46629.0000
TRIAL_SERIES:single,44000,2,6,45464.0000,3415.4137,2673.0000
TRIAL_SERIES:single,44000,2,7,45456.0000,6825.7731,3273.0000
TRIAL_SERIES:single,44000,2,8,45455.0000,3722.5507,3189.0000
TRIAL_SERIES:single,44000,2,9,45453.0000,5501.7959,2941.0000
TRIAL_SERIES:single,44000,2,10,45456.0000,2792.8399,2680.0000
TRIAL_SERIES:single,44000,2,11,45453.0000,2876.2114,2652.0000
TRIAL_SERIES:single,44000,2,12,45455.0000,2865.6188,2697.0000
TRIAL_SERIES:single,44000,2,13,45454.0000,6199.8081,3023.0000
TRIAL_SERIES:single,44000,2,14,45456.0000,2940.3032,2768.0000
TRIAL_SERIES:single,44000,2,15,45454.0000,230658.5343,245918.0000
TRIAL_SERIES:single,44000,2,16,45455.0000,160510.3445,165757.0000
TRIAL_SERIES:single,44000,2,17,45454.0000,37411.6169,31984.0000
TRIAL_SERIES:single,44000,2,18,45455.0000,2557.0033,2499.0000
TRIAL_SERIES:single,44000,2,19,45455.0000,5536.1876,3420.0000
TRIAL_SERIES:single,44000,2,20,45454.0000,2815.0572,2693.0000
TRIAL_SERIES:single,44000,2,21,45455.0000,2811.4413,2708.0000
TRIAL_SERIES:single,44000,2,22,45454.0000,2849.8868,2700.0000
TRIAL_SERIES:single,44000,2,23,45454.0000,2987.8355,2893.0000
TRIAL_SERIES:single,44000,2,24,45454.0000,2964.3676,2654.0000
TRIAL_SERIES:single,44000,2,25,45455.0000,3267.4623,2991.0000
TRIAL_SERIES:single,44000,2,26,45455.0000,3721.6991,3001.0000
TRIAL_SERIES:single,44000,2,27,45455.0000,3644.5932,2888.0000
TRIAL_SERIES:single,44000,2,28,45454.0000,2981.1460,2787.0000
TRIAL_SERIES:single,44000,2,29,45454.0000,3102.6310,2817.0000
TRIAL_SERIES:single,44000,2,30,45456.0000,2756.4103,2685.0000
TRIAL_SERIES:single,44000,2,31,45453.0000,2951.7991,2733.0000
TRIAL_SERIES:single,44000,2,32,45456.0000,4492.6668,2897.5000
TRIAL_SERIES:single,44000,2,33,45454.0000,2831.9350,2700.0000
TRIAL_SERIES:single,44000,2,34,45454.0000,59485.7253,4201.0000
TRIAL_SERIES:single,44000,2,35,45452.0000,96653.8288,100837.5000
TRIAL_SERIES:single,44000,2,36,45457.0000,14767.2788,5608.0000
TRIAL_SERIES:single,44000,2,37,45454.0000,3459.1012,3012.0000
TRIAL_SERIES:single,44000,2,38,45455.0000,2719.9977,2656.0000
TRIAL_SERIES:single,44000,2,39,45454.0000,51318.7711,3813.5000
TRIAL_SERIES:single,44000,2,40,45454.0000,57535.7507,52369.0000
TRIAL_SERIES:single,44000,2,41,45457.0000,4386.9170,2912.0000
TRIAL_SERIES:single,44000,2,42,45453.0000,18756.6733,2860.0000
TRIAL_SERIES:single,44000,2,43,45455.0000,59758.7945,59924.0000
TRIAL_SERIES:single,44000,2,44,45455.0000,2980.3073,2684.0000
TRIAL_SERIES:single,44000,2,45,45454.0000,3091.9976,2746.0000
TRIAL_SERIES:single,44000,2,46,45455.0000,3723.0799,3025.0000
TRIAL_SERIES:single,44000,2,47,45453.0000,4478.0001,4130.0000
TRIAL_SERIES:single,44000,2,48,45456.0000,4065.6803,3543.0000
TRIAL_SERIES:single,44000,2,49,45454.0000,3928.5222,2879.0000
TRIAL_SERIES:single,44000,2,50,45454.0000,2953.1910,2743.0000
TRIAL_SERIES:single,44000,2,51,45456.0000,2832.4802,2684.0000
TRIAL_SERIES:single,44000,2,52,45454.0000,2754.5908,2647.0000
TRIAL_SERIES:single,44000,2,53,45454.0000,3099.9501,2753.0000
TRIAL_SERIES:single,44000,2,54,45455.0000,3086.4139,2698.0000
TRIAL_SERIES:single,44000,2,55,45454.0000,3087.8038,2790.0000
TRIAL_SERIES:single,44000,2,56,45451.0000,23870.0773,17153.0000
TRIAL_SERIES:single,44000,2,57,45459.0000,3741.1417,3174.0000
TRIAL_SERIES:single,44000,2,58,45454.0000,2867.8209,2818.0000
TRIAL_SERIES:single,44000,2,59,45456.0000,4769.0464,3133.0000
TRIAL_SERIES:single,44000,2,60,45447.0000,3601.0171,3051.0000
TRIAL_SERIES:single,44000,2,61,24.0000,2321.0417,2256.0000
TRIAL_RESULT:single,44000,2,44709.6721,3079.0000,19170.7046,3079.0000,242662.0000
[2026-02-28 18:45:35] Benchmark run: phase=single step=0.5ms target=44000 duration=60s trial=3 attempt=1
TRIAL_SERIES:single,44000,3,1,45449.0000,27695.2494,28173.0000
TRIAL_SERIES:single,44000,3,2,45460.0000,5305.4832,3165.0000
TRIAL_SERIES:single,44000,3,3,45453.0000,3305.0328,2991.0000
TRIAL_SERIES:single,44000,3,4,45457.0000,3156.4152,2962.0000
TRIAL_SERIES:single,44000,3,5,45454.0000,69593.3297,92981.5000
TRIAL_SERIES:single,44000,3,6,45453.0000,51302.4790,54159.0000
TRIAL_SERIES:single,44000,3,7,45415.0000,29612.8034,5123.0000
TRIAL_SERIES:single,44000,3,8,45496.0000,112061.0491,111260.5000
TRIAL_SERIES:single,44000,3,9,45452.0000,100189.7591,112719.5000
TRIAL_SERIES:single,44000,3,10,45457.0000,26319.5042,17983.0000
TRIAL_SERIES:single,44000,3,11,45453.0000,3161.2158,2792.0000
TRIAL_SERIES:single,44000,3,12,45456.0000,3133.0050,3050.0000
TRIAL_SERIES:single,44000,3,13,45454.0000,3349.5191,3117.5000
TRIAL_SERIES:single,44000,3,14,45446.0000,3283.4935,2988.0000
TRIAL_SERIES:single,44000,3,15,45462.0000,3512.0373,3206.0000
TRIAL_SERIES:single,44000,3,16,45455.0000,3365.7310,2847.0000
TRIAL_SERIES:single,44000,3,17,45455.0000,4514.5004,3421.0000
TRIAL_SERIES:single,44000,3,18,45452.0000,3151.3100,3004.0000
TRIAL_SERIES:single,44000,3,19,45458.0000,4033.6414,3056.0000
TRIAL_SERIES:single,44000,3,20,45454.0000,2847.6045,2663.0000
TRIAL_SERIES:single,44000,3,21,45452.0000,3036.9461,2804.0000
TRIAL_SERIES:single,44000,3,22,45457.0000,3539.6356,3396.0000
TRIAL_SERIES:single,44000,3,23,45454.0000,3218.7384,3092.0000
TRIAL_SERIES:single,44000,3,24,45454.0000,3254.5786,2955.0000
TRIAL_SERIES:single,44000,3,25,45455.0000,22600.0758,11794.0000
TRIAL_SERIES:single,44000,3,26,45454.0000,3565.6829,2994.0000
TRIAL_SERIES:single,44000,3,27,45456.0000,4103.6442,3234.0000
TRIAL_SERIES:single,44000,3,28,45455.0000,3074.4861,2856.0000
TRIAL_SERIES:single,44000,3,29,45454.0000,4543.6697,3191.5000
TRIAL_SERIES:single,44000,3,30,45454.0000,3223.6007,3059.0000
TRIAL_SERIES:single,44000,3,31,45455.0000,3389.3740,3103.0000
TRIAL_SERIES:single,44000,3,32,45454.0000,11233.5878,3217.5000
TRIAL_SERIES:single,44000,3,33,45453.0000,7299.3058,3544.0000
TRIAL_SERIES:single,44000,3,34,45456.0000,3392.5201,3065.0000
TRIAL_SERIES:single,44000,3,35,45455.0000,3513.7635,2824.0000
TRIAL_SERIES:single,44000,3,36,45454.0000,3674.8049,2967.0000
TRIAL_SERIES:single,44000,3,37,45448.0000,7638.2425,3350.0000
TRIAL_SERIES:single,44000,3,38,45461.0000,53378.3362,55027.0000
TRIAL_SERIES:single,44000,3,39,45454.0000,4439.6992,3066.0000
TRIAL_SERIES:single,44000,3,40,45455.0000,24010.9745,3244.0000
TRIAL_SERIES:single,44000,3,41,45454.0000,61223.2584,58025.0000
TRIAL_SERIES:single,44000,3,42,45456.0000,3030.1374,2841.0000
TRIAL_SERIES:single,44000,3,43,45454.0000,15326.5410,3198.0000
TRIAL_SERIES:single,44000,3,44,45453.0000,48952.4009,56310.0000
TRIAL_SERIES:single,44000,3,45,45457.0000,3108.4160,2951.0000
TRIAL_SERIES:single,44000,3,46,45454.0000,4168.8770,3195.0000
TRIAL_SERIES:single,44000,3,47,45454.0000,5041.6804,3229.0000
TRIAL_SERIES:single,44000,3,48,45454.0000,3361.3554,3125.0000
TRIAL_SERIES:single,44000,3,49,45456.0000,3713.0320,3300.0000
TRIAL_SERIES:single,44000,3,50,45454.0000,3089.4081,2859.0000
TRIAL_SERIES:single,44000,3,51,45454.0000,2930.8481,2808.0000
TRIAL_SERIES:single,44000,3,52,45455.0000,2909.0463,2799.0000
TRIAL_SERIES:single,44000,3,53,45450.0000,2850.9429,2778.0000
TRIAL_SERIES:single,44000,3,54,45459.0000,3198.4929,2852.0000
TRIAL_SERIES:single,44000,3,55,45454.0000,3395.3025,2918.0000
TRIAL_SERIES:single,44000,3,56,45455.0000,2898.7796,2493.0000
TRIAL_SERIES:single,44000,3,57,45455.0000,4100.2668,2697.0000
TRIAL_SERIES:single,44000,3,58,45454.0000,2830.5842,2689.0000
TRIAL_SERIES:single,44000,3,59,45454.0000,75172.1971,5199.0000
TRIAL_SERIES:single,44000,3,60,45454.0000,51333.8826,48118.0000
TRIAL_SERIES:single,44000,3,61,16.0000,1899.2500,1934.0000
TRIAL_RESULT:single,44000,3,44709.6230,3349.0000,15695.4302,3349.0000,149272.0000
[2026-02-28 18:48:08] Benchmark run: phase=single step=0.5ms target=44000 duration=60s trial=4 attempt=1
TRIAL_SERIES:single,44000,4,1,45453.0000,7936.5553,5975.0000
TRIAL_SERIES:single,44000,4,2,45453.0000,5937.4988,2799.0000
TRIAL_SERIES:single,44000,4,3,45458.0000,62380.7266,63732.5000
TRIAL_SERIES:single,44000,4,4,45454.0000,3179.7935,2925.0000
TRIAL_SERIES:single,44000,4,5,45454.0000,3228.2395,2984.0000
TRIAL_SERIES:single,44000,4,6,45452.0000,8426.4578,5692.0000
TRIAL_SERIES:single,44000,4,7,45457.0000,14019.8888,11484.0000
TRIAL_SERIES:single,44000,4,8,45456.0000,3062.3113,2899.0000
TRIAL_SERIES:single,44000,4,9,45453.0000,70339.6071,103989.0000
TRIAL_SERIES:single,44000,4,10,45455.0000,45253.8355,39194.0000
TRIAL_SERIES:single,44000,4,11,45455.0000,2813.7042,2655.0000
TRIAL_SERIES:single,44000,4,12,45455.0000,2679.6669,2605.0000
TRIAL_SERIES:single,44000,4,13,45454.0000,3118.8696,2864.0000
TRIAL_SERIES:single,44000,4,14,45455.0000,2830.6112,2628.0000
TRIAL_SERIES:single,44000,4,15,45453.0000,2902.4111,2669.0000
TRIAL_SERIES:single,44000,4,16,45454.0000,38080.2584,3126.0000
TRIAL_SERIES:single,44000,4,17,45456.0000,68013.2709,68214.5000
TRIAL_SERIES:single,44000,4,18,45454.0000,3078.5840,2646.0000
TRIAL_SERIES:single,44000,4,19,45455.0000,92137.2113,4657.0000
TRIAL_SERIES:single,44000,4,20,45455.0000,81573.0813,84288.0000
TRIAL_SERIES:single,44000,4,21,45454.0000,3040.6821,2705.0000
TRIAL_SERIES:single,44000,4,22,45454.0000,3503.6657,2740.0000
TRIAL_SERIES:single,44000,4,23,45456.0000,9165.9020,2861.0000
TRIAL_SERIES:single,44000,4,24,45453.0000,3371.0270,2770.0000
TRIAL_SERIES:single,44000,4,25,45456.0000,3103.1959,2681.0000
TRIAL_SERIES:single,44000,4,26,45453.0000,2803.3972,2667.0000
TRIAL_SERIES:single,44000,4,27,45455.0000,3529.8223,2773.0000
TRIAL_SERIES:single,44000,4,28,45456.0000,2713.3046,2617.0000
TRIAL_SERIES:single,44000,4,29,45454.0000,3668.0478,2747.0000
TRIAL_SERIES:single,44000,4,30,45454.0000,3041.8764,2828.0000
TRIAL_SERIES:single,44000,4,31,45455.0000,2810.6110,2678.0000
TRIAL_SERIES:single,44000,4,32,45453.0000,2839.3811,2741.0000
TRIAL_SERIES:single,44000,4,33,45456.0000,2911.8105,2709.0000
TRIAL_SERIES:single,44000,4,34,45455.0000,48177.3341,47516.0000
TRIAL_SERIES:single,44000,4,35,45454.0000,2931.3622,2725.0000
TRIAL_SERIES:single,44000,4,36,45454.0000,3131.9695,2643.0000
TRIAL_SERIES:single,44000,4,37,45455.0000,3332.0724,2605.0000
TRIAL_SERIES:single,44000,4,38,45454.0000,2763.8242,2654.0000
TRIAL_SERIES:single,44000,4,39,45456.0000,4038.3456,3026.0000
TRIAL_SERIES:single,44000,4,40,45454.0000,2890.3806,2711.0000
TRIAL_SERIES:single,44000,4,41,45450.0000,5644.6173,2783.0000
TRIAL_SERIES:single,44000,4,42,45459.0000,50365.7356,47530.0000
TRIAL_SERIES:single,44000,4,43,45454.0000,4872.5249,2821.0000
TRIAL_SERIES:single,44000,4,44,45455.0000,2846.2849,2587.0000
TRIAL_SERIES:single,44000,4,45,45454.0000,2622.9802,2522.0000
TRIAL_SERIES:single,44000,4,46,45453.0000,3248.1122,2593.0000
TRIAL_SERIES:single,44000,4,47,45454.0000,3630.4555,2685.0000
TRIAL_SERIES:single,44000,4,48,45458.0000,2690.4927,2560.0000
TRIAL_SERIES:single,44000,4,49,45453.0000,2839.2131,2570.0000
TRIAL_SERIES:single,44000,4,50,45439.0000,10328.2980,2715.0000
TRIAL_SERIES:single,44000,4,51,45470.0000,35230.7624,24830.5000
TRIAL_SERIES:single,44000,4,52,45456.0000,2825.8061,2621.0000
TRIAL_SERIES:single,44000,4,53,45454.0000,2590.2405,2445.0000
TRIAL_SERIES:single,44000,4,54,45452.0000,9690.6402,2917.0000
TRIAL_SERIES:single,44000,4,55,45457.0000,2502.8290,2427.0000
TRIAL_SERIES:single,44000,4,56,45454.0000,3077.0270,2603.0000
TRIAL_SERIES:single,44000,4,57,45455.0000,18680.1796,2928.0000
TRIAL_SERIES:single,44000,4,58,45454.0000,8330.9048,2914.0000
TRIAL_SERIES:single,44000,4,59,45450.0000,2913.7851,2568.0000
TRIAL_SERIES:single,44000,4,60,45456.0000,2846.0266,2643.0000
TRIAL_SERIES:single,44000,4,61,0.0000,0.0000,0.0000
TRIAL_RESULT:single,44000,4,45454.4833,2903.0000,13542.6252,2903.0000,150983.0000
[2026-02-28 18:50:43] Benchmark run: phase=single step=0.5ms target=44000 duration=60s trial=5 attempt=1
TRIAL_SERIES:single,44000,5,1,45454.0000,106958.4936,118550.0000
TRIAL_SERIES:single,44000,5,2,45454.0000,283528.4947,338328.5000
TRIAL_SERIES:single,44000,5,3,45443.0000,355111.8670,358471.0000
TRIAL_SERIES:single,44000,5,4,45466.0000,294884.1879,296722.5000
TRIAL_SERIES:single,44000,5,5,45456.0000,197567.1757,201772.5000
TRIAL_SERIES:single,44000,5,6,45453.0000,64232.9536,69051.0000
TRIAL_SERIES:single,44000,5,7,45456.0000,5003.8391,3443.0000
TRIAL_SERIES:single,44000,5,8,45454.0000,2841.9797,2765.0000
TRIAL_SERIES:single,44000,5,9,45454.0000,31818.6887,5302.0000
TRIAL_SERIES:single,44000,5,10,45408.0000,10824.7841,3072.0000
TRIAL_SERIES:single,44000,5,11,45502.0000,86881.0676,94679.5000
TRIAL_SERIES:single,44000,5,12,45453.0000,2867.9144,2691.0000
TRIAL_SERIES:single,44000,5,13,45456.0000,3185.8139,2822.0000
TRIAL_SERIES:single,44000,5,14,45453.0000,3030.2295,2831.0000
TRIAL_SERIES:single,44000,5,15,45455.0000,5210.7986,3617.0000
TRIAL_SERIES:single,44000,5,16,45453.0000,3423.2751,2778.0000
TRIAL_SERIES:single,44000,5,17,45456.0000,4160.9492,3048.0000
TRIAL_SERIES:single,44000,5,18,45456.0000,2761.1801,2675.0000
TRIAL_SERIES:single,44000,5,19,45454.0000,4680.6938,2917.0000
TRIAL_SERIES:single,44000,5,20,45455.0000,2893.3016,2714.0000
TRIAL_SERIES:single,44000,5,21,45416.0000,21219.6378,3011.0000
TRIAL_SERIES:single,44000,5,22,45493.0000,100400.7612,99805.0000
TRIAL_SERIES:single,44000,5,23,45454.0000,19680.1739,19334.5000
TRIAL_SERIES:single,44000,5,24,45454.0000,11676.9355,3903.0000
TRIAL_SERIES:single,44000,5,25,45455.0000,3347.4131,2913.0000
TRIAL_SERIES:single,44000,5,26,45454.0000,3613.9255,2883.0000
TRIAL_SERIES:single,44000,5,27,45455.0000,4421.9705,3131.0000
TRIAL_SERIES:single,44000,5,28,45451.0000,57819.3386,65197.0000
TRIAL_SERIES:single,44000,5,29,45458.0000,11361.2292,4362.5000
TRIAL_SERIES:single,44000,5,30,45455.0000,2950.9729,2842.0000
TRIAL_SERIES:single,44000,5,31,45455.0000,3702.9287,3142.0000
TRIAL_SERIES:single,44000,5,32,45453.0000,3208.0845,2994.0000
TRIAL_SERIES:single,44000,5,33,45456.0000,3290.3435,2926.0000
TRIAL_SERIES:single,44000,5,34,45455.0000,2960.4675,2758.0000
TRIAL_SERIES:single,44000,5,35,45453.0000,3345.7369,2832.0000
TRIAL_SERIES:single,44000,5,36,45454.0000,26552.8510,25309.0000
TRIAL_SERIES:single,44000,5,37,45455.0000,4943.3159,3548.0000
TRIAL_SERIES:single,44000,5,38,45453.0000,2991.1999,2817.0000
TRIAL_SERIES:single,44000,5,39,45458.0000,4269.9675,2815.0000
TRIAL_SERIES:single,44000,5,40,45453.0000,2732.7303,2648.0000
TRIAL_SERIES:single,44000,5,41,45455.0000,3257.7552,2982.0000
TRIAL_SERIES:single,44000,5,42,45454.0000,3029.4622,2863.0000
TRIAL_SERIES:single,44000,5,43,45450.0000,8190.8006,2946.0000
TRIAL_SERIES:single,44000,5,44,45459.0000,2991.9312,2637.0000
TRIAL_SERIES:single,44000,5,45,45455.0000,3366.9118,2883.0000
TRIAL_SERIES:single,44000,5,46,45455.0000,3156.0636,2892.0000
TRIAL_SERIES:single,44000,5,47,45454.0000,3832.5506,3241.0000
TRIAL_SERIES:single,44000,5,48,45455.0000,2685.4916,2558.0000
TRIAL_SERIES:single,44000,5,49,45454.0000,5045.1190,3316.0000
TRIAL_SERIES:single,44000,5,50,45454.0000,3209.4861,3011.0000
TRIAL_SERIES:single,44000,5,51,45452.0000,3846.8807,3161.0000
TRIAL_SERIES:single,44000,5,52,45449.0000,3227.3655,2942.0000
TRIAL_SERIES:single,44000,5,53,45463.0000,121343.5750,163883.0000
TRIAL_SERIES:single,44000,5,54,45452.0000,117925.8999,116849.0000
TRIAL_SERIES:single,44000,5,55,45458.0000,37072.3078,36147.0000
TRIAL_SERIES:single,44000,5,56,45450.0000,72649.8941,85348.5000
TRIAL_SERIES:single,44000,5,57,45459.0000,84933.5919,103533.0000
TRIAL_SERIES:single,44000,5,58,45454.0000,63502.8673,61834.0000
TRIAL_SERIES:single,44000,5,59,45449.0000,7136.9154,3709.0000
TRIAL_SERIES:single,44000,5,60,45461.0000,3133.2040,2927.0000
TRIAL_SERIES:single,44000,5,61,18.0000,2265.3333,1918.5000
TRIAL_RESULT:single,44000,5,44709.6885,3465.0000,38667.0719,3465.0000,364441.0000
[2026-02-28 18:53:19] Eval 1 result: target=44000 avg_thr=44858.5721 median_lat_us=3349.0000 mean_lat_us=2044418.6659 p99_lat_us=2681044.0000 pass=true status=ok
[2026-02-28 18:53:19] Single-target complete: slowdown_type=latency step=0.5ms target=44000 observed_throughput=44858.5721 observed_latency_us=3349.0000
RESULTS:44858.5721,3349.0000
RESULTS_EXT:44858.5721,3349.0000,2044418.6659,3349.0000,2681044.0000
[2026-02-28 18:53:21] Completed step 0.5ms: observed_thr=44858.5721, mean_lat_us=2044418.6659, median_lat_us=3349.0000, p99_lat_us=2681044.0000
[2026-02-28 18:53:21] Starting slowdown-profile step 1ms: target throughput 42000 ops/s, trials=5, duration=60s
[2026-02-28 18:53:21] Restoring snapshot 'baseline' before step 1ms
[2026-02-28 18:55:12] Running mode=single, slowdown_type=latency, step=1ms, client_type=hybrid
[2026-02-28 18:55:15] Warming up cluster with 5 lightweight CQL probe(s) per node
[2026-02-28 18:55:25] Applying latency limit on ccl1.cyber.lab (cassandra-node-1): 1ms via ens18
[2026-02-28 18:55:29] Eval 1: phase=single target=42000 trials=5 duration=60s
[2026-02-28 18:55:29] Benchmark run: phase=single step=1ms target=42000 duration=60s trial=1 attempt=1
TRIAL_SERIES:single,42000,1,1,43475.0000,1217894.1474,1250682.0000
TRIAL_SERIES:single,42000,1,2,43479.0000,3069742.2275,3083989.0000
TRIAL_SERIES:single,42000,1,3,43478.0000,4589212.8325,4619732.5000
TRIAL_SERIES:single,42000,1,4,43481.0000,5787511.7631,5786410.0000
TRIAL_SERIES:single,42000,1,5,43478.0000,6861932.2271,6874128.0000
TRIAL_SERIES:single,42000,1,6,43478.0000,7780936.8564,7777707.5000
TRIAL_SERIES:single,42000,1,7,43479.0000,8558849.4565,8564506.0000
TRIAL_SERIES:single,42000,1,8,43473.0000,9223525.7742,9224028.0000
TRIAL_SERIES:single,42000,1,9,43478.0000,9819511.3309,9827383.0000
TRIAL_SERIES:single,42000,1,10,43482.0000,10332324.5902,10328659.5000
TRIAL_SERIES:single,42000,1,11,43476.0000,10756538.3839,10755644.0000
TRIAL_SERIES:single,42000,1,12,43482.0000,11136741.8766,11147251.0000
TRIAL_SERIES:single,42000,1,13,43478.0000,11471441.5134,11470286.0000
TRIAL_SERIES:single,42000,1,14,43478.0000,11764052.7169,11763379.0000
TRIAL_SERIES:single,42000,1,15,43478.0000,12020332.2890,12027282.0000
TRIAL_SERIES:single,42000,1,16,43479.0000,12269636.0805,12292084.0000
TRIAL_SERIES:single,42000,1,17,43478.0000,12512813.2944,12511697.0000
TRIAL_SERIES:single,42000,1,18,43474.0000,12703655.3876,12708990.5000
TRIAL_SERIES:single,42000,1,19,43483.0000,12893561.5142,12901693.0000
TRIAL_SERIES:single,42000,1,20,43478.0000,13054587.5987,13053491.0000
TRIAL_SERIES:single,42000,1,21,43474.0000,13198813.2074,13197405.5000
TRIAL_SERIES:single,42000,1,22,43482.0000,13363775.0825,13366176.5000
TRIAL_SERIES:single,42000,1,23,43476.0000,13414580.6875,13414721.0000
TRIAL_SERIES:single,42000,1,24,43470.0000,13428485.9917,13428966.5000
TRIAL_SERIES:single,42000,1,25,43490.0000,13425399.9028,13427558.0000
TRIAL_SERIES:single,42000,1,26,43474.0000,13587981.7878,13589597.0000
TRIAL_SERIES:single,42000,1,27,43482.0000,13619777.9563,13561760.0000
TRIAL_SERIES:single,42000,1,28,43479.0000,13681787.3918,13683749.0000
TRIAL_SERIES:single,42000,1,29,43473.0000,13588297.0305,13580583.0000
TRIAL_SERIES:single,42000,1,30,43483.0000,13570115.3744,13536774.0000
TRIAL_SERIES:single,42000,1,31,43477.0000,13589694.3109,13582947.0000
TRIAL_SERIES:single,42000,1,32,43479.0000,13481054.3345,13482008.0000
TRIAL_SERIES:single,42000,1,33,43474.0000,13352156.1131,13359710.5000
TRIAL_SERIES:single,42000,1,34,43483.0000,13199008.2833,13195206.0000
TRIAL_SERIES:single,42000,1,35,43475.0000,13045156.6984,13035889.0000
TRIAL_SERIES:single,42000,1,36,43482.0000,12936391.2889,12940829.0000
TRIAL_SERIES:single,42000,1,37,43475.0000,12776253.2591,12773857.0000
TRIAL_SERIES:single,42000,1,38,43476.0000,12610406.6765,12610010.5000
TRIAL_SERIES:single,42000,1,39,43473.0000,12450223.0239,12446417.0000
TRIAL_SERIES:single,42000,1,40,43488.0000,12321776.8182,12323599.5000
TRIAL_SERIES:single,42000,1,41,43478.0000,12215701.0557,12225032.5000
TRIAL_SERIES:single,42000,1,42,43479.0000,12081970.7608,12081957.0000
TRIAL_SERIES:single,42000,1,43,43473.0000,11919363.6428,11918622.0000
TRIAL_SERIES:single,42000,1,44,43483.0000,11761718.5503,11764787.0000
TRIAL_SERIES:single,42000,1,45,43477.0000,11601618.4799,11600588.0000
TRIAL_SERIES:single,42000,1,46,43468.0000,11457408.4971,11461695.0000
TRIAL_SERIES:single,42000,1,47,43490.0000,11308467.8880,11307599.0000
TRIAL_SERIES:single,42000,1,48,43477.0000,11192943.2705,11191046.0000
TRIAL_SERIES:single,42000,1,49,43479.0000,11108139.1260,11109534.0000
TRIAL_SERIES:single,42000,1,50,43479.0000,11015684.3208,11022596.0000
TRIAL_SERIES:single,42000,1,51,43479.0000,10885229.1742,10887669.0000
TRIAL_SERIES:single,42000,1,52,43477.0000,10739022.2473,10737577.0000
TRIAL_SERIES:single,42000,1,53,43471.0000,10617235.5516,10617048.0000
TRIAL_SERIES:single,42000,1,54,43486.0000,10471106.5626,10474087.0000
TRIAL_SERIES:single,42000,1,55,43478.0000,10314104.2132,10310802.0000
TRIAL_SERIES:single,42000,1,56,43478.0000,10148737.9465,10148722.0000
TRIAL_SERIES:single,42000,1,57,43479.0000,9988520.7623,9990107.0000
TRIAL_SERIES:single,42000,1,58,43478.0000,9830033.9573,9829467.5000
TRIAL_SERIES:single,42000,1,59,43476.0000,9691825.9423,9697746.0000
TRIAL_SERIES:single,42000,1,60,43470.0000,9579673.5840,9583421.0000
TRIAL_SERIES:single,42000,1,61,37.0000,9591027.1081,9591133.0000
TRIAL_SERIES:single,42000,1,62,0.0000,0.0000,0.0000
TRIAL_SERIES:single,42000,1,63,0.0000,0.0000,0.0000
TRIAL_SERIES:single,42000,1,64,0.0000,0.0000,0.0000
TRIAL_SERIES:single,42000,1,65,0.0000,0.0000,0.0000
TRIAL_SERIES:single,42000,1,66,0.0000,0.0000,0.0000
TRIAL_SERIES:single,42000,1,67,0.0000,0.0000,0.0000
TRIAL_SERIES:single,42000,1,68,0.0000,0.0000,0.0000
TRIAL_SERIES:single,42000,1,69,0.0000,0.0000,0.0000
TRIAL_SERIES:single,42000,1,70,0.0000,0.0000,0.0000
TRIAL_RESULT:single,42000,1,42765.9344,11764253.0000,11173230.7976,11764253.0000,13704020.0000
[2026-02-28 18:58:17] Benchmark run: phase=single step=1ms target=42000 duration=60s trial=2 attempt=1
TRIAL_SERIES:single,42000,2,1,43475.0000,28199.0642,28201.0000
TRIAL_SERIES:single,42000,2,2,43481.0000,10176.8910,6247.0000
TRIAL_SERIES:single,42000,2,3,43478.0000,8807.6818,4282.0000
TRIAL_SERIES:single,42000,2,4,43479.0000,3855.4668,3613.0000
TRIAL_SERIES:single,42000,2,5,43468.0000,3823.2020,3600.0000
TRIAL_SERIES:single,42000,2,6,43488.0000,5278.5682,4279.0000
TRIAL_SERIES:single,42000,2,7,43478.0000,3904.2329,3534.0000
TRIAL_SERIES:single,42000,2,8,43479.0000,3535.4971,2771.0000
TRIAL_SERIES:single,42000,2,9,43477.0000,4545.3690,2999.0000
TRIAL_SERIES:single,42000,2,10,43478.0000,3227.4923,2918.0000
TRIAL_SERIES:single,42000,2,11,43480.0000,3393.4723,3292.0000
TRIAL_SERIES:single,42000,2,12,43479.0000,3715.9454,3612.0000
TRIAL_SERIES:single,42000,2,13,43477.0000,3267.8152,3090.0000
TRIAL_SERIES:single,42000,2,14,43479.0000,3544.7381,3321.0000
TRIAL_SERIES:single,42000,2,15,43470.0000,3149.8034,2779.0000
TRIAL_SERIES:single,42000,2,16,43486.0000,3278.7771,2896.0000
TRIAL_SERIES:single,42000,2,17,43478.0000,2993.7805,2719.0000
TRIAL_SERIES:single,42000,2,18,43478.0000,5207.4866,3991.5000
TRIAL_SERIES:single,42000,2,19,43478.0000,4420.5571,3534.0000
TRIAL_SERIES:single,42000,2,20,43479.0000,3134.8074,2874.0000
TRIAL_SERIES:single,42000,2,21,43478.0000,3630.3464,3305.0000
TRIAL_SERIES:single,42000,2,22,43478.0000,3084.2658,2947.0000
TRIAL_SERIES:single,42000,2,23,43477.0000,3133.9113,2940.0000
TRIAL_SERIES:single,42000,2,24,43480.0000,125352.0237,164958.0000
TRIAL_SERIES:single,42000,2,25,43478.0000,98617.1087,98324.0000
TRIAL_SERIES:single,42000,2,26,43478.0000,6516.3829,3585.0000
TRIAL_SERIES:single,42000,2,27,43479.0000,2787.7299,2456.0000
TRIAL_SERIES:single,42000,2,28,43478.0000,3514.0588,2957.5000
TRIAL_SERIES:single,42000,2,29,43479.0000,5265.2386,4683.0000
TRIAL_SERIES:single,42000,2,30,43476.0000,46036.6259,3469.0000
TRIAL_SERIES:single,42000,2,31,43480.0000,93751.9249,88651.5000
TRIAL_SERIES:single,42000,2,32,43478.0000,10090.8317,3859.0000
TRIAL_SERIES:single,42000,2,33,43478.0000,3244.3957,3060.0000
TRIAL_SERIES:single,42000,2,34,43479.0000,3360.8017,2963.0000
TRIAL_SERIES:single,42000,2,35,43478.0000,3009.7798,2733.5000
TRIAL_SERIES:single,42000,2,36,43478.0000,3583.1495,2995.0000
TRIAL_SERIES:single,42000,2,37,43477.0000,4177.6779,3527.0000
TRIAL_SERIES:single,42000,2,38,43479.0000,2989.0347,2497.0000
TRIAL_SERIES:single,42000,2,39,43478.0000,3341.3275,3013.0000
TRIAL_SERIES:single,42000,2,40,43479.0000,3037.1712,2323.0000
TRIAL_SERIES:single,42000,2,41,43478.0000,4934.7980,2709.0000
TRIAL_SERIES:single,42000,2,42,43478.0000,44167.6023,3579.0000
TRIAL_SERIES:single,42000,2,43,43468.0000,128002.0279,124060.5000
TRIAL_SERIES:single,42000,2,44,43489.0000,35377.4517,27445.0000
TRIAL_SERIES:single,42000,2,45,43478.0000,34220.0035,29930.0000
TRIAL_SERIES:single,42000,2,46,43479.0000,59740.6930,59913.0000
TRIAL_SERIES:single,42000,2,47,43477.0000,11767.5920,3991.0000
TRIAL_SERIES:single,42000,2,48,43479.0000,3636.1199,3124.0000
TRIAL_SERIES:single,42000,2,49,43477.0000,3833.5037,2828.0000
TRIAL_SERIES:single,42000,2,50,43471.0000,30630.0152,3788.0000
TRIAL_SERIES:single,42000,2,51,43485.0000,32547.6224,26879.0000
TRIAL_SERIES:single,42000,2,52,43480.0000,3208.5165,3046.0000
TRIAL_SERIES:single,42000,2,53,43479.0000,3301.7933,3119.0000
TRIAL_SERIES:single,42000,2,54,43477.0000,3073.6888,2683.0000
TRIAL_SERIES:single,42000,2,55,43480.0000,3237.3918,2797.5000
TRIAL_SERIES:single,42000,2,56,43477.0000,3303.1481,2453.0000
TRIAL_SERIES:single,42000,2,57,43479.0000,2810.9006,2425.0000
TRIAL_SERIES:single,42000,2,58,43477.0000,3449.1357,2703.0000
TRIAL_SERIES:single,42000,2,59,43478.0000,3283.2205,2872.0000
TRIAL_SERIES:single,42000,2,60,43479.0000,2738.6805,2363.0000
TRIAL_SERIES:single,42000,2,61,17.0000,2118.0000,1696.0000
TRIAL_RESULT:single,42000,2,42765.7705,3609.0000,15953.7719,3609.0000,178446.0000
[2026-02-28 19:00:50] Benchmark run: phase=single step=1ms target=42000 duration=60s trial=3 attempt=1
TRIAL_SERIES:single,42000,3,1,43477.0000,45122.6459,49363.0000
TRIAL_SERIES:single,42000,3,2,43478.0000,43721.5175,45157.0000
TRIAL_SERIES:single,42000,3,3,43478.0000,4510.6273,3644.0000
TRIAL_SERIES:single,42000,3,4,43480.0000,3227.2819,2938.0000
TRIAL_SERIES:single,42000,3,5,43478.0000,3291.7762,2804.0000
TRIAL_SERIES:single,42000,3,6,43477.0000,4048.1130,3616.0000
TRIAL_SERIES:single,42000,3,7,43478.0000,3838.5590,3664.0000
TRIAL_SERIES:single,42000,3,8,43480.0000,4333.8458,3506.0000
TRIAL_SERIES:single,42000,3,9,43479.0000,4606.0687,3539.0000
TRIAL_SERIES:single,42000,3,10,43478.0000,3298.4179,2911.0000
TRIAL_SERIES:single,42000,3,11,43478.0000,3531.6095,3195.0000
TRIAL_SERIES:single,42000,3,12,43478.0000,5386.5987,3536.0000
TRIAL_SERIES:single,42000,3,13,43478.0000,84390.6959,112045.0000
TRIAL_SERIES:single,42000,3,14,43478.0000,41260.2406,35630.0000
TRIAL_SERIES:single,42000,3,15,43477.0000,3219.0972,2819.0000
TRIAL_SERIES:single,42000,3,16,43480.0000,17855.0953,3936.0000
TRIAL_SERIES:single,42000,3,17,43478.0000,7455.5376,4398.0000
TRIAL_SERIES:single,42000,3,18,43479.0000,3244.2458,2615.0000
TRIAL_SERIES:single,42000,3,19,43478.0000,4765.6474,2797.0000
TRIAL_SERIES:single,42000,3,20,43477.0000,3829.8105,3378.0000
TRIAL_SERIES:single,42000,3,21,43479.0000,3238.8653,3124.0000
TRIAL_SERIES:single,42000,3,22,43478.0000,3069.4064,2758.0000
TRIAL_SERIES:single,42000,3,23,43478.0000,3143.9152,2900.0000
TRIAL_SERIES:single,42000,3,24,43479.0000,83314.8493,130103.0000
TRIAL_SERIES:single,42000,3,25,43476.0000,72787.0672,71907.0000
TRIAL_SERIES:single,42000,3,26,43481.0000,5654.2365,3895.0000
TRIAL_SERIES:single,42000,3,27,43474.0000,3843.8439,3253.0000
TRIAL_SERIES:single,42000,3,28,43482.0000,4543.7105,3797.0000
TRIAL_SERIES:single,42000,3,29,43478.0000,4459.4948,3483.0000
TRIAL_SERIES:single,42000,3,30,43475.0000,4072.6410,3824.0000
TRIAL_SERIES:single,42000,3,31,43482.0000,3327.9766,3223.0000
TRIAL_SERIES:single,42000,3,32,43478.0000,4349.5800,3911.5000
TRIAL_SERIES:single,42000,3,33,43478.0000,3686.0249,3517.0000
TRIAL_SERIES:single,42000,3,34,43478.0000,104227.9464,106207.5000
TRIAL_SERIES:single,42000,3,35,43479.0000,38720.7160,36101.0000
TRIAL_SERIES:single,42000,3,36,43478.0000,4102.0588,3629.0000
TRIAL_SERIES:single,42000,3,37,43476.0000,5273.0459,3833.0000
TRIAL_SERIES:single,42000,3,38,43481.0000,5208.7445,4010.0000
TRIAL_SERIES:single,42000,3,39,43474.0000,43677.6061,5442.5000
TRIAL_SERIES:single,42000,3,40,43482.0000,104287.1089,108444.0000
TRIAL_SERIES:single,42000,3,41,43476.0000,31102.2461,28423.5000
TRIAL_SERIES:single,42000,3,42,43480.0000,6304.5330,4303.5000
TRIAL_SERIES:single,42000,3,43,43479.0000,3248.5085,3179.0000
TRIAL_SERIES:single,42000,3,44,43478.0000,7343.0071,4677.0000
TRIAL_SERIES:single,42000,3,45,43479.0000,3891.4565,3610.0000
TRIAL_SERIES:single,42000,3,46,43478.0000,6322.8999,4866.5000
TRIAL_SERIES:single,42000,3,47,43475.0000,5361.2713,4328.0000
TRIAL_SERIES:single,42000,3,48,43481.0000,6368.5826,4346.0000
TRIAL_SERIES:single,42000,3,49,43479.0000,5377.1145,3537.0000
TRIAL_SERIES:single,42000,3,50,43468.0000,4912.6461,4006.0000
TRIAL_SERIES:single,42000,3,51,43488.0000,3943.0983,3729.0000
TRIAL_SERIES:single,42000,3,52,43475.0000,3672.9206,3567.0000
TRIAL_SERIES:single,42000,3,53,43482.0000,6195.0136,3770.0000
TRIAL_SERIES:single,42000,3,54,43477.0000,3896.4619,3599.0000
TRIAL_SERIES:single,42000,3,55,43479.0000,3414.2336,3368.0000
TRIAL_SERIES:single,42000,3,56,43478.0000,3948.9690,3732.0000
TRIAL_SERIES:single,42000,3,57,43478.0000,4542.0415,3934.0000
TRIAL_SERIES:single,42000,3,58,43479.0000,6958.0589,5035.0000
TRIAL_SERIES:single,42000,3,59,43476.0000,4677.1552,4015.0000
TRIAL_SERIES:single,42000,3,60,43478.0000,3940.3435,3613.0000
TRIAL_SERIES:single,42000,3,61,28.0000,3441.1786,3279.5000
TRIAL_RESULT:single,42000,3,42765.9180,3947.0000,15422.3252,3947.0000,134550.0000
[2026-02-28 19:03:24] Benchmark run: phase=single step=1ms target=42000 duration=60s trial=4 attempt=1
TRIAL_SERIES:single,42000,4,1,43477.0000,67855.8374,75082.0000
TRIAL_SERIES:single,42000,4,2,43474.0000,132267.0219,94084.0000
TRIAL_SERIES:single,42000,4,3,43483.0000,294072.9625,222740.0000
TRIAL_SERIES:single,42000,4,4,43478.0000,347758.5437,348720.0000
TRIAL_SERIES:single,42000,4,5,43475.0000,300756.2884,287822.0000
TRIAL_SERIES:single,42000,4,6,43478.0000,344335.2604,337083.5000
TRIAL_SERIES:single,42000,4,7,43482.0000,322729.1015,324172.5000
TRIAL_SERIES:single,42000,4,8,43479.0000,291018.1593,292066.0000
TRIAL_SERIES:single,42000,4,9,43478.0000,272444.6992,271482.0000
TRIAL_SERIES:single,42000,4,10,43475.0000,260770.5083,258588.0000
TRIAL_SERIES:single,42000,4,11,43472.0000,243639.8498,244161.5000
TRIAL_SERIES:single,42000,4,12,43486.0000,224864.6304,226889.5000
TRIAL_SERIES:single,42000,4,13,43480.0000,218198.6941,211304.5000
TRIAL_SERIES:single,42000,4,14,43478.0000,214595.9730,218173.0000
TRIAL_SERIES:single,42000,4,15,43477.0000,180824.3124,181066.0000
TRIAL_SERIES:single,42000,4,16,43479.0000,210488.4529,244501.0000
TRIAL_SERIES:single,42000,4,17,43479.0000,243102.8733,243731.0000
TRIAL_SERIES:single,42000,4,18,43475.0000,223350.5810,226096.0000
TRIAL_SERIES:single,42000,4,19,43481.0000,183815.2926,183486.0000
TRIAL_SERIES:single,42000,4,20,43479.0000,155885.1926,157836.0000
TRIAL_SERIES:single,42000,4,21,43476.0000,118451.1053,116153.5000
TRIAL_SERIES:single,42000,4,22,43478.0000,89252.5095,87230.0000
TRIAL_SERIES:single,42000,4,23,43476.0000,55099.9691,50553.5000
TRIAL_SERIES:single,42000,4,24,43483.0000,45814.5961,45679.0000
TRIAL_SERIES:single,42000,4,25,43476.0000,47424.9779,47533.0000
TRIAL_SERIES:single,42000,4,26,43480.0000,32877.7335,32428.0000
TRIAL_SERIES:single,42000,4,27,43477.0000,38842.0219,39613.0000
TRIAL_SERIES:single,42000,4,28,43476.0000,31194.5402,32964.5000
TRIAL_SERIES:single,42000,4,29,43482.0000,17243.8162,17145.0000
TRIAL_SERIES:single,42000,4,30,43479.0000,7450.5717,5674.0000
TRIAL_SERIES:single,42000,4,31,43475.0000,15816.0182,4151.0000
TRIAL_SERIES:single,42000,4,32,43481.0000,97783.9710,98923.0000
TRIAL_SERIES:single,42000,4,33,43477.0000,55213.1512,54840.0000
TRIAL_SERIES:single,42000,4,34,43450.0000,24273.0833,17222.0000
TRIAL_SERIES:single,42000,4,35,43506.0000,133190.3443,134643.0000
TRIAL_SERIES:single,42000,4,36,43480.0000,103846.0011,104403.0000
TRIAL_SERIES:single,42000,4,37,43478.0000,71895.7991,68468.0000
TRIAL_SERIES:single,42000,4,38,43477.0000,48516.4568,48877.0000
TRIAL_SERIES:single,42000,4,39,43479.0000,18437.8275,20182.0000
TRIAL_SERIES:single,42000,4,40,43468.0000,4320.1553,3976.0000
TRIAL_SERIES:single,42000,4,41,43489.0000,5275.4809,4764.0000
TRIAL_SERIES:single,42000,4,42,43478.0000,5836.7711,5355.0000
TRIAL_SERIES:single,42000,4,43,43479.0000,8392.8055,7394.0000
TRIAL_SERIES:single,42000,4,44,43478.0000,8605.7385,7492.0000
TRIAL_SERIES:single,42000,4,45,43478.0000,4405.6833,4143.5000
TRIAL_SERIES:single,42000,4,46,43479.0000,10376.6596,10513.0000
TRIAL_SERIES:single,42000,4,47,43479.0000,4527.3316,4256.0000
TRIAL_SERIES:single,42000,4,48,43478.0000,10736.2858,8981.5000
TRIAL_SERIES:single,42000,4,49,43476.0000,9629.3997,9689.5000
TRIAL_SERIES:single,42000,4,50,43480.0000,6988.7718,6621.0000
TRIAL_SERIES:single,42000,4,51,43478.0000,8460.7260,7315.0000
TRIAL_SERIES:single,42000,4,52,43478.0000,18100.0828,20149.5000
TRIAL_SERIES:single,42000,4,53,43478.0000,42155.4342,23921.0000
TRIAL_SERIES:single,42000,4,54,43472.0000,126816.8489,126610.0000
TRIAL_SERIES:single,42000,4,55,43485.0000,99220.4605,98974.0000
TRIAL_SERIES:single,42000,4,56,43477.0000,60854.3171,57459.0000
TRIAL_SERIES:single,42000,4,57,43480.0000,36611.4467,38019.0000
TRIAL_SERIES:single,42000,4,58,43476.0000,26614.1799,27033.0000
TRIAL_SERIES:single,42000,4,59,43478.0000,13831.7221,13141.0000
TRIAL_SERIES:single,42000,4,60,43480.0000,7985.3129,4776.0000
TRIAL_SERIES:single,42000,4,61,4.0000,3475.5000,3577.5000
TRIAL_RESULT:single,42000,4,42765.5574,53247.0000,105086.9118,53247.0000,374930.0000
[2026-02-28 19:05:56] Benchmark run: phase=single step=1ms target=42000 duration=60s trial=5 attempt=1
TRIAL_SERIES:single,42000,5,1,43477.0000,128938.7727,131423.0000
TRIAL_SERIES:single,42000,5,2,43478.0000,438053.9062,438797.5000
TRIAL_SERIES:single,42000,5,3,43478.0000,385677.5031,384157.0000
TRIAL_SERIES:single,42000,5,4,43480.0000,310662.0895,307386.0000
TRIAL_SERIES:single,42000,5,5,43479.0000,234017.9271,232215.0000
TRIAL_SERIES:single,42000,5,6,43474.0000,151633.4536,154114.5000
TRIAL_SERIES:single,42000,5,7,43479.0000,85928.9498,89360.0000
TRIAL_SERIES:single,42000,5,8,43479.0000,29360.6824,35351.0000
TRIAL_SERIES:single,42000,5,9,43481.0000,5466.6504,3989.0000
TRIAL_SERIES:single,42000,5,10,43475.0000,4141.9778,3827.0000
TRIAL_SERIES:single,42000,5,11,43480.0000,5324.1561,4565.0000
TRIAL_SERIES:single,42000,5,12,43480.0000,10724.4246,6332.0000
TRIAL_SERIES:single,42000,5,13,43475.0000,7144.9147,4187.0000
TRIAL_SERIES:single,42000,5,14,43480.0000,8637.9176,4553.0000
TRIAL_SERIES:single,42000,5,15,43479.0000,4412.5619,3905.0000
TRIAL_SERIES:single,42000,5,16,43478.0000,4490.7891,4033.0000
TRIAL_SERIES:single,42000,5,17,43471.0000,5229.3595,4315.0000
TRIAL_SERIES:single,42000,5,18,43486.0000,5316.2834,3870.0000
TRIAL_SERIES:single,42000,5,19,43478.0000,5403.2963,4024.5000
TRIAL_SERIES:single,42000,5,20,43478.0000,4274.7872,3748.0000
TRIAL_SERIES:single,42000,5,21,43478.0000,4269.2924,3757.0000
TRIAL_SERIES:single,42000,5,22,43479.0000,6457.4144,4505.0000
TRIAL_SERIES:single,42000,5,23,43478.0000,4336.5253,4118.5000
TRIAL_SERIES:single,42000,5,24,43478.0000,4050.3583,3956.0000
TRIAL_SERIES:single,42000,5,25,43478.0000,4333.8332,4128.5000
TRIAL_SERIES:single,42000,5,26,43478.0000,4293.2948,4019.0000
TRIAL_SERIES:single,42000,5,27,43478.0000,5604.8186,4556.0000
TRIAL_SERIES:single,42000,5,28,43478.0000,77644.3058,17451.5000
TRIAL_SERIES:single,42000,5,29,43477.0000,219655.6650,263935.0000
TRIAL_SERIES:single,42000,5,30,43481.0000,223796.4870,229354.0000
TRIAL_SERIES:single,42000,5,31,43477.0000,145128.3911,152158.0000
TRIAL_SERIES:single,42000,5,32,43478.0000,76812.9874,77048.0000
TRIAL_SERIES:single,42000,5,33,43480.0000,19768.7382,14261.0000
TRIAL_SERIES:single,42000,5,34,43476.0000,4016.1117,3871.0000
TRIAL_SERIES:single,42000,5,35,43480.0000,4721.6390,4101.0000
TRIAL_SERIES:single,42000,5,36,43478.0000,53335.5836,6261.0000
TRIAL_SERIES:single,42000,5,37,43472.0000,73659.0204,77889.5000
TRIAL_SERIES:single,42000,5,38,43484.0000,20734.8349,14213.0000
TRIAL_SERIES:single,42000,5,39,43480.0000,5170.5433,4070.0000
TRIAL_SERIES:single,42000,5,40,43477.0000,4516.3207,4101.0000
TRIAL_SERIES:single,42000,5,41,43478.0000,5374.2653,4317.0000
TRIAL_SERIES:single,42000,5,42,43479.0000,6743.2617,4340.0000
TRIAL_SERIES:single,42000,5,43,43478.0000,4958.6790,4029.0000
TRIAL_SERIES:single,42000,5,44,43479.0000,4710.9183,4273.0000
TRIAL_SERIES:single,42000,5,45,43478.0000,4924.8436,3909.0000
TRIAL_SERIES:single,42000,5,46,43478.0000,6080.9492,4038.0000
TRIAL_SERIES:single,42000,5,47,43478.0000,4802.6139,4131.0000
TRIAL_SERIES:single,42000,5,48,43479.0000,4531.9336,3887.0000
TRIAL_SERIES:single,42000,5,49,43477.0000,6031.5056,4109.0000
TRIAL_SERIES:single,42000,5,50,43478.0000,6851.3626,4171.0000
TRIAL_SERIES:single,42000,5,51,43478.0000,4238.2392,3817.0000
TRIAL_SERIES:single,42000,5,52,43479.0000,4310.5536,4030.0000
TRIAL_SERIES:single,42000,5,53,43479.0000,4790.1299,4142.0000
TRIAL_SERIES:single,42000,5,54,43477.0000,4444.0503,4224.0000
TRIAL_SERIES:single,42000,5,55,43479.0000,5168.3393,4330.0000
TRIAL_SERIES:single,42000,5,56,43479.0000,5296.1468,4052.0000
TRIAL_SERIES:single,42000,5,57,43477.0000,4919.9547,4231.0000
TRIAL_SERIES:single,42000,5,58,43479.0000,168944.4337,172557.0000
TRIAL_SERIES:single,42000,5,59,43471.0000,121527.3975,116648.0000
TRIAL_SERIES:single,42000,5,60,43485.0000,153696.2053,154051.0000
TRIAL_SERIES:single,42000,5,61,15.0000,110877.2000,110685.0000
TRIAL_RESULT:single,42000,5,42765.7377,5040.0000,55491.8199,5040.0000,437370.0000
[2026-02-28 19:08:35] Eval 1 result: target=42000 avg_thr=42765.7836 median_lat_us=5040.0000 mean_lat_us=2273037.1253 p99_lat_us=2965863.2000 pass=true status=ok
[2026-02-28 19:08:35] Single-target complete: slowdown_type=latency step=1ms target=42000 observed_throughput=42765.7836 observed_latency_us=5040.0000
RESULTS:42765.7836,5040.0000
RESULTS_EXT:42765.7836,5040.0000,2273037.1253,5040.0000,2965863.2000
[2026-02-28 19:08:37] Completed step 1ms: observed_thr=42765.7836, mean_lat_us=2273037.1253, median_lat_us=5040.0000, p99_lat_us=2965863.2000
[2026-02-28 19:08:37] Starting slowdown-profile step 5ms: target throughput 38000 ops/s, trials=5, duration=60s
[2026-02-28 19:08:37] Restoring snapshot 'baseline' before step 5ms
[2026-02-28 19:10:28] Running mode=single, slowdown_type=latency, step=5ms, client_type=hybrid
[2026-02-28 19:10:30] Warming up cluster with 5 lightweight CQL probe(s) per node
[2026-02-28 19:10:41] Applying latency limit on ccl1.cyber.lab (cassandra-node-1): 5ms via ens18
[2026-02-28 19:10:45] Eval 1: phase=single target=38000 trials=5 duration=60s
[2026-02-28 19:10:45] Benchmark run: phase=single step=5ms target=38000 duration=60s trial=1 attempt=1
TRIAL_SERIES:single,38000,1,1,38461.0000,1247869.0400,1270512.0000
TRIAL_SERIES:single,38000,1,2,38462.0000,2959325.0518,2970904.0000
TRIAL_SERIES:single,38000,1,3,38460.0000,4296413.6729,4281770.0000
TRIAL_SERIES:single,38000,1,4,38462.0000,5512143.7589,5504721.5000
TRIAL_SERIES:single,38000,1,5,38462.0000,6580013.8775,6583154.5000
TRIAL_SERIES:single,38000,1,6,38461.0000,7506832.5578,7503637.0000
TRIAL_SERIES:single,38000,1,7,38456.0000,8362862.2923,8356582.5000
TRIAL_SERIES:single,38000,1,8,38467.0000,9151224.3216,9150264.0000
TRIAL_SERIES:single,38000,1,9,38461.0000,9866468.2544,9866251.0000
TRIAL_SERIES:single,38000,1,10,38456.0000,10586264.1267,10595151.0000
TRIAL_SERIES:single,38000,1,11,38469.0000,11240239.1474,11241132.0000
TRIAL_SERIES:single,38000,1,12,38456.0000,11823250.3855,11824937.0000
TRIAL_SERIES:single,38000,1,13,38467.0000,12356416.5600,12360452.0000
TRIAL_SERIES:single,38000,1,14,38462.0000,12836295.2176,12846252.5000
TRIAL_SERIES:single,38000,1,15,38459.0000,13275322.4345,13273124.0000
TRIAL_SERIES:single,38000,1,16,38458.0000,13663918.8199,13661383.0000
TRIAL_SERIES:single,38000,1,17,38468.0000,14024915.1692,14024098.5000
TRIAL_SERIES:single,38000,1,18,38460.0000,14356185.4835,14354518.0000
TRIAL_SERIES:single,38000,1,19,38454.0000,14636382.0651,14634311.5000
TRIAL_SERIES:single,38000,1,20,38468.0000,14877350.1311,14878274.0000
TRIAL_SERIES:single,38000,1,21,38464.0000,15110299.5779,15110246.5000
TRIAL_SERIES:single,38000,1,22,38458.0000,15347028.0321,15343531.5000
TRIAL_SERIES:single,38000,1,23,38449.0000,15599806.1312,15592776.0000
TRIAL_SERIES:single,38000,1,24,38474.0000,15796292.7322,15795439.0000
TRIAL_SERIES:single,38000,1,25,38457.0000,15975368.0648,15975347.0000
TRIAL_SERIES:single,38000,1,26,38469.0000,16367730.4883,16390673.0000
TRIAL_SERIES:single,38000,1,27,38461.0000,16500651.6872,16498171.0000
TRIAL_SERIES:single,38000,1,28,38460.0000,16611733.3641,16615421.5000
TRIAL_SERIES:single,38000,1,29,38462.0000,16740282.2113,16743965.0000
TRIAL_SERIES:single,38000,1,30,38462.0000,16824650.1607,16826462.0000
TRIAL_SERIES:single,38000,1,31,38449.0000,17066354.5823,17082702.0000
TRIAL_SERIES:single,38000,1,32,38475.0000,17120084.3929,17119772.0000
TRIAL_SERIES:single,38000,1,33,38455.0000,17163894.8993,17165928.0000
TRIAL_SERIES:single,38000,1,34,38467.0000,17136144.5314,17138675.0000
TRIAL_SERIES:single,38000,1,35,38462.0000,17102460.1429,17105279.0000
TRIAL_SERIES:single,38000,1,36,38461.0000,17071446.4215,17073211.0000
TRIAL_SERIES:single,38000,1,37,38463.0000,17031343.6309,17033175.0000
TRIAL_SERIES:single,38000,1,38,38458.0000,16985980.0939,16983766.5000
TRIAL_SERIES:single,38000,1,39,38465.0000,16938548.2208,16942262.0000
TRIAL_SERIES:single,38000,1,40,38462.0000,16975237.6726,16912041.0000
TRIAL_SERIES:single,38000,1,41,38453.0000,17074486.1516,17073130.0000
TRIAL_SERIES:single,38000,1,42,38469.0000,17033404.9687,17034234.0000
TRIAL_SERIES:single,38000,1,43,38463.0000,16994801.0658,16994704.0000
TRIAL_SERIES:single,38000,1,44,38459.0000,16984268.0462,16982627.0000
TRIAL_SERIES:single,38000,1,45,38463.0000,16937323.9727,16937291.0000
TRIAL_SERIES:single,38000,1,46,38461.0000,16907504.9320,16908961.0000
TRIAL_SERIES:single,38000,1,47,38461.0000,16868342.1251,16867705.0000
TRIAL_SERIES:single,38000,1,48,38463.0000,16835511.4217,16834865.0000
TRIAL_SERIES:single,38000,1,49,38461.0000,16810609.1218,16813272.0000
TRIAL_SERIES:single,38000,1,50,38462.0000,16770702.4182,16773666.0000
TRIAL_SERIES:single,38000,1,51,38462.0000,16721628.1648,16720496.0000
TRIAL_SERIES:single,38000,1,52,38460.0000,16683048.9493,16681857.5000
TRIAL_SERIES:single,38000,1,53,38461.0000,16637715.9023,16636847.0000
TRIAL_SERIES:single,38000,1,54,38461.0000,16639282.8965,16640472.0000
TRIAL_SERIES:single,38000,1,55,38461.0000,16604555.0311,16606463.0000
TRIAL_SERIES:single,38000,1,56,38463.0000,16537461.1739,16536117.0000
TRIAL_SERIES:single,38000,1,57,38463.0000,16482916.1652,16482711.0000
TRIAL_SERIES:single,38000,1,58,38460.0000,16542423.6068,16565945.5000
TRIAL_SERIES:single,38000,1,59,38457.0000,16550825.2336,16551208.0000
TRIAL_SERIES:single,38000,1,60,38468.0000,16520259.4634,16517588.5000
TRIAL_SERIES:single,38000,1,61,17.0000,16503961.8824,16500798.0000
TRIAL_SERIES:single,38000,1,62,0.0000,0.0000,0.0000
TRIAL_SERIES:single,38000,1,63,0.0000,0.0000,0.0000
TRIAL_SERIES:single,38000,1,64,0.0000,0.0000,0.0000
TRIAL_SERIES:single,38000,1,65,0.0000,0.0000,0.0000
TRIAL_SERIES:single,38000,1,66,0.0000,0.0000,0.0000
TRIAL_SERIES:single,38000,1,67,0.0000,0.0000,0.0000
TRIAL_SERIES:single,38000,1,68,0.0000,0.0000,0.0000
TRIAL_SERIES:single,38000,1,69,0.0000,0.0000,0.0000
TRIAL_SERIES:single,38000,1,70,0.0000,0.0000,0.0000
TRIAL_SERIES:single,38000,1,71,0.0000,0.0000,0.0000
TRIAL_SERIES:single,38000,1,72,0.0000,0.0000,0.0000
TRIAL_SERIES:single,38000,1,73,0.0000,0.0000,0.0000
TRIAL_SERIES:single,38000,1,74,0.0000,0.0000,0.0000
TRIAL_SERIES:single,38000,1,75,0.0000,0.0000,0.0000
TRIAL_SERIES:single,38000,1,76,0.0000,0.0000,0.0000
TRIAL_SERIES:single,38000,1,77,0.0000,0.0000,0.0000
TRIAL_RESULT:single,38000,1,37831.3115,16545008.0000,14429398.5988,16545008.0000,17162545.0000
[2026-02-28 19:13:29] Benchmark run: phase=single step=5ms target=38000 duration=60s trial=2 attempt=1
TRIAL_SERIES:single,38000,2,1,38462.0000,53938.5045,49035.0000
TRIAL_SERIES:single,38000,2,2,38460.0000,141950.0885,155078.0000
TRIAL_SERIES:single,38000,2,3,38462.0000,149655.9439,143976.5000
TRIAL_SERIES:single,38000,2,4,38461.0000,138696.1127,139591.0000
TRIAL_SERIES:single,38000,2,5,38463.0000,103897.8612,105334.0000
TRIAL_SERIES:single,38000,2,6,38460.0000,77928.1445,78204.5000
TRIAL_SERIES:single,38000,2,7,38460.0000,71319.4330,71419.5000
TRIAL_SERIES:single,38000,2,8,38464.0000,21373.4647,15506.5000
TRIAL_SERIES:single,38000,2,9,38462.0000,9337.0549,10175.0000
TRIAL_SERIES:single,38000,2,10,38461.0000,5772.8120,3144.0000
TRIAL_SERIES:single,38000,2,11,38462.0000,5760.2225,3079.0000
TRIAL_SERIES:single,38000,2,12,38461.0000,5920.8818,3364.0000
TRIAL_SERIES:single,38000,2,13,38462.0000,11347.2073,11247.0000
TRIAL_SERIES:single,38000,2,14,38462.0000,5946.3405,3089.0000
TRIAL_SERIES:single,38000,2,15,38461.0000,5654.3360,2957.0000
TRIAL_SERIES:single,38000,2,16,38461.0000,5917.3256,2906.0000
TRIAL_SERIES:single,38000,2,17,38460.0000,8648.4505,7383.0000
TRIAL_SERIES:single,38000,2,18,38463.0000,5856.5630,3183.0000
TRIAL_SERIES:single,38000,2,19,38461.0000,73804.9965,77245.0000
TRIAL_SERIES:single,38000,2,20,38462.0000,20096.0656,18234.5000
TRIAL_SERIES:single,38000,2,21,38461.0000,5791.4058,3147.0000
TRIAL_SERIES:single,38000,2,22,38463.0000,6740.3418,4485.0000
TRIAL_SERIES:single,38000,2,23,38462.0000,6219.9136,3724.0000
TRIAL_SERIES:single,38000,2,24,38460.0000,5555.1945,2725.0000
TRIAL_SERIES:single,38000,2,25,38463.0000,6342.8145,4050.0000
TRIAL_SERIES:single,38000,2,26,38459.0000,264256.3331,385378.0000
TRIAL_SERIES:single,38000,2,27,38463.0000,355963.6334,354926.0000
TRIAL_SERIES:single,38000,2,28,38461.0000,294599.5235,295084.0000
TRIAL_SERIES:single,38000,2,29,38463.0000,239573.2819,242826.0000
TRIAL_SERIES:single,38000,2,30,38461.0000,175335.1305,174018.0000
TRIAL_SERIES:single,38000,2,31,38462.0000,116509.9563,119708.0000
TRIAL_SERIES:single,38000,2,32,38462.0000,67191.3501,65453.0000
TRIAL_SERIES:single,38000,2,33,38460.0000,20447.3486,18337.5000
TRIAL_SERIES:single,38000,2,34,38463.0000,135604.9522,148178.0000
TRIAL_SERIES:single,38000,2,35,38461.0000,100414.2222,98684.0000
TRIAL_SERIES:single,38000,2,36,38461.0000,69058.4984,67725.0000
TRIAL_SERIES:single,38000,2,37,38461.0000,25317.9779,27094.0000
TRIAL_SERIES:single,38000,2,38,38462.0000,7570.2399,4451.0000
TRIAL_SERIES:single,38000,2,39,38462.0000,6275.1311,3606.0000
TRIAL_SERIES:single,38000,2,40,38461.0000,6990.9032,2915.0000
TRIAL_SERIES:single,38000,2,41,38461.0000,7444.7082,4978.0000
TRIAL_SERIES:single,38000,2,42,38461.0000,5878.4283,3339.0000
TRIAL_SERIES:single,38000,2,43,38462.0000,6459.6153,3774.5000
TRIAL_SERIES:single,38000,2,44,38463.0000,6226.4411,3366.0000
TRIAL_SERIES:single,38000,2,45,38461.0000,6868.4470,3720.0000
TRIAL_SERIES:single,38000,2,46,38461.0000,6268.1434,3356.0000
TRIAL_SERIES:single,38000,2,47,38462.0000,6669.5240,3157.5000
TRIAL_SERIES:single,38000,2,48,38461.0000,5420.5145,2618.0000
TRIAL_SERIES:single,38000,2,49,38463.0000,6049.2978,3032.0000
TRIAL_SERIES:single,38000,2,50,38460.0000,5568.9726,2729.0000
TRIAL_SERIES:single,38000,2,51,38463.0000,7930.6751,7832.0000
TRIAL_SERIES:single,38000,2,52,38461.0000,7158.1769,3641.0000
TRIAL_SERIES:single,38000,2,53,38461.0000,5623.5025,2760.0000
TRIAL_SERIES:single,38000,2,54,38461.0000,5561.3765,2870.0000
TRIAL_SERIES:single,38000,2,55,38462.0000,5752.7643,2826.0000
TRIAL_SERIES:single,38000,2,56,38455.0000,39853.3170,42074.0000
TRIAL_SERIES:single,38000,2,57,38468.0000,8335.6178,7026.5000
TRIAL_SERIES:single,38000,2,58,38461.0000,5562.2321,2874.0000
TRIAL_SERIES:single,38000,2,59,38458.0000,88870.4591,94764.0000
TRIAL_SERIES:single,38000,2,60,38457.0000,22156.5778,17462.0000
TRIAL_SERIES:single,38000,2,61,0.0000,0.0000,0.0000
TRIAL_RESULT:single,38000,2,38461.3833,11737.0000,51637.1859,11737.0000,382718.0000
[2026-02-28 19:15:47] Benchmark run: phase=single step=5ms target=38000 duration=60s trial=3 attempt=1
TRIAL_SERIES:single,38000,3,1,38461.0000,9632.1403,10804.0000
TRIAL_SERIES:single,38000,3,2,38459.0000,6102.1702,3449.0000
TRIAL_SERIES:single,38000,3,3,38463.0000,41284.2722,8274.0000
TRIAL_SERIES:single,38000,3,4,38462.0000,125469.6134,127542.5000
TRIAL_SERIES:single,38000,3,5,38461.0000,57848.5490,56563.0000
TRIAL_SERIES:single,38000,3,6,38452.0000,9053.4376,7253.5000
TRIAL_SERIES:single,38000,3,7,38473.0000,11831.9839,11361.0000
TRIAL_SERIES:single,38000,3,8,38459.0000,5755.0686,2925.0000
TRIAL_SERIES:single,38000,3,9,38464.0000,7483.7164,3317.0000
TRIAL_SERIES:single,38000,3,10,38461.0000,5515.0901,2677.0000
TRIAL_SERIES:single,38000,3,11,38457.0000,110094.6837,188223.0000
TRIAL_SERIES:single,38000,3,12,38459.0000,150421.2350,151758.0000
TRIAL_SERIES:single,38000,3,13,38467.0000,75023.0054,74003.0000
TRIAL_SERIES:single,38000,3,14,38463.0000,12141.3035,11319.0000
TRIAL_SERIES:single,38000,3,15,38461.0000,5336.4091,2328.0000
TRIAL_SERIES:single,38000,3,16,38463.0000,5846.3612,2733.0000
TRIAL_SERIES:single,38000,3,17,38457.0000,6172.1848,3145.0000
TRIAL_SERIES:single,38000,3,18,38465.0000,5901.8703,2968.0000
TRIAL_SERIES:single,38000,3,19,38462.0000,6789.2851,2929.5000
TRIAL_SERIES:single,38000,3,20,38461.0000,5532.7693,2615.0000
TRIAL_SERIES:single,38000,3,21,38462.0000,6285.4981,2961.0000
TRIAL_SERIES:single,38000,3,22,38461.0000,5580.1733,2792.0000
TRIAL_SERIES:single,38000,3,23,38463.0000,11308.6471,11244.0000
TRIAL_SERIES:single,38000,3,24,38461.0000,5951.5105,3262.0000
TRIAL_SERIES:single,38000,3,25,38460.0000,5853.2170,2958.0000
TRIAL_SERIES:single,38000,3,26,38463.0000,6294.7399,3282.0000
TRIAL_SERIES:single,38000,3,27,38460.0000,35548.0653,9483.5000
TRIAL_SERIES:single,38000,3,28,38461.0000,111712.9917,112878.0000
TRIAL_SERIES:single,38000,3,29,38459.0000,217875.6810,222395.0000
TRIAL_SERIES:single,38000,3,30,38466.0000,133396.7346,132223.5000
TRIAL_SERIES:single,38000,3,31,38462.0000,49726.6747,50666.0000
TRIAL_SERIES:single,38000,3,32,38461.0000,5808.3653,2952.0000
TRIAL_SERIES:single,38000,3,33,38461.0000,5548.7958,2721.0000
TRIAL_SERIES:single,38000,3,34,38462.0000,5260.1525,2239.0000
TRIAL_SERIES:single,38000,3,35,38462.0000,21173.4877,12091.0000
TRIAL_SERIES:single,38000,3,36,38461.0000,5802.4425,2420.0000
TRIAL_SERIES:single,38000,3,37,38458.0000,5847.2528,2508.0000
TRIAL_SERIES:single,38000,3,38,38455.0000,74328.4085,77659.0000
TRIAL_SERIES:single,38000,3,39,38472.0000,17727.1814,11824.0000
TRIAL_SERIES:single,38000,3,40,38461.0000,5847.3609,2643.0000
TRIAL_SERIES:single,38000,3,41,38461.0000,5619.5084,2308.0000
TRIAL_SERIES:single,38000,3,42,38462.0000,5478.4915,2548.5000
TRIAL_SERIES:single,38000,3,43,38462.0000,5428.1245,2428.0000
TRIAL_SERIES:single,38000,3,44,38461.0000,5268.8712,2202.0000
TRIAL_SERIES:single,38000,3,45,38462.0000,5412.8000,2177.0000
TRIAL_SERIES:single,38000,3,46,38462.0000,5664.1408,2284.0000
TRIAL_SERIES:single,38000,3,47,38461.0000,5269.2646,2189.0000
TRIAL_SERIES:single,38000,3,48,38461.0000,5483.2819,2445.0000
TRIAL_SERIES:single,38000,3,49,38462.0000,6940.7498,2927.0000
TRIAL_SERIES:single,38000,3,50,38462.0000,5185.4355,2125.0000
TRIAL_SERIES:single,38000,3,51,38462.0000,5306.7148,2344.0000
TRIAL_SERIES:single,38000,3,52,38460.0000,5334.3786,2369.0000
TRIAL_SERIES:single,38000,3,53,38462.0000,5400.4937,2375.0000
TRIAL_SERIES:single,38000,3,54,38462.0000,5369.3516,2348.0000
TRIAL_SERIES:single,38000,3,55,38461.0000,5647.6877,2419.0000
TRIAL_SERIES:single,38000,3,56,38462.0000,5560.1398,2414.0000
TRIAL_SERIES:single,38000,3,57,38462.0000,5623.9837,2550.0000
TRIAL_SERIES:single,38000,3,58,38461.0000,5339.1130,2277.0000
TRIAL_SERIES:single,38000,3,59,38461.0000,7022.6331,2614.0000
TRIAL_SERIES:single,38000,3,60,38444.0000,50914.9257,63931.0000
TRIAL_SERIES:single,38000,3,61,0.0000,0.0000,0.0000
TRIAL_RESULT:single,38000,3,38461.2333,6608.0000,25955.8934,6608.0000,214372.0000
[2026-02-28 19:18:10] Benchmark run: phase=single step=5ms target=38000 duration=60s trial=4 attempt=1
TRIAL_SERIES:single,38000,4,1,38462.0000,81075.7524,85976.5000
TRIAL_SERIES:single,38000,4,2,38456.0000,129996.7447,129990.0000
TRIAL_SERIES:single,38000,4,3,38467.0000,104216.8887,109406.0000
TRIAL_SERIES:single,38000,4,4,38460.0000,16216.8881,11664.0000
TRIAL_SERIES:single,38000,4,5,38462.0000,5469.5318,2162.0000
TRIAL_SERIES:single,38000,4,6,38461.0000,5838.2211,2475.0000
TRIAL_SERIES:single,38000,4,7,38463.0000,7571.9509,6194.0000
TRIAL_SERIES:single,38000,4,8,38459.0000,60733.1386,11678.0000
TRIAL_SERIES:single,38000,4,9,38464.0000,106116.9444,105638.5000
TRIAL_SERIES:single,38000,4,10,38460.0000,24311.1483,19213.5000
TRIAL_SERIES:single,38000,4,11,38463.0000,7300.8217,3788.0000
TRIAL_SERIES:single,38000,4,12,38461.0000,5306.8458,2252.0000
TRIAL_SERIES:single,38000,4,13,38462.0000,5316.0834,2256.0000
TRIAL_SERIES:single,38000,4,14,38461.0000,5254.7529,2227.0000
TRIAL_SERIES:single,38000,4,15,38462.0000,5349.8137,2324.5000
TRIAL_SERIES:single,38000,4,16,38461.0000,5581.0445,2449.0000
TRIAL_SERIES:single,38000,4,17,38462.0000,6647.6507,4064.5000
TRIAL_SERIES:single,38000,4,18,38461.0000,5327.9749,2396.0000
TRIAL_SERIES:single,38000,4,19,38462.0000,6336.3546,2488.0000
TRIAL_SERIES:single,38000,4,20,38462.0000,5229.3826,2202.0000
TRIAL_SERIES:single,38000,4,21,38460.0000,8354.0994,3443.5000
TRIAL_SERIES:single,38000,4,22,38458.0000,6178.2449,2452.0000
TRIAL_SERIES:single,38000,4,23,38466.0000,5208.2714,2184.0000
TRIAL_SERIES:single,38000,4,24,38461.0000,5145.1515,2062.0000
TRIAL_SERIES:single,38000,4,25,38462.0000,5259.5888,2213.0000
TRIAL_SERIES:single,38000,4,26,38462.0000,9693.5914,5624.0000
TRIAL_SERIES:single,38000,4,27,38460.0000,155727.5907,253136.0000
TRIAL_SERIES:single,38000,4,28,38463.0000,316925.9421,333153.0000
TRIAL_SERIES:single,38000,4,29,38461.0000,355815.1566,358692.0000
TRIAL_SERIES:single,38000,4,30,38462.0000,276694.0754,277220.0000
TRIAL_SERIES:single,38000,4,31,38460.0000,196935.0628,196418.0000
TRIAL_SERIES:single,38000,4,32,38462.0000,123304.0317,125936.5000
TRIAL_SERIES:single,38000,4,33,38463.0000,51806.6935,53260.0000
TRIAL_SERIES:single,38000,4,34,38461.0000,6609.6858,3247.0000
TRIAL_SERIES:single,38000,4,35,38462.0000,6400.2115,3783.0000
TRIAL_SERIES:single,38000,4,36,38461.0000,5467.2123,2602.0000
TRIAL_SERIES:single,38000,4,37,38462.0000,7087.3647,3815.5000
TRIAL_SERIES:single,38000,4,38,38462.0000,7047.1056,3419.0000
TRIAL_SERIES:single,38000,4,39,38460.0000,5519.1055,2718.0000
TRIAL_SERIES:single,38000,4,40,38461.0000,5989.9073,3081.0000
TRIAL_SERIES:single,38000,4,41,38462.0000,5618.2457,2731.0000
TRIAL_SERIES:single,38000,4,42,38463.0000,5573.8894,2813.0000
TRIAL_SERIES:single,38000,4,43,38460.0000,52431.6437,56621.0000
TRIAL_SERIES:single,38000,4,44,38462.0000,48836.4137,48737.5000
TRIAL_SERIES:single,38000,4,45,38462.0000,6770.5273,4244.0000
TRIAL_SERIES:single,38000,4,46,38462.0000,6249.6786,3319.5000
TRIAL_SERIES:single,38000,4,47,38460.0000,6267.2762,3837.5000
TRIAL_SERIES:single,38000,4,48,38463.0000,5550.8697,2698.0000
TRIAL_SERIES:single,38000,4,49,38461.0000,6098.8552,2693.0000
TRIAL_SERIES:single,38000,4,50,38462.0000,5989.9766,3225.0000
TRIAL_SERIES:single,38000,4,51,38430.0000,10935.7697,3165.5000
TRIAL_SERIES:single,38000,4,52,38492.0000,113897.3231,111623.0000
TRIAL_SERIES:single,38000,4,53,38462.0000,48011.4928,45596.0000
TRIAL_SERIES:single,38000,4,54,38459.0000,7253.0617,5370.0000
TRIAL_SERIES:single,38000,4,55,38465.0000,6021.7002,3632.0000
TRIAL_SERIES:single,38000,4,56,38461.0000,8158.9356,6653.0000
TRIAL_SERIES:single,38000,4,57,38461.0000,7288.8528,3826.0000
TRIAL_SERIES:single,38000,4,58,38461.0000,5622.0100,2825.0000
TRIAL_SERIES:single,38000,4,59,38463.0000,7473.0715,4183.0000
TRIAL_SERIES:single,38000,4,60,38462.0000,6074.7021,3510.0000
TRIAL_SERIES:single,38000,4,61,20.0000,4855.1500,1689.5000
TRIAL_RESULT:single,38000,4,37831.3607,11253.0000,42175.8180,11253.0000,364730.0000
[2026-02-28 19:20:35] Benchmark run: phase=single step=5ms target=38000 duration=60s trial=5 attempt=1
TRIAL_SERIES:single,38000,5,1,38461.0000,142670.9569,148825.0000
TRIAL_SERIES:single,38000,5,2,38462.0000,290578.1114,300366.5000
TRIAL_SERIES:single,38000,5,3,38461.0000,247024.4925,244870.0000
TRIAL_SERIES:single,38000,5,4,38460.0000,141715.4804,145628.5000
TRIAL_SERIES:single,38000,5,5,38464.0000,51995.3171,49068.5000
TRIAL_SERIES:single,38000,5,6,38461.0000,10336.6948,11067.0000
TRIAL_SERIES:single,38000,5,7,38461.0000,5856.6019,2433.0000
TRIAL_SERIES:single,38000,5,8,38461.0000,5154.5519,2148.0000
TRIAL_SERIES:single,38000,5,9,38462.0000,7457.4479,4174.5000
TRIAL_SERIES:single,38000,5,10,38462.0000,5363.9891,2550.0000
TRIAL_SERIES:single,38000,5,11,38461.0000,6382.1728,2676.0000
TRIAL_SERIES:single,38000,5,12,38462.0000,5149.1014,2165.0000
TRIAL_SERIES:single,38000,5,13,38460.0000,91567.3972,122363.5000
TRIAL_SERIES:single,38000,5,14,38464.0000,56332.5278,57531.0000
TRIAL_SERIES:single,38000,5,15,38460.0000,5434.2121,2415.0000
TRIAL_SERIES:single,38000,5,16,38462.0000,5533.4627,2347.0000
TRIAL_SERIES:single,38000,5,17,38463.0000,6250.4948,3102.0000
TRIAL_SERIES:single,38000,5,18,38460.0000,5316.3078,2452.0000
TRIAL_SERIES:single,38000,5,19,38460.0000,77842.8714,79238.5000
TRIAL_SERIES:single,38000,5,20,38464.0000,6915.1572,3009.0000
TRIAL_SERIES:single,38000,5,21,38462.0000,5503.8543,2652.0000
TRIAL_SERIES:single,38000,5,22,38461.0000,5446.3124,2642.0000
TRIAL_SERIES:single,38000,5,23,38462.0000,5681.2066,2892.0000
TRIAL_SERIES:single,38000,5,24,38457.0000,6100.5389,3183.0000
TRIAL_SERIES:single,38000,5,25,38465.0000,18879.0209,13335.0000
TRIAL_SERIES:single,38000,5,26,38462.0000,5959.4412,2891.0000
TRIAL_SERIES:single,38000,5,27,38453.0000,6437.9505,3122.0000
TRIAL_SERIES:single,38000,5,28,38470.0000,5494.4040,2787.0000
TRIAL_SERIES:single,38000,5,29,38461.0000,79172.7105,128888.0000
TRIAL_SERIES:single,38000,5,30,38462.0000,102816.9627,103549.0000
TRIAL_SERIES:single,38000,5,31,38461.0000,36510.8931,36797.0000
TRIAL_SERIES:single,38000,5,32,38462.0000,6286.4046,3413.0000
TRIAL_SERIES:single,38000,5,33,38461.0000,5978.2662,3463.0000
TRIAL_SERIES:single,38000,5,34,38453.0000,5523.1674,2654.0000
TRIAL_SERIES:single,38000,5,35,38470.0000,5929.2243,3387.0000
TRIAL_SERIES:single,38000,5,36,38463.0000,5775.3646,2618.0000
TRIAL_SERIES:single,38000,5,37,38461.0000,5637.5529,2804.0000
TRIAL_SERIES:single,38000,5,38,38438.0000,62622.7522,11452.0000
TRIAL_SERIES:single,38000,5,39,38483.0000,118507.5352,117315.0000
TRIAL_SERIES:single,38000,5,40,38435.0000,42360.8733,45335.0000
TRIAL_SERIES:single,38000,5,41,38490.0000,12556.4357,11338.0000
TRIAL_SERIES:single,38000,5,42,38461.0000,5429.9116,2681.0000
TRIAL_SERIES:single,38000,5,43,38462.0000,5491.3478,2768.5000
TRIAL_SERIES:single,38000,5,44,38462.0000,5511.8800,2761.0000
TRIAL_SERIES:single,38000,5,45,38455.0000,5827.8751,3212.0000
TRIAL_SERIES:single,38000,5,46,38467.0000,5473.4615,2306.0000
TRIAL_SERIES:single,38000,5,47,38460.0000,26695.1136,10668.5000
TRIAL_SERIES:single,38000,5,48,38464.0000,37410.8370,31832.5000
TRIAL_SERIES:single,38000,5,49,38461.0000,5410.1337,2356.0000
TRIAL_SERIES:single,38000,5,50,38462.0000,5078.0660,1922.0000
TRIAL_SERIES:single,38000,5,51,38461.0000,5008.3952,1859.0000
TRIAL_SERIES:single,38000,5,52,38462.0000,4996.9616,1862.5000
TRIAL_SERIES:single,38000,5,53,38456.0000,5174.0164,1933.0000
TRIAL_SERIES:single,38000,5,54,38467.0000,5115.4732,1893.0000
TRIAL_SERIES:single,38000,5,55,38461.0000,5127.4775,1964.0000
TRIAL_SERIES:single,38000,5,56,38463.0000,5359.0793,1901.0000
TRIAL_SERIES:single,38000,5,57,38458.0000,5584.5729,2012.0000
TRIAL_SERIES:single,38000,5,58,38463.0000,5076.7414,1941.0000
TRIAL_SERIES:single,38000,5,59,38463.0000,6049.8936,2067.0000
TRIAL_SERIES:single,38000,5,60,38461.0000,4969.6854,1805.0000
TRIAL_SERIES:single,38000,5,61,8.0000,4575.7500,2362.0000
TRIAL_RESULT:single,38000,5,37831.1475,10622.5000,31314.1028,10622.5000,297933.0000
[2026-02-28 19:23:00] Eval 1 result: target=38000 avg_thr=38083.2873 median_lat_us=11253.0000 mean_lat_us=2916096.3198 p99_lat_us=3684459.6000 pass=true status=ok
[2026-02-28 19:23:00] Single-target complete: slowdown_type=latency step=5ms target=38000 observed_throughput=38083.2873 observed_latency_us=11253.0000
RESULTS:38083.2873,11253.0000
RESULTS_EXT:38083.2873,11253.0000,2916096.3198,11253.0000,3684459.6000
[2026-02-28 19:23:03] Completed step 5ms: observed_thr=38083.2873, mean_lat_us=2916096.3198, median_lat_us=11253.0000, p99_lat_us=3684459.6000
[2026-02-28 19:23:03] Built slowdown-profile plots: /home/egp1042/Documents/CodingProjects/unh-bench-scripts/out/max_latency_target_25/network_latency_slowdown_profile_throughput.png, /home/egp1042/Documents/CodingProjects/unh-bench-scripts/out/max_latency_target_25/network_latency_slowdown_profile_latency.png
[2026-02-28 19:23:03] Done. Summary: /home/egp1042/Documents/CodingProjects/unh-bench-scripts/out/max_latency_target_25/network_latency_slowdown_profile.csv; trials: /home/egp1042/Documents/CodingProjects/unh-bench-scripts/out/max_latency_target_25/network_latency_slowdown_profile_trials.csv
