[2026-02-25 04:47:40] Starting step 1ms for latency target 25ms
[2026-02-25 04:47:40] Restoring snapshot 'baseline' before step 1ms
[2026-02-25 04:47:40] Restoring snapshot 'baseline'
[2026-02-25 04:47:40] Tearing down Cassandra containers/volumes on: ccl1.cyber.lab ccl2.cyber.lab ccl3.cyber.lab
[2026-02-25 04:47:42] Cluster teardown complete
[2026-02-25 04:47:42] Restoring ccl1.cyber.lab:cassandra-data-1 from /tmp/cassandra-bench-snapshots/baseline/cassandra-data-1.tar.gz
[2026-02-25 04:47:42] Restoring ccl2.cyber.lab:cassandra-data-2 from /tmp/cassandra-bench-snapshots/baseline/cassandra-data-2.tar.gz
[2026-02-25 04:47:42] Restoring ccl3.cyber.lab:cassandra-data-3 from /tmp/cassandra-bench-snapshots/baseline/cassandra-data-3.tar.gz
[2026-02-25 04:47:46] Starting cassandra-node-1 on ccl1.cyber.lab (10.255.221.67) with seed 10.255.221.67
[2026-02-25 04:48:44] CQL ready on ccl1.cyber.lab (cassandra-node-1)
[2026-02-25 04:48:45] Node 10.255.221.67 on ccl1.cyber.lab is UN
[2026-02-25 04:48:45] Starting non-seed nodes serially for stable bootstrap
[2026-02-25 04:48:45] Starting cassandra-node-2 on ccl2.cyber.lab (10.255.93.19) with seed 10.255.221.67
[2026-02-25 04:49:05] CQL ready on ccl2.cyber.lab (cassandra-node-2)
[2026-02-25 04:49:06] Node 10.255.93.19 on ccl2.cyber.lab is UN
[2026-02-25 04:49:06] Starting cassandra-node-3 on ccl3.cyber.lab (10.255.91.7) with seed 10.255.221.67
[2026-02-25 04:49:27] CQL ready on ccl3.cyber.lab (cassandra-node-3)
[2026-02-25 04:49:28] Node 10.255.91.7 on ccl3.cyber.lab is UN
[2026-02-25 04:49:30] Schema available on all nodes
[2026-02-25 04:49:30] Snapshot 'baseline' restore complete
[2026-02-25 04:49:30] Running mode=search, slowdown_type=latency, step=1ms, client_type=hybrid
[2026-02-25 04:49:32] Warming up cluster with 5 lightweight CQL probe(s) per node
[2026-02-25 04:49:42] Applying latency limit on ccl1.cyber.lab (cassandra-node-1): 1ms via ens18
[2026-02-25 04:49:46] Max-throughput binary search: step=1ms latency_target_ms=25 (latency_target_us=25000.0000) bounds=[2000,512000]
[2026-02-25 04:49:46] Eval 1: phase=find target=32000 trials=3 duration=15s
[2026-02-25 04:49:46] Benchmark run: phase=find step=1ms target=32000 duration=15s trial=1 attempt=1
[2026-02-25 04:50:30] Benchmark run: phase=find step=1ms target=32000 duration=15s trial=2 attempt=1
[2026-02-25 04:51:06] Benchmark run: phase=find step=1ms target=32000 duration=15s trial=3 attempt=1
[2026-02-25 04:51:41] Eval 1 result: target=32000 avg_thr=30914.4347 median_lat_us=10615.1184 pass=true status=ok
[2026-02-25 04:51:41] Eval 2: phase=find target=272000 trials=3 duration=15s
[2026-02-25 04:51:41] Benchmark run: phase=find step=1ms target=272000 duration=15s trial=1 attempt=1
[2026-02-25 04:53:16] Benchmark run: phase=find step=1ms target=272000 duration=15s trial=2 attempt=1
[2026-02-25 04:54:49] Benchmark run: phase=find step=1ms target=272000 duration=15s trial=3 attempt=1
[2026-02-25 04:56:16] Eval 2 result: target=272000 avg_thr=285714.2857 median_lat_us=19001201.0905 pass=false status=ok
[2026-02-25 04:56:16] Eval 3: phase=find target=152000 trials=3 duration=15s
[2026-02-25 04:56:16] Benchmark run: phase=find step=1ms target=152000 duration=15s trial=1 attempt=1
[2026-02-25 04:57:47] Benchmark run: phase=find step=1ms target=152000 duration=15s trial=2 attempt=1
[2026-02-25 04:59:15] Benchmark run: phase=find step=1ms target=152000 duration=15s trial=3 attempt=1
[2026-02-25 05:00:48] Eval 3 result: target=152000 avg_thr=153846.1538 median_lat_us=14907876.9865 pass=false status=ok
[2026-02-25 05:00:48] Eval 4: phase=find target=92000 trials=3 duration=15s
[2026-02-25 05:00:48] Benchmark run: phase=find step=1ms target=92000 duration=15s trial=1 attempt=1
[2026-02-25 05:02:02] Benchmark run: phase=find step=1ms target=92000 duration=15s trial=2 attempt=1
[2026-02-25 05:03:15] Benchmark run: phase=find step=1ms target=92000 duration=15s trial=3 attempt=1
[2026-02-25 05:04:37] Eval 4 result: target=92000 avg_thr=95833.6111 median_lat_us=10335978.4627 pass=false status=ok
[2026-02-25 05:04:37] Eval 5: phase=find target=62000 trials=3 duration=15s
[2026-02-25 05:04:37] Benchmark run: phase=find step=1ms target=62000 duration=15s trial=1 attempt=1
[2026-02-25 05:05:28] Benchmark run: phase=find step=1ms target=62000 duration=15s trial=2 attempt=1
[2026-02-25 05:06:19] Benchmark run: phase=find step=1ms target=62000 duration=15s trial=3 attempt=1
[2026-02-25 05:07:10] Eval 5 result: target=62000 avg_thr=61197.2611 median_lat_us=2580444.3044 pass=false status=ok
[2026-02-25 05:07:10] Eval 6: phase=find target=47000 trials=3 duration=15s
[2026-02-25 05:07:10] Benchmark run: phase=find step=1ms target=47000 duration=15s trial=1 attempt=1
[2026-02-25 05:07:51] Benchmark run: phase=find step=1ms target=47000 duration=15s trial=2 attempt=1
[2026-02-25 05:08:32] Benchmark run: phase=find step=1ms target=47000 duration=15s trial=3 attempt=1
[2026-02-25 05:09:15] Eval 6 result: target=47000 avg_thr=46626.6861 median_lat_us=156496.0149 pass=false status=ok
[2026-02-25 05:09:15] Eval 7: phase=find target=39500 trials=3 duration=15s
[2026-02-25 05:09:15] Benchmark run: phase=find step=1ms target=39500 duration=15s trial=1 attempt=1
[2026-02-25 05:09:53] Benchmark run: phase=find step=1ms target=39500 duration=15s trial=2 attempt=1
[2026-02-25 05:10:30] Benchmark run: phase=find step=1ms target=39500 duration=15s trial=3 attempt=1
[2026-02-25 05:11:08] Eval 7 result: target=39500 avg_thr=38333.9681 median_lat_us=14117.6262 pass=true status=ok
[2026-02-25 05:11:08] Eval 8: phase=find target=43000 trials=3 duration=15s
[2026-02-25 05:11:08] Benchmark run: phase=find step=1ms target=43000 duration=15s trial=1 attempt=1
[2026-02-25 05:11:48] Benchmark run: phase=find step=1ms target=43000 duration=15s trial=2 attempt=1
[2026-02-25 05:12:29] Benchmark run: phase=find step=1ms target=43000 duration=15s trial=3 attempt=1
[2026-02-25 05:13:09] Eval 8 result: target=43000 avg_thr=42571.7347 median_lat_us=17001.6636 pass=true status=ok
[2026-02-25 05:13:09] Eval 9: phase=find target=45000 trials=3 duration=15s
[2026-02-25 05:13:09] Benchmark run: phase=find step=1ms target=45000 duration=15s trial=1 attempt=1
[2026-02-25 05:13:51] Benchmark run: phase=find step=1ms target=45000 duration=15s trial=2 attempt=1
[2026-02-25 05:14:32] Benchmark run: phase=find step=1ms target=45000 duration=15s trial=3 attempt=1
[2026-02-25 05:15:12] Eval 9 result: target=45000 avg_thr=43560.5000 median_lat_us=335844.6202 pass=false status=ok
[2026-02-25 05:15:12] Eval 10: phase=find target=44000 trials=3 duration=15s
[2026-02-25 05:15:12] Benchmark run: phase=find step=1ms target=44000 duration=15s trial=1 attempt=1
[2026-02-25 05:15:52] Benchmark run: phase=find step=1ms target=44000 duration=15s trial=2 attempt=1
[2026-02-25 05:16:33] Benchmark run: phase=find step=1ms target=44000 duration=15s trial=3 attempt=1
[2026-02-25 05:17:13] Eval 10 result: target=44000 avg_thr=44506.4583 median_lat_us=151801.4061 pass=false status=ok
[2026-02-25 05:17:13] Eval 11: phase=find target=43500 trials=3 duration=15s
[2026-02-25 05:17:13] Benchmark run: phase=find step=1ms target=43500 duration=15s trial=1 attempt=1
[2026-02-25 05:17:54] Benchmark run: phase=find step=1ms target=43500 duration=15s trial=2 attempt=1
[2026-02-25 05:18:35] Benchmark run: phase=find step=1ms target=43500 duration=15s trial=3 attempt=1
[2026-02-25 05:19:15] Eval 11 result: target=43500 avg_thr=43561.0236 median_lat_us=74539.9798 pass=false status=ok
[2026-02-25 05:19:15] Refining search upward: best_median_latency_us=17001.6636 is farther than 250us from target
[2026-02-25 05:19:15] Validating candidate throughput=43000 with 3 trial(s)
[2026-02-25 05:19:15] Eval 12: phase=validate target=43000 trials=3 duration=90s
[2026-02-25 05:19:15] Benchmark run: phase=validate step=1ms target=43000 duration=90s trial=1 attempt=1
[2026-02-25 05:20:47] Benchmark run: phase=validate step=1ms target=43000 duration=90s trial=2 attempt=1
[2026-02-25 05:22:17] Benchmark run: phase=validate step=1ms target=43000 duration=90s trial=3 attempt=1
[2026-02-25 05:23:48] Eval 12 result: target=43000 avg_thr=42553.1986 median_lat_us=15297.8062 pass=true status=ok
[2026-02-25 05:23:48] Validated median latency is still far below target, probing higher targets (max 6)
[2026-02-25 05:23:48] Eval 13: phase=validate_climb target=43500 trials=3 duration=90s
[2026-02-25 05:23:48] Benchmark run: phase=validate_climb step=1ms target=43500 duration=90s trial=1 attempt=1
[2026-02-25 05:25:21] Benchmark run: phase=validate_climb step=1ms target=43500 duration=90s trial=2 attempt=1
[2026-02-25 05:26:51] Benchmark run: phase=validate_climb step=1ms target=43500 duration=90s trial=3 attempt=1
[2026-02-25 05:28:26] Eval 13 result: target=43500 avg_thr=44444.4518 median_lat_us=2026270.9395 pass=false status=ok
[2026-02-25 05:28:26] Search complete: slowdown_type=latency step=1ms max_target=43000 observed_throughput=42553.1986 observed_latency_us=15297.8062 validated=true
MAX_RESULT:43000,42553.1986,15297.8062,true
RESULTS:42553.1986,15297.8062
[2026-02-25 05:28:28] Completed step 1ms: max_target=43000, observed_thr=42553.1986, observed_lat_us=15297.8062, validated=true
