[2026-02-25 13:40:34] Starting step 50Mbps for latency target 25ms
[2026-02-25 13:40:34] Restoring snapshot 'baseline' before step 50Mbps
[2026-02-25 13:40:34] Restoring snapshot 'baseline'
[2026-02-25 13:40:34] Tearing down Cassandra containers/volumes on: ccl1.cyber.lab ccl2.cyber.lab ccl3.cyber.lab
[2026-02-25 13:40:36] Cluster teardown complete
[2026-02-25 13:40:36] Restoring ccl1.cyber.lab:cassandra-data-1 from /tmp/cassandra-bench-snapshots/baseline/cassandra-data-1.tar.gz
[2026-02-25 13:40:36] Restoring ccl2.cyber.lab:cassandra-data-2 from /tmp/cassandra-bench-snapshots/baseline/cassandra-data-2.tar.gz
[2026-02-25 13:40:36] Restoring ccl3.cyber.lab:cassandra-data-3 from /tmp/cassandra-bench-snapshots/baseline/cassandra-data-3.tar.gz
[2026-02-25 13:40:39] Starting cassandra-node-1 on ccl1.cyber.lab (10.255.221.67) with seed 10.255.221.67
[2026-02-25 13:41:40] CQL ready on ccl1.cyber.lab (cassandra-node-1)
[2026-02-25 13:41:41] Node 10.255.221.67 on ccl1.cyber.lab is UN
[2026-02-25 13:41:41] Starting non-seed nodes serially for stable bootstrap
[2026-02-25 13:41:41] Starting cassandra-node-2 on ccl2.cyber.lab (10.255.93.19) with seed 10.255.221.67
[2026-02-25 13:42:02] CQL ready on ccl2.cyber.lab (cassandra-node-2)
[2026-02-25 13:42:03] Node 10.255.93.19 on ccl2.cyber.lab is UN
[2026-02-25 13:42:03] Starting cassandra-node-3 on ccl3.cyber.lab (10.255.91.7) with seed 10.255.221.67
[2026-02-25 13:42:24] CQL ready on ccl3.cyber.lab (cassandra-node-3)
[2026-02-25 13:42:25] Node 10.255.91.7 on ccl3.cyber.lab is UN
[2026-02-25 13:42:27] Schema available on all nodes
[2026-02-25 13:42:27] Snapshot 'baseline' restore complete
[2026-02-25 13:42:27] Running mode=search, slowdown_type=network, step=50, client_type=hybrid
[2026-02-25 13:42:29] Warming up cluster with 5 lightweight CQL probe(s) per node
[2026-02-25 13:42:39] Applying bandwidth limit on ccl1.cyber.lab (cassandra-node-1): 50mbit egress+ingress via ens18/ifbccl1
Warning: sch_htb: quantum of class 10010 is big. Consider r2q change.
Warning: sch_htb: quantum of class 20010 is big. Consider r2q change.
[2026-02-25 13:42:40] Applying bandwidth limit on ccl2.cyber.lab (cassandra-node-2): 10000mbit egress+ingress via ens18/ifbccl2
Warning: sch_htb: quantum of class 10010 is big. Consider r2q change.
Warning: sch_htb: quantum of class 20010 is big. Consider r2q change.
[2026-02-25 13:42:41] Applying bandwidth limit on ccl3.cyber.lab (cassandra-node-3): 10000mbit egress+ingress via ens18/ifbccl3
Warning: sch_htb: quantum of class 10010 is big. Consider r2q change.
Warning: sch_htb: quantum of class 20010 is big. Consider r2q change.
[2026-02-25 13:42:43] Max-throughput binary search: step=50 latency_target_ms=25 (latency_target_us=25000.0000) bounds=[2000,512000]
[2026-02-25 13:42:43] Eval 1: phase=find target=32000 trials=3 duration=30s
[2026-02-25 13:42:43] Benchmark run: phase=find step=50 target=32000 duration=30s trial=1 attempt=1
[2026-02-25 13:44:59] Benchmark run: phase=find step=50 target=32000 duration=30s trial=2 attempt=1
[2026-02-25 13:47:15] Benchmark run: phase=find step=50 target=32000 duration=30s trial=3 attempt=1
[2026-02-25 13:49:31] Eval 1 result: target=32000 avg_thr=31564.2530 median_lat_us=26044713.4818 pass=false status=ok
[2026-02-25 13:49:31] Eval 2: phase=find target=16500 trials=3 duration=30s
[2026-02-25 13:49:31] Benchmark run: phase=find step=50 target=16500 duration=30s trial=1 attempt=1
[2026-02-25 13:51:00] Benchmark run: phase=find step=50 target=16500 duration=30s trial=2 attempt=1
[2026-02-25 13:52:30] Benchmark run: phase=find step=50 target=16500 duration=30s trial=3 attempt=1
[2026-02-25 13:54:02] Eval 2 result: target=16500 avg_thr=16308.2595 median_lat_us=6500401.7892 pass=false status=ok
[2026-02-25 13:54:02] Eval 3: phase=find target=9000 trials=3 duration=30s
[2026-02-25 13:54:02] Benchmark run: phase=find step=50 target=9000 duration=30s trial=1 attempt=1
[2026-02-25 13:55:24] Benchmark run: phase=find step=50 target=9000 duration=30s trial=2 attempt=1
[2026-02-25 13:56:42] Benchmark run: phase=find step=50 target=9000 duration=30s trial=3 attempt=1
[2026-02-25 13:57:55] Eval 3 result: target=9000 avg_thr=8911.9624 median_lat_us=2355.8437 pass=true status=ok
[2026-02-25 13:57:55] Eval 4: phase=find target=12500 trials=3 duration=30s
[2026-02-25 13:57:55] Benchmark run: phase=find step=50 target=12500 duration=30s trial=1 attempt=1
[2026-02-25 13:59:12] Benchmark run: phase=find step=50 target=12500 duration=30s trial=2 attempt=1
[2026-02-25 14:00:29] Benchmark run: phase=find step=50 target=12500 duration=30s trial=3 attempt=1
[2026-02-25 14:01:45] Eval 4 result: target=12500 avg_thr=12097.0323 median_lat_us=984887.0885 pass=false status=ok
[2026-02-25 14:01:45] Eval 5: phase=find target=10500 trials=3 duration=30s
[2026-02-25 14:01:45] Benchmark run: phase=find step=50 target=10500 duration=30s trial=1 attempt=1
[2026-02-25 14:02:59] Benchmark run: phase=find step=50 target=10500 duration=30s trial=2 attempt=1
[2026-02-25 14:04:17] Benchmark run: phase=find step=50 target=10500 duration=30s trial=3 attempt=1
[2026-02-25 14:05:31] Eval 5 result: target=10500 avg_thr=10526.1556 median_lat_us=3939.3179 pass=true status=ok
[2026-02-25 14:05:31] Eval 6: phase=find target=11500 trials=3 duration=30s
[2026-02-25 14:05:31] Benchmark run: phase=find step=50 target=11500 duration=30s trial=1 attempt=1
[2026-02-25 14:06:46] Benchmark run: phase=find step=50 target=11500 duration=30s trial=2 attempt=1
[2026-02-25 14:08:02] Benchmark run: phase=find step=50 target=11500 duration=30s trial=3 attempt=1
[2026-02-25 14:09:17] Eval 6 result: target=11500 avg_thr=11502.8118 median_lat_us=348071.8065 pass=false status=ok
[2026-02-25 14:09:17] Eval 7: phase=find target=11000 trials=3 duration=30s
[2026-02-25 14:09:17] Benchmark run: phase=find step=50 target=11000 duration=30s trial=1 attempt=1
[2026-02-25 14:10:35] Benchmark run: phase=find step=50 target=11000 duration=30s trial=2 attempt=1
[2026-02-25 14:11:52] Benchmark run: phase=find step=50 target=11000 duration=30s trial=3 attempt=1
[2026-02-25 14:13:07] Eval 7 result: target=11000 avg_thr=10872.1394 median_lat_us=10605.0352 pass=true status=ok
[2026-02-25 14:13:07] Refining search upward: best_median_latency_us=10605.0352 is farther than 250us from target
[2026-02-25 14:13:07] Validating candidate throughput=11000 with 5 trial(s)
[2026-02-25 14:13:07] Eval 8: phase=validate target=11000 trials=5 duration=90s
[2026-02-25 14:13:07] Benchmark run: phase=validate step=50 target=11000 duration=90s trial=1 attempt=1
[2026-02-25 14:15:34] Benchmark run: phase=validate step=50 target=11000 duration=90s trial=2 attempt=1
[2026-02-25 14:17:58] Benchmark run: phase=validate step=50 target=11000 duration=90s trial=3 attempt=1
[2026-02-25 14:20:25] Benchmark run: phase=validate step=50 target=11000 duration=90s trial=4 attempt=1
[2026-02-25 14:22:52] Benchmark run: phase=validate step=50 target=11000 duration=90s trial=5 attempt=1
[2026-02-25 14:25:18] Eval 8 result: target=11000 avg_thr=11037.8420 median_lat_us=15144.0805 pass=true status=ok
[2026-02-25 14:25:18] Validated median latency is still far below target, probing higher targets (max 6)
[2026-02-25 14:25:18] Eval 9: phase=validate_climb target=11500 trials=5 duration=90s
[2026-02-25 14:25:18] Benchmark run: phase=validate_climb step=50 target=11500 duration=90s trial=1 attempt=1
[2026-02-25 14:27:45] Benchmark run: phase=validate_climb step=50 target=11500 duration=90s trial=2 attempt=1
[2026-02-25 14:30:13] Benchmark run: phase=validate_climb step=50 target=11500 duration=90s trial=3 attempt=1
[2026-02-25 14:32:39] Benchmark run: phase=validate_climb step=50 target=11500 duration=90s trial=4 attempt=1
[2026-02-25 14:35:04] Benchmark run: phase=validate_climb step=50 target=11500 duration=90s trial=5 attempt=1
[2026-02-25 14:37:29] Eval 9 result: target=11500 avg_thr=11551.2346 median_lat_us=135720.7734 pass=false status=ok
[2026-02-25 14:37:29] Search complete: slowdown_type=network step=50 max_target=11000 observed_throughput=11037.8420 observed_latency_us=15144.0805 validated=true
MAX_RESULT:11000,11037.8420,15144.0805,true
RESULTS:11037.8420,15144.0805
[2026-02-25 14:37:31] Completed step 50Mbps: max_target=11000, observed_thr=11037.8420, observed_lat_us=15144.0805, validated=true
[2026-02-25 19:53:29] Starting step 50Mbps for latency target 25ms
[2026-02-25 19:53:29] Restoring snapshot 'baseline' before step 50Mbps
[2026-02-25 19:53:29] Restoring snapshot 'baseline'
[2026-02-25 19:53:29] Tearing down Cassandra containers/volumes on: ccl1.cyber.lab ccl2.cyber.lab ccl3.cyber.lab
[2026-02-25 19:53:31] Cluster teardown complete
[2026-02-25 19:53:31] Restoring ccl1.cyber.lab:cassandra-data-1 from /tmp/cassandra-bench-snapshots/baseline/cassandra-data-1.tar.gz
[2026-02-25 19:53:31] Restoring ccl2.cyber.lab:cassandra-data-2 from /tmp/cassandra-bench-snapshots/baseline/cassandra-data-2.tar.gz
[2026-02-25 19:53:31] Restoring ccl3.cyber.lab:cassandra-data-3 from /tmp/cassandra-bench-snapshots/baseline/cassandra-data-3.tar.gz
[2026-02-25 19:53:35] Starting cassandra-node-1 on ccl1.cyber.lab (10.255.221.67) with seed 10.255.221.67
[2026-02-25 19:54:36] CQL ready on ccl1.cyber.lab (cassandra-node-1)
[2026-02-25 19:54:37] Node 10.255.221.67 on ccl1.cyber.lab is UN
[2026-02-25 19:54:37] Starting non-seed nodes serially for stable bootstrap
[2026-02-25 19:54:37] Starting cassandra-node-2 on ccl2.cyber.lab (10.255.93.19) with seed 10.255.221.67
[2026-02-25 19:54:55] CQL ready on ccl2.cyber.lab (cassandra-node-2)
[2026-02-25 19:54:56] Node 10.255.93.19 on ccl2.cyber.lab is UN
[2026-02-25 19:54:56] Starting cassandra-node-3 on ccl3.cyber.lab (10.255.91.7) with seed 10.255.221.67
[2026-02-25 19:55:15] CQL ready on ccl3.cyber.lab (cassandra-node-3)
[2026-02-25 19:55:16] Node 10.255.91.7 on ccl3.cyber.lab is UN
[2026-02-25 19:55:17] Schema available on all nodes
[2026-02-25 19:55:17] Snapshot 'baseline' restore complete
[2026-02-25 19:55:17] Running mode=search, slowdown_type=network, step=50, client_type=hybrid
[2026-02-25 19:55:20] Warming up cluster with 5 lightweight CQL probe(s) per node
[2026-02-25 19:55:30] Applying bandwidth limit on ccl1.cyber.lab (cassandra-node-1): 50mbit egress+ingress via ens18/ifbccl1
Warning: sch_htb: quantum of class 10010 is big. Consider r2q change.
Warning: sch_htb: quantum of class 20010 is big. Consider r2q change.
[2026-02-25 19:55:31] Applying bandwidth limit on ccl2.cyber.lab (cassandra-node-2): 10000mbit egress+ingress via ens18/ifbccl2
Warning: sch_htb: quantum of class 10010 is big. Consider r2q change.
Warning: sch_htb: quantum of class 20010 is big. Consider r2q change.
[2026-02-25 19:55:32] Applying bandwidth limit on ccl3.cyber.lab (cassandra-node-3): 10000mbit egress+ingress via ens18/ifbccl3
Warning: sch_htb: quantum of class 10010 is big. Consider r2q change.
Warning: sch_htb: quantum of class 20010 is big. Consider r2q change.
[2026-02-25 19:55:34] Max-throughput binary search: step=50 latency_target_ms=25 (latency_target_us=25000.0000) bounds=[1,512000]
[2026-02-25 19:55:34] Eval 1: phase=find target=32000 trials=3 duration=30s
[2026-02-25 19:55:34] Benchmark run: phase=find step=50 target=32000 duration=30s trial=1 attempt=1
[2026-02-25 19:57:50] Benchmark run: phase=find step=50 target=32000 duration=30s trial=2 attempt=1
[2026-02-25 20:00:06] Benchmark run: phase=find step=50 target=32000 duration=30s trial=3 attempt=1
[2026-02-25 20:02:23] Eval 1 result: target=32000 avg_thr=31217.7849 median_lat_us=26406990.3474 pass=false status=ok
[2026-02-25 20:02:23] Eval 2: phase=find target=15500 trials=3 duration=30s
[2026-02-25 20:02:23] Benchmark run: phase=find step=50 target=15500 duration=30s trial=1 attempt=1
[2026-02-25 20:03:50] Benchmark run: phase=find step=50 target=15500 duration=30s trial=2 attempt=1
[2026-02-25 20:05:19] Benchmark run: phase=find step=50 target=15500 duration=30s trial=3 attempt=1
[2026-02-25 20:06:48] Eval 2 result: target=15500 avg_thr=15289.0957 median_lat_us=5208241.6278 pass=false status=ok
[2026-02-25 20:06:48] Eval 3: phase=find target=7500 trials=3 duration=30s
[2026-02-25 20:06:48] Benchmark run: phase=find step=50 target=7500 duration=30s trial=1 attempt=1
[2026-02-25 20:07:59] Benchmark run: phase=find step=50 target=7500 duration=30s trial=2 attempt=1
[2026-02-25 20:09:11] Benchmark run: phase=find step=50 target=7500 duration=30s trial=3 attempt=1
[2026-02-25 20:10:25] Eval 3 result: target=7500 avg_thr=7357.0939 median_lat_us=2633.0250 pass=true status=ok
[2026-02-25 20:10:25] Eval 4: phase=find target=11500 trials=3 duration=30s
[2026-02-25 20:10:25] Benchmark run: phase=find step=50 target=11500 duration=30s trial=1 attempt=1
[2026-02-25 20:11:40] Benchmark run: phase=find step=50 target=11500 duration=30s trial=2 attempt=1
[2026-02-25 20:12:57] Benchmark run: phase=find step=50 target=11500 duration=30s trial=3 attempt=1
[2026-02-25 20:14:13] Eval 4 result: target=11500 avg_thr=11377.8477 median_lat_us=109778.9902 pass=false status=ok
[2026-02-25 20:14:13] Eval 5: phase=find target=9500 trials=3 duration=30s
[2026-02-25 20:14:13] Benchmark run: phase=find step=50 target=9500 duration=30s trial=1 attempt=1
[2026-02-25 20:15:27] Benchmark run: phase=find step=50 target=9500 duration=30s trial=2 attempt=1
[2026-02-25 20:16:41] Benchmark run: phase=find step=50 target=9500 duration=30s trial=3 attempt=1
[2026-02-25 20:17:54] Eval 5 result: target=9500 avg_thr=9523.6889 median_lat_us=10330.8732 pass=true status=ok
[2026-02-25 20:17:54] Eval 6: phase=find target=10500 trials=3 duration=30s
[2026-02-25 20:17:54] Benchmark run: phase=find step=50 target=10500 duration=30s trial=1 attempt=1
[2026-02-25 20:19:10] Benchmark run: phase=find step=50 target=10500 duration=30s trial=2 attempt=1
[2026-02-25 20:20:26] Benchmark run: phase=find step=50 target=10500 duration=30s trial=3 attempt=1
[2026-02-25 20:21:40] Eval 6 result: target=10500 avg_thr=10300.0656 median_lat_us=15925.2959 pass=true status=ok
[2026-02-25 20:21:40] Eval 7: phase=find target=11000 trials=3 duration=30s
[2026-02-25 20:21:40] Benchmark run: phase=find step=50 target=11000 duration=30s trial=1 attempt=1
[2026-02-25 20:22:54] Benchmark run: phase=find step=50 target=11000 duration=30s trial=2 attempt=1
[2026-02-25 20:24:15] Benchmark run: phase=find step=50 target=11000 duration=30s trial=3 attempt=1
[2026-02-25 20:25:31] Eval 7 result: target=11000 avg_thr=10872.2688 median_lat_us=9603.9683 pass=true status=ok
[2026-02-25 20:25:31] Refining search upward: best_median_latency_us=9603.9683 is farther than 250us from target
[2026-02-25 20:25:31] Validating candidate throughput=11000 with 5 trial(s)
[2026-02-25 20:25:31] Eval 8: phase=validate target=11000 trials=5 duration=90s
[2026-02-25 20:25:31] Benchmark run: phase=validate step=50 target=11000 duration=90s trial=1 attempt=1
[2026-02-25 20:27:57] Benchmark run: phase=validate step=50 target=11000 duration=90s trial=2 attempt=1
[2026-02-25 20:30:24] Benchmark run: phase=validate step=50 target=11000 duration=90s trial=3 attempt=1
[2026-02-25 20:32:49] Benchmark run: phase=validate step=50 target=11000 duration=90s trial=4 attempt=1
[2026-02-25 20:35:17] Benchmark run: phase=validate step=50 target=11000 duration=90s trial=5 attempt=1
[2026-02-25 20:37:50] Eval 8 result: target=11000 avg_thr=11037.8684 median_lat_us=14854.7027 pass=true status=ok
[2026-02-25 20:37:50] Validated median latency is still far below target, probing higher targets (max 6)
[2026-02-25 20:37:50] Eval 9: phase=validate_climb target=11500 trials=5 duration=90s
[2026-02-25 20:37:50] Benchmark run: phase=validate_climb step=50 target=11500 duration=90s trial=1 attempt=1
[2026-02-25 20:40:17] Benchmark run: phase=validate_climb step=50 target=11500 duration=90s trial=2 attempt=1
[2026-02-25 20:42:45] Benchmark run: phase=validate_climb step=50 target=11500 duration=90s trial=3 attempt=1
[2026-02-25 20:45:13] Benchmark run: phase=validate_climb step=50 target=11500 duration=90s trial=4 attempt=1
[2026-02-25 20:47:41] Benchmark run: phase=validate_climb step=50 target=11500 duration=90s trial=5 attempt=1
[2026-02-25 20:50:07] Eval 9 result: target=11500 avg_thr=11576.8235 median_lat_us=108445.0344 pass=false status=ok
[2026-02-25 20:50:07] Search complete: slowdown_type=network step=50 max_target=11000 observed_throughput=11037.8684 observed_latency_us=14854.7027 validated=true
MAX_RESULT:11000,11037.8684,14854.7027,true
RESULTS:11037.8684,14854.7027
[2026-02-25 20:50:09] Completed step 50Mbps: max_target=11000, observed_thr=11037.8684, observed_lat_us=14854.7027, validated=true
